Archive member included because of file (symbol)

C:\software\electronica\ARM\EclipseARM\sourcery-g++-lite-arm-2011.03\arm-none-eabi\lib\libg.a(lib_a-vsprintf.o)
                              ./lcd.o (vsprintf)
C:\software\electronica\ARM\EclipseARM\sourcery-g++-lite-arm-2011.03\arm-none-eabi\lib\libg.a(lib_a-impure.o)
                              C:\software\electronica\ARM\EclipseARM\sourcery-g++-lite-arm-2011.03\arm-none-eabi\lib\libg.a(lib_a-vsprintf.o) (_impure_ptr)
C:\software\electronica\ARM\EclipseARM\sourcery-g++-lite-arm-2011.03\arm-none-eabi\lib\libg.a(lib_a-svfprintf.o)
                              C:\software\electronica\ARM\EclipseARM\sourcery-g++-lite-arm-2011.03\arm-none-eabi\lib\libg.a(lib_a-vsprintf.o) (_svfprintf_r)
C:\software\electronica\ARM\EclipseARM\sourcery-g++-lite-arm-2011.03\arm-none-eabi\lib\libg.a(lib_a-dtoa.o)
                              C:\software\electronica\ARM\EclipseARM\sourcery-g++-lite-arm-2011.03\arm-none-eabi\lib\libg.a(lib_a-svfprintf.o) (_dtoa_r)
C:\software\electronica\ARM\EclipseARM\sourcery-g++-lite-arm-2011.03\arm-none-eabi\lib\libg.a(lib_a-locale.o)
                              C:\software\electronica\ARM\EclipseARM\sourcery-g++-lite-arm-2011.03\arm-none-eabi\lib\libg.a(lib_a-svfprintf.o) (_localeconv_r)
C:\software\electronica\ARM\EclipseARM\sourcery-g++-lite-arm-2011.03\arm-none-eabi\lib\libg.a(lib_a-mallocr.o)
                              C:\software\electronica\ARM\EclipseARM\sourcery-g++-lite-arm-2011.03\arm-none-eabi\lib\libg.a(lib_a-svfprintf.o) (_malloc_r)
C:\software\electronica\ARM\EclipseARM\sourcery-g++-lite-arm-2011.03\arm-none-eabi\lib\libg.a(lib_a-memchr.o)
                              C:\software\electronica\ARM\EclipseARM\sourcery-g++-lite-arm-2011.03\arm-none-eabi\lib\libg.a(lib_a-svfprintf.o) (memchr)
C:\software\electronica\ARM\EclipseARM\sourcery-g++-lite-arm-2011.03\arm-none-eabi\lib\libg.a(lib_a-memcpy.o)
                              C:\software\electronica\ARM\EclipseARM\sourcery-g++-lite-arm-2011.03\arm-none-eabi\lib\libg.a(lib_a-dtoa.o) (memcpy)
C:\software\electronica\ARM\EclipseARM\sourcery-g++-lite-arm-2011.03\arm-none-eabi\lib\libg.a(lib_a-mlock.o)
                              C:\software\electronica\ARM\EclipseARM\sourcery-g++-lite-arm-2011.03\arm-none-eabi\lib\libg.a(lib_a-mallocr.o) (__malloc_lock)
C:\software\electronica\ARM\EclipseARM\sourcery-g++-lite-arm-2011.03\arm-none-eabi\lib\libg.a(lib_a-mprec.o)
                              C:\software\electronica\ARM\EclipseARM\sourcery-g++-lite-arm-2011.03\arm-none-eabi\lib\libg.a(lib_a-dtoa.o) (_Balloc)
C:\software\electronica\ARM\EclipseARM\sourcery-g++-lite-arm-2011.03\arm-none-eabi\lib\libg.a(lib_a-s_fpclassify.o)
                              C:\software\electronica\ARM\EclipseARM\sourcery-g++-lite-arm-2011.03\arm-none-eabi\lib\libg.a(lib_a-svfprintf.o) (__fpclassifyd)
C:\software\electronica\ARM\EclipseARM\sourcery-g++-lite-arm-2011.03\arm-none-eabi\lib\libg.a(lib_a-sbrkr.o)
                              C:\software\electronica\ARM\EclipseARM\sourcery-g++-lite-arm-2011.03\arm-none-eabi\lib\libg.a(lib_a-mallocr.o) (_sbrk_r)
C:\software\electronica\ARM\EclipseARM\sourcery-g++-lite-arm-2011.03\arm-none-eabi\lib\libg.a(lib_a-strcmp.o)
                              C:\software\electronica\ARM\EclipseARM\sourcery-g++-lite-arm-2011.03\arm-none-eabi\lib\libg.a(lib_a-locale.o) (strcmp)
C:\software\electronica\ARM\EclipseARM\sourcery-g++-lite-arm-2011.03\arm-none-eabi\lib\libg.a(lib_a-strlen.o)
                              C:\software\electronica\ARM\EclipseARM\sourcery-g++-lite-arm-2011.03\arm-none-eabi\lib\libg.a(lib_a-svfprintf.o) (strlen)
C:\software\electronica\ARM\EclipseARM\sourcery-g++-lite-arm-2011.03\arm-none-eabi\lib\libg.a(lib_a-svfiprintf.o)
                              C:\software\electronica\ARM\EclipseARM\sourcery-g++-lite-arm-2011.03\arm-none-eabi\lib\libg.a(lib_a-svfprintf.o) (__ssprint_r)
C:\software\electronica\ARM\EclipseARM\sourcery-g++-lite-arm-2011.03\arm-none-eabi\lib\libg.a(lib_a-callocr.o)
                              C:\software\electronica\ARM\EclipseARM\sourcery-g++-lite-arm-2011.03\arm-none-eabi\lib\libg.a(lib_a-mprec.o) (_calloc_r)
C:\software\electronica\ARM\EclipseARM\sourcery-g++-lite-arm-2011.03\arm-none-eabi\lib\libg.a(lib_a-freer.o)
                              C:\software\electronica\ARM\EclipseARM\sourcery-g++-lite-arm-2011.03\arm-none-eabi\lib\libg.a(lib_a-mallocr.o) (_free_r)
C:\software\electronica\ARM\EclipseARM\sourcery-g++-lite-arm-2011.03\arm-none-eabi\lib\libg.a(lib_a-memmove.o)
                              C:\software\electronica\ARM\EclipseARM\sourcery-g++-lite-arm-2011.03\arm-none-eabi\lib\libg.a(lib_a-svfiprintf.o) (memmove)
C:\software\electronica\ARM\EclipseARM\sourcery-g++-lite-arm-2011.03\arm-none-eabi\lib\libg.a(lib_a-memset.o)
                              C:\software\electronica\ARM\EclipseARM\sourcery-g++-lite-arm-2011.03\arm-none-eabi\lib\libg.a(lib_a-callocr.o) (memset)
C:\software\electronica\ARM\EclipseARM\sourcery-g++-lite-arm-2011.03\arm-none-eabi\lib\libg.a(lib_a-reallocr.o)
                              C:\software\electronica\ARM\EclipseARM\sourcery-g++-lite-arm-2011.03\arm-none-eabi\lib\libg.a(lib_a-svfiprintf.o) (_realloc_r)
C:\software\electronica\ARM\EclipseARM\sourcery-g++-lite-arm-2011.03\arm-none-eabi\lib\libg.a(lib_a-reent.o)
                              C:\software\electronica\ARM\EclipseARM\sourcery-g++-lite-arm-2011.03\arm-none-eabi\lib\libg.a(lib_a-sbrkr.o) (errno)
C:\software\electronica\ARM\EclipseARM\sourcery-g++-lite-arm-2011.03\lib\gcc\arm-none-eabi\4.5.2\libgcc.a(_udivsi3.o)
                              C:\software\electronica\ARM\EclipseARM\sourcery-g++-lite-arm-2011.03\arm-none-eabi\lib\libg.a(lib_a-dtoa.o) (__aeabi_uidiv)
C:\software\electronica\ARM\EclipseARM\sourcery-g++-lite-arm-2011.03\lib\gcc\arm-none-eabi\4.5.2\libgcc.a(_divsi3.o)
                              ./commonUart/44blib.o (__aeabi_idiv)
C:\software\electronica\ARM\EclipseARM\sourcery-g++-lite-arm-2011.03\lib\gcc\arm-none-eabi\4.5.2\libgcc.a(_dvmd_tls.o)
                              C:\software\electronica\ARM\EclipseARM\sourcery-g++-lite-arm-2011.03\lib\gcc\arm-none-eabi\4.5.2\libgcc.a(_udivsi3.o) (__aeabi_idiv0)
C:\software\electronica\ARM\EclipseARM\sourcery-g++-lite-arm-2011.03\lib\gcc\arm-none-eabi\4.5.2\libgcc.a(_arm_addsubdf3.o)
                              C:\software\electronica\ARM\EclipseARM\sourcery-g++-lite-arm-2011.03\arm-none-eabi\lib\libg.a(lib_a-dtoa.o) (__aeabi_dsub)
C:\software\electronica\ARM\EclipseARM\sourcery-g++-lite-arm-2011.03\lib\gcc\arm-none-eabi\4.5.2\libgcc.a(_arm_muldivdf3.o)
                              C:\software\electronica\ARM\EclipseARM\sourcery-g++-lite-arm-2011.03\arm-none-eabi\lib\libg.a(lib_a-dtoa.o) (__aeabi_dmul)
C:\software\electronica\ARM\EclipseARM\sourcery-g++-lite-arm-2011.03\lib\gcc\arm-none-eabi\4.5.2\libgcc.a(_arm_cmpdf2.o)
                              C:\software\electronica\ARM\EclipseARM\sourcery-g++-lite-arm-2011.03\arm-none-eabi\lib\libg.a(lib_a-svfprintf.o) (__aeabi_dcmpeq)
C:\software\electronica\ARM\EclipseARM\sourcery-g++-lite-arm-2011.03\lib\gcc\arm-none-eabi\4.5.2\libgcc.a(_arm_fixdfsi.o)
                              ./uart_int.o (__aeabi_d2iz)
C:\software\electronica\ARM\EclipseARM\sourcery-g++-lite-arm-2011.03\lib\gcc\arm-none-eabi\4.5.2\libgcc.a(_aeabi_uldivmod.o)
                              C:\software\electronica\ARM\EclipseARM\sourcery-g++-lite-arm-2011.03\arm-none-eabi\lib\libg.a(lib_a-svfprintf.o) (__aeabi_uldivmod)
C:\software\electronica\ARM\EclipseARM\sourcery-g++-lite-arm-2011.03\lib\gcc\arm-none-eabi\4.5.2\libgcc.a(bpabi.o)
                              C:\software\electronica\ARM\EclipseARM\sourcery-g++-lite-arm-2011.03\lib\gcc\arm-none-eabi\4.5.2\libgcc.a(_aeabi_uldivmod.o) (__gnu_uldivmod_helper)
C:\software\electronica\ARM\EclipseARM\sourcery-g++-lite-arm-2011.03\lib\gcc\arm-none-eabi\4.5.2\libgcc.a(_divdi3.o)
                              C:\software\electronica\ARM\EclipseARM\sourcery-g++-lite-arm-2011.03\lib\gcc\arm-none-eabi\4.5.2\libgcc.a(bpabi.o) (__divdi3)
C:\software\electronica\ARM\EclipseARM\sourcery-g++-lite-arm-2011.03\lib\gcc\arm-none-eabi\4.5.2\libgcc.a(_udivdi3.o)
                              C:\software\electronica\ARM\EclipseARM\sourcery-g++-lite-arm-2011.03\lib\gcc\arm-none-eabi\4.5.2\libgcc.a(bpabi.o) (__udivdi3)
C:\software\electronica\ARM\EclipseARM\sourcery-g++-lite-arm-2011.03\lib\gcc\arm-none-eabi\4.5.2\libgcc.a(_clzsi2.o)
                              C:\software\electronica\ARM\EclipseARM\sourcery-g++-lite-arm-2011.03\lib\gcc\arm-none-eabi\4.5.2\libgcc.a(_divdi3.o) (__clzsi2)
C:\software\electronica\ARM\EclipseARM\sourcery-g++-lite-arm-2011.03\arm-none-eabi\lib\libnosys.a(sbrk.o)
                              C:\software\electronica\ARM\EclipseARM\sourcery-g++-lite-arm-2011.03\arm-none-eabi\lib\libg.a(lib_a-sbrkr.o) (_sbrk)

Allocating common symbols
Common symbol       size              file

data1               0x1               ./uart_int.o
errno               0x4               C:\software\electronica\ARM\EclipseARM\sourcery-g++-lite-arm-2011.03\arm-none-eabi\lib\libg.a(lib_a-reent.o)
data2               0x1               ./uart_int.o
led_state           0x4               ./led.o
fileSize            0x4               ./commonUart/44blib.o
state               0x4               ./button.o
val2                0x4               ./button.o
key                 0x4               ./keyboard.o
which_int           0x4               ./button.o
str                 0x100             ./main.o
val1                0x4               ./button.o
downPt              0x4               ./commonUart/44blib.o
keyBufWrPt_new      0x4               ./uart_int.o

Memory Configuration

Name             Origin             Length             Attributes
*default*        0x00000000         0xffffffff

Linker script and memory map

LOAD ./commonUart/44binit.o
LOAD ./commonUart/44blib.o
LOAD ./8led.o
LOAD ./button.o
LOAD ./init.o
LOAD ./keyboard.o
LOAD ./lcd.o
LOAD ./led.o
LOAD ./main.o
LOAD ./uart_int.o
LOAD C:\software\electronica\ARM\EclipseARM\sourcery-g++-lite-arm-2011.03\arm-none-eabi\lib\libg.a
LOAD C:\software\electronica\ARM\EclipseARM\sourcery-g++-lite-arm-2011.03\lib\gcc\arm-none-eabi\4.5.2\libgcc.a
LOAD C:\software\electronica\ARM\EclipseARM\sourcery-g++-lite-arm-2011.03\arm-none-eabi\lib\libnosys.a
START GROUP
LOAD C:\software\electronica\ARM\EclipseARM\sourcery-g++-lite-arm-2011.03\lib\gcc\arm-none-eabi\4.5.2\libgcc.a
LOAD C:\software\electronica\ARM\EclipseARM\sourcery-g++-lite-arm-2011.03\arm-none-eabi\lib\libc.a
END GROUP
                0x0c000000                . = 0xc000000
                0x0c000000                Image_RO_Base = .

.text           0x0c000000     0xb63c
 *(.text)
 .text          0x0c000000      0x710 ./commonUart/44binit.o
 .text          0x0c000710      0x46c ./commonUart/44blib.o
                0x0c000710                Delay
                0x0c000848                DelayMs
                0x0c0008ac                Port_Init
                0x0c000a3c                malloc
                0x0c000adc                free
                0x0c000b0c                sys_init
 .text          0x0c000b7c       0x54 ./8led.o
                0x0c000b7c                D8Led_init
                0x0c000b94                D8Led_symbol
 .text          0x0c000bd0      0x288 ./button.o
                0x0c000bd0                Eint4567_init
                0x0c000d58                init_buttons
                0x0c000dc4                pulsa
                0x0c000e18                Eint4567_ISR
 .text          0x0c000e58       0x1c ./init.o
                0x0c000e58                start
 .text          0x0c000e74      0x398 ./keyboard.o
                0x0c000e74                keyboard_init
                0x0c000f88                KeyboardInt
                0x0c000fdc                key_read
 .text          0x0c00120c     0x10ec ./lcd.o
                0x0c00120c                lcd_init
                0x0c001374                lcd_on
                0x0c0013b0                lcd_off
                0x0c0013ec                lcd_status
                0x0c001414                lcd_clear
                0x0c0014a8                lcd_half_clear
                0x0c001534                lcd_left_clear
                0x0c0015c0                lcd_right_clear
                0x0c001654                lcd_mini_clear
                0x0c0016e0                lcd_mini_down_clear
                0x0c001774                lcd_putpixel
                0x0c00185c                lcd_getpixel
                0x0c001908                lcd_draw_hline
                0x0c0019c0                lcd_draw_vline
                0x0c001a78                lcd_draw_box
                0x0c001b54                lcd_putchar
                0x0c001ca8                lcd_puts
                0x0c001d1c                lcd_printf
                0x0c001db0                lcd_putchar_x2
                0x0c0021f0                lcd_puts_x2
                0x0c002264                lcd_printf_x2
 .text          0x0c0022f8      0x230 ./led.o
                0x0c0022f8                leds_on
                0x0c002318                leds_off
                0x0c002338                led1_on
                0x0c002378                led1_off
                0x0c0023b8                led2_on
                0x0c0023f8                led2_off
                0x0c002438                leds_switch
                0x0c002478                Led_Display
 .text          0x0c002528       0xac ./main.o
                0x0c002528                Main
 *fill*         0x0c0025d4        0x4 00
 .text          0x0c0025d8      0x550 ./uart_int.o
                0x0c0025d8                Uart_Init
                0x0c0026ac                Uart_Config
                0x0c002764                Uart_TxEmpty
                0x0c002798                Uart_Getch
                0x0c00281c                Uart_SendByte
                0x0c0028b0                Uart_SendString
                0x0c0028fc                Uart_Printf
                0x0c002944                Uart0_RxInt
                0x0c002a20                Uart0_TxInt
                0x0c002ac0                siguiente
 .text          0x0c002b28       0x7c C:\software\electronica\ARM\EclipseARM\sourcery-g++-lite-arm-2011.03\arm-none-eabi\lib\libg.a(lib_a-vsprintf.o)
                0x0c002b28                _vsprintf_r
                0x0c002b78                vsprintf
 .text          0x0c002ba4        0x0 C:\software\electronica\ARM\EclipseARM\sourcery-g++-lite-arm-2011.03\arm-none-eabi\lib\libg.a(lib_a-impure.o)
 .text          0x0c002ba4     0x2138 C:\software\electronica\ARM\EclipseARM\sourcery-g++-lite-arm-2011.03\arm-none-eabi\lib\libg.a(lib_a-svfprintf.o)
                0x0c002ba4                _svfprintf_r
 *fill*         0x0c004cdc        0x4 00
 .text          0x0c004ce0     0x17d0 C:\software\electronica\ARM\EclipseARM\sourcery-g++-lite-arm-2011.03\arm-none-eabi\lib\libg.a(lib_a-dtoa.o)
                0x0c004eb0                _dtoa_r
 .text          0x0c0064b0       0xd0 C:\software\electronica\ARM\EclipseARM\sourcery-g++-lite-arm-2011.03\arm-none-eabi\lib\libg.a(lib_a-locale.o)
                0x0c0064b0                _setlocale_r
                0x0c00651c                __locale_charset
                0x0c006528                __locale_mb_cur_max
                0x0c006538                __locale_msgcharset
                0x0c006544                __locale_cjk_lang
                0x0c00654c                _localeconv_r
                0x0c006558                setlocale
                0x0c006574                localeconv
 .text          0x0c006580      0x70c C:\software\electronica\ARM\EclipseARM\sourcery-g++-lite-arm-2011.03\arm-none-eabi\lib\libg.a(lib_a-mallocr.o)
                0x0c006580                _malloc_r
 .text          0x0c006c8c      0x104 C:\software\electronica\ARM\EclipseARM\sourcery-g++-lite-arm-2011.03\arm-none-eabi\lib\libg.a(lib_a-memchr.o)
                0x0c006c8c                memchr
 .text          0x0c006d90      0x1c0 C:\software\electronica\ARM\EclipseARM\sourcery-g++-lite-arm-2011.03\arm-none-eabi\lib\libg.a(lib_a-memcpy.o)
                0x0c006d90                memcpy
 .text          0x0c006f50        0x8 C:\software\electronica\ARM\EclipseARM\sourcery-g++-lite-arm-2011.03\arm-none-eabi\lib\libg.a(lib_a-mlock.o)
                0x0c006f50                __malloc_lock
                0x0c006f54                __malloc_unlock
 .text          0x0c006f58      0xcfc C:\software\electronica\ARM\EclipseARM\sourcery-g++-lite-arm-2011.03\arm-none-eabi\lib\libg.a(lib_a-mprec.o)
                0x0c006f58                _Balloc
                0x0c006fe0                _Bfree
                0x0c006ffc                __multadd
                0x0c0070d8                __s2b
                0x0c0071c4                __hi0bits
                0x0c007214                __lo0bits
                0x0c0072a4                __i2b
                0x0c0072c8                __multiply
                0x0c0074b0                __pow5mult
                0x0c0075a4                __lshift
                0x0c0076a8                __mcmp
                0x0c007708                __mdiff
                0x0c007860                __ulp
                0x0c0078c0                __b2d
                0x0c007984                __d2b
                0x0c007a8c                __ratio
                0x0c007b04                _mprec_log10
                0x0c007b58                __copybits
                0x0c007bcc                __any_on
 .text          0x0c007c54       0x8c C:\software\electronica\ARM\EclipseARM\sourcery-g++-lite-arm-2011.03\arm-none-eabi\lib\libg.a(lib_a-s_fpclassify.o)
                0x0c007c54                __fpclassifyd
 .text          0x0c007ce0       0x40 C:\software\electronica\ARM\EclipseARM\sourcery-g++-lite-arm-2011.03\arm-none-eabi\lib\libg.a(lib_a-sbrkr.o)
                0x0c007ce0                _sbrk_r
 .text          0x0c007d20      0x230 C:\software\electronica\ARM\EclipseARM\sourcery-g++-lite-arm-2011.03\arm-none-eabi\lib\libg.a(lib_a-strcmp.o)
                0x0c007d20                strcmp
 .text          0x0c007f50       0x60 C:\software\electronica\ARM\EclipseARM\sourcery-g++-lite-arm-2011.03\arm-none-eabi\lib\libg.a(lib_a-strlen.o)
                0x0c007f50                strlen
 .text          0x0c007fb0     0x1238 C:\software\electronica\ARM\EclipseARM\sourcery-g++-lite-arm-2011.03\arm-none-eabi\lib\libg.a(lib_a-svfiprintf.o)
                0x0c007fb0                __ssprint_r
                0x0c00814c                _svfiprintf_r
 .text          0x0c0091e8       0x9c C:\software\electronica\ARM\EclipseARM\sourcery-g++-lite-arm-2011.03\arm-none-eabi\lib\libg.a(lib_a-callocr.o)
                0x0c0091e8                _calloc_r
 .text          0x0c009284      0x360 C:\software\electronica\ARM\EclipseARM\sourcery-g++-lite-arm-2011.03\arm-none-eabi\lib\libg.a(lib_a-freer.o)
                0x0c009284                _malloc_trim_r
                0x0c009380                _free_r
 .text          0x0c0095e4      0x128 C:\software\electronica\ARM\EclipseARM\sourcery-g++-lite-arm-2011.03\arm-none-eabi\lib\libg.a(lib_a-memmove.o)
                0x0c0095e4                memmove
 .text          0x0c00970c      0x100 C:\software\electronica\ARM\EclipseARM\sourcery-g++-lite-arm-2011.03\arm-none-eabi\lib\libg.a(lib_a-memset.o)
                0x0c00970c                memset
 .text          0x0c00980c      0x5c0 C:\software\electronica\ARM\EclipseARM\sourcery-g++-lite-arm-2011.03\arm-none-eabi\lib\libg.a(lib_a-reallocr.o)
                0x0c00980c                _realloc_r
 .text          0x0c009dcc      0x1ac C:\software\electronica\ARM\EclipseARM\sourcery-g++-lite-arm-2011.03\arm-none-eabi\lib\libg.a(lib_a-reent.o)
                0x0c009dcc                cleanup_glue
                0x0c009df8                _reclaim_reent
                0x0c009f00                _wrapup_reent
 .text          0x0c009f78      0x114 C:\software\electronica\ARM\EclipseARM\sourcery-g++-lite-arm-2011.03\lib\gcc\arm-none-eabi\4.5.2\libgcc.a(_udivsi3.o)
                0x0c009f78                __aeabi_uidiv
                0x0c009f78                __udivsi3
                0x0c00a06c                __aeabi_uidivmod
 .text          0x0c00a08c      0x148 C:\software\electronica\ARM\EclipseARM\sourcery-g++-lite-arm-2011.03\lib\gcc\arm-none-eabi\4.5.2\libgcc.a(_divsi3.o)
                0x0c00a08c                __divsi3
                0x0c00a08c                __aeabi_idiv
                0x0c00a1b4                __aeabi_idivmod
 .text          0x0c00a1d4        0x4 C:\software\electronica\ARM\EclipseARM\sourcery-g++-lite-arm-2011.03\lib\gcc\arm-none-eabi\4.5.2\libgcc.a(_dvmd_tls.o)
                0x0c00a1d4                __aeabi_idiv0
                0x0c00a1d4                __aeabi_ldiv0
 .text          0x0c00a1d8      0x41c C:\software\electronica\ARM\EclipseARM\sourcery-g++-lite-arm-2011.03\lib\gcc\arm-none-eabi\4.5.2\libgcc.a(_arm_addsubdf3.o)
                0x0c00a1d8                __aeabi_drsub
                0x0c00a1e0                __aeabi_dsub
                0x0c00a1e0                __subdf3
                0x0c00a1e4                __aeabi_dadd
                0x0c00a1e4                __adddf3
                0x0c00a4f4                __floatunsidf
                0x0c00a4f4                __aeabi_ui2d
                0x0c00a518                __floatsidf
                0x0c00a518                __aeabi_i2d
                0x0c00a540                __aeabi_f2d
                0x0c00a540                __extendsfdf2
                0x0c00a580                __floatundidf
                0x0c00a580                __aeabi_ul2d
                0x0c00a594                __floatdidf
                0x0c00a594                __aeabi_l2d
 .text          0x0c00a5f4      0x49c C:\software\electronica\ARM\EclipseARM\sourcery-g++-lite-arm-2011.03\lib\gcc\arm-none-eabi\4.5.2\libgcc.a(_arm_muldivdf3.o)
                0x0c00a5f4                __aeabi_dmul
                0x0c00a5f4                __muldf3
                0x0c00a884                __divdf3
                0x0c00a884                __aeabi_ddiv
 .text          0x0c00aa90      0x144 C:\software\electronica\ARM\EclipseARM\sourcery-g++-lite-arm-2011.03\lib\gcc\arm-none-eabi\4.5.2\libgcc.a(_arm_cmpdf2.o)
                0x0c00aa90                __gtdf2
                0x0c00aa90                __gedf2
                0x0c00aa98                __ltdf2
                0x0c00aa98                __ledf2
                0x0c00aaa0                __nedf2
                0x0c00aaa0                __eqdf2
                0x0c00aaa0                __cmpdf2
                0x0c00ab28                __aeabi_cdrcmple
                0x0c00ab44                __aeabi_cdcmpeq
                0x0c00ab44                __aeabi_cdcmple
                0x0c00ab5c                __aeabi_dcmpeq
                0x0c00ab74                __aeabi_dcmplt
                0x0c00ab8c                __aeabi_dcmple
                0x0c00aba4                __aeabi_dcmpge
                0x0c00abbc                __aeabi_dcmpgt
 .text          0x0c00abd4       0x5c C:\software\electronica\ARM\EclipseARM\sourcery-g++-lite-arm-2011.03\lib\gcc\arm-none-eabi\4.5.2\libgcc.a(_arm_fixdfsi.o)
                0x0c00abd4                __aeabi_d2iz
                0x0c00abd4                __fixdfsi
 .text          0x0c00ac30       0x3c C:\software\electronica\ARM\EclipseARM\sourcery-g++-lite-arm-2011.03\lib\gcc\arm-none-eabi\4.5.2\libgcc.a(_aeabi_uldivmod.o)
                0x0c00ac30                __aeabi_uldivmod
 .text          0x0c00ac6c       0x80 C:\software\electronica\ARM\EclipseARM\sourcery-g++-lite-arm-2011.03\lib\gcc\arm-none-eabi\4.5.2\libgcc.a(bpabi.o)
                0x0c00ac6c                __gnu_ldivmod_helper
                0x0c00acac                __gnu_uldivmod_helper
 .text          0x0c00acec      0x4a8 C:\software\electronica\ARM\EclipseARM\sourcery-g++-lite-arm-2011.03\lib\gcc\arm-none-eabi\4.5.2\libgcc.a(_divdi3.o)
                0x0c00acec                __divdi3
 .text          0x0c00b194      0x434 C:\software\electronica\ARM\EclipseARM\sourcery-g++-lite-arm-2011.03\lib\gcc\arm-none-eabi\4.5.2\libgcc.a(_udivdi3.o)
                0x0c00b194                __udivdi3
 .text          0x0c00b5c8       0x48 C:\software\electronica\ARM\EclipseARM\sourcery-g++-lite-arm-2011.03\lib\gcc\arm-none-eabi\4.5.2\libgcc.a(_clzsi2.o)
                0x0c00b5c8                __clzsi2
 .text          0x0c00b610       0x2c C:\software\electronica\ARM\EclipseARM\sourcery-g++-lite-arm-2011.03\arm-none-eabi\lib\libnosys.a(sbrk.o)
                0x0c00b610                _sbrk
                0x0c00b63c                Image_RO_Limit = .
                0x0c00b63c                Image_RW_Base = .

.glue_7         0x0c00b63c        0x0
 .glue_7        0x00000000        0x0 linker stubs

.glue_7t        0x0c00b63c        0x0
 .glue_7t       0x00000000        0x0 linker stubs

.vfp11_veneer   0x0c00b63c        0x0
 .vfp11_veneer  0x00000000        0x0 linker stubs

.v4_bx          0x0c00b63c        0x0
 .v4_bx         0x00000000        0x0 linker stubs

.data           0x0c00b640      0x98c
 *(.data)
 .data          0x0c00b640        0x6 ./commonUart/44binit.o
                0x0c00b640                BDRAMTYPE
 *fill*         0x0c00b646        0x2 00
 .data          0x0c00b648        0xc ./commonUart/44blib.o
                0x0c00b648                mallocPt
                0x0c00b64c                run
 .data          0x0c00b654       0x40 ./8led.o
                0x0c00b654                Symbol
 .data          0x0c00b694        0x0 ./button.o
 .data          0x0c00b694        0x0 ./init.o
 .data          0x0c00b694        0x4 ./keyboard.o
                0x0c00b694                keyboard_base
 .data          0x0c00b698        0x0 ./lcd.o
 .data          0x0c00b698        0x0 ./led.o
 .data          0x0c00b698       0x40 ./main.o
                0x0c00b698                str_send
                0x0c00b6a4                str_error
 .data          0x0c00b6d8       0x34 ./uart_int.o
                0x0c00b6d8                str_error2
 .data          0x0c00b70c        0x0 C:\software\electronica\ARM\EclipseARM\sourcery-g++-lite-arm-2011.03\arm-none-eabi\lib\libg.a(lib_a-vsprintf.o)
 *fill*         0x0c00b70c        0x4 00
 .data          0x0c00b710      0x430 C:\software\electronica\ARM\EclipseARM\sourcery-g++-lite-arm-2011.03\arm-none-eabi\lib\libg.a(lib_a-impure.o)
                0x0c00b710                _impure_ptr
 .data          0x0c00bb40        0x0 C:\software\electronica\ARM\EclipseARM\sourcery-g++-lite-arm-2011.03\arm-none-eabi\lib\libg.a(lib_a-svfprintf.o)
 .data          0x0c00bb40        0x0 C:\software\electronica\ARM\EclipseARM\sourcery-g++-lite-arm-2011.03\arm-none-eabi\lib\libg.a(lib_a-dtoa.o)
 .data          0x0c00bb40       0x7c C:\software\electronica\ARM\EclipseARM\sourcery-g++-lite-arm-2011.03\arm-none-eabi\lib\libg.a(lib_a-locale.o)
                0x0c00bb60                __mb_cur_max
 .data          0x0c00bbbc      0x410 C:\software\electronica\ARM\EclipseARM\sourcery-g++-lite-arm-2011.03\arm-none-eabi\lib\libg.a(lib_a-mallocr.o)
                0x0c00bbbc                __malloc_av_
                0x0c00bfc4                __malloc_sbrk_base
                0x0c00bfc8                __malloc_trim_threshold
 .data          0x0c00bfcc        0x0 C:\software\electronica\ARM\EclipseARM\sourcery-g++-lite-arm-2011.03\arm-none-eabi\lib\libg.a(lib_a-memchr.o)
 .data          0x0c00bfcc        0x0 C:\software\electronica\ARM\EclipseARM\sourcery-g++-lite-arm-2011.03\arm-none-eabi\lib\libg.a(lib_a-memcpy.o)
 .data          0x0c00bfcc        0x0 C:\software\electronica\ARM\EclipseARM\sourcery-g++-lite-arm-2011.03\arm-none-eabi\lib\libg.a(lib_a-mlock.o)
 .data          0x0c00bfcc        0x0 C:\software\electronica\ARM\EclipseARM\sourcery-g++-lite-arm-2011.03\arm-none-eabi\lib\libg.a(lib_a-mprec.o)
 .data          0x0c00bfcc        0x0 C:\software\electronica\ARM\EclipseARM\sourcery-g++-lite-arm-2011.03\arm-none-eabi\lib\libg.a(lib_a-s_fpclassify.o)
 .data          0x0c00bfcc        0x0 C:\software\electronica\ARM\EclipseARM\sourcery-g++-lite-arm-2011.03\arm-none-eabi\lib\libg.a(lib_a-sbrkr.o)
 .data          0x0c00bfcc        0x0 C:\software\electronica\ARM\EclipseARM\sourcery-g++-lite-arm-2011.03\arm-none-eabi\lib\libg.a(lib_a-strcmp.o)
 .data          0x0c00bfcc        0x0 C:\software\electronica\ARM\EclipseARM\sourcery-g++-lite-arm-2011.03\arm-none-eabi\lib\libg.a(lib_a-strlen.o)
 .data          0x0c00bfcc        0x0 C:\software\electronica\ARM\EclipseARM\sourcery-g++-lite-arm-2011.03\arm-none-eabi\lib\libg.a(lib_a-svfiprintf.o)
 .data          0x0c00bfcc        0x0 C:\software\electronica\ARM\EclipseARM\sourcery-g++-lite-arm-2011.03\arm-none-eabi\lib\libg.a(lib_a-callocr.o)
 .data          0x0c00bfcc        0x0 C:\software\electronica\ARM\EclipseARM\sourcery-g++-lite-arm-2011.03\arm-none-eabi\lib\libg.a(lib_a-freer.o)
 .data          0x0c00bfcc        0x0 C:\software\electronica\ARM\EclipseARM\sourcery-g++-lite-arm-2011.03\arm-none-eabi\lib\libg.a(lib_a-memmove.o)
 .data          0x0c00bfcc        0x0 C:\software\electronica\ARM\EclipseARM\sourcery-g++-lite-arm-2011.03\arm-none-eabi\lib\libg.a(lib_a-memset.o)
 .data          0x0c00bfcc        0x0 C:\software\electronica\ARM\EclipseARM\sourcery-g++-lite-arm-2011.03\arm-none-eabi\lib\libg.a(lib_a-reallocr.o)
 .data          0x0c00bfcc        0x0 C:\software\electronica\ARM\EclipseARM\sourcery-g++-lite-arm-2011.03\arm-none-eabi\lib\libg.a(lib_a-reent.o)
 .data          0x0c00bfcc        0x0 C:\software\electronica\ARM\EclipseARM\sourcery-g++-lite-arm-2011.03\lib\gcc\arm-none-eabi\4.5.2\libgcc.a(_udivsi3.o)
 .data          0x0c00bfcc        0x0 C:\software\electronica\ARM\EclipseARM\sourcery-g++-lite-arm-2011.03\lib\gcc\arm-none-eabi\4.5.2\libgcc.a(_divsi3.o)
 .data          0x0c00bfcc        0x0 C:\software\electronica\ARM\EclipseARM\sourcery-g++-lite-arm-2011.03\lib\gcc\arm-none-eabi\4.5.2\libgcc.a(_dvmd_tls.o)
 .data          0x0c00bfcc        0x0 C:\software\electronica\ARM\EclipseARM\sourcery-g++-lite-arm-2011.03\lib\gcc\arm-none-eabi\4.5.2\libgcc.a(_arm_addsubdf3.o)
 .data          0x0c00bfcc        0x0 C:\software\electronica\ARM\EclipseARM\sourcery-g++-lite-arm-2011.03\lib\gcc\arm-none-eabi\4.5.2\libgcc.a(_arm_muldivdf3.o)
 .data          0x0c00bfcc        0x0 C:\software\electronica\ARM\EclipseARM\sourcery-g++-lite-arm-2011.03\lib\gcc\arm-none-eabi\4.5.2\libgcc.a(_arm_cmpdf2.o)
 .data          0x0c00bfcc        0x0 C:\software\electronica\ARM\EclipseARM\sourcery-g++-lite-arm-2011.03\lib\gcc\arm-none-eabi\4.5.2\libgcc.a(_arm_fixdfsi.o)
 .data          0x0c00bfcc        0x0 C:\software\electronica\ARM\EclipseARM\sourcery-g++-lite-arm-2011.03\lib\gcc\arm-none-eabi\4.5.2\libgcc.a(_aeabi_uldivmod.o)
 .data          0x0c00bfcc        0x0 C:\software\electronica\ARM\EclipseARM\sourcery-g++-lite-arm-2011.03\lib\gcc\arm-none-eabi\4.5.2\libgcc.a(bpabi.o)
 .data          0x0c00bfcc        0x0 C:\software\electronica\ARM\EclipseARM\sourcery-g++-lite-arm-2011.03\lib\gcc\arm-none-eabi\4.5.2\libgcc.a(_divdi3.o)
 .data          0x0c00bfcc        0x0 C:\software\electronica\ARM\EclipseARM\sourcery-g++-lite-arm-2011.03\lib\gcc\arm-none-eabi\4.5.2\libgcc.a(_udivdi3.o)
 .data          0x0c00bfcc        0x0 C:\software\electronica\ARM\EclipseARM\sourcery-g++-lite-arm-2011.03\lib\gcc\arm-none-eabi\4.5.2\libgcc.a(_clzsi2.o)
 .data          0x0c00bfcc        0x0 C:\software\electronica\ARM\EclipseARM\sourcery-g++-lite-arm-2011.03\arm-none-eabi\lib\libnosys.a(sbrk.o)

.lcdbuffer      0x0c00bfcc     0x9600
 .lcdbuffer     0x0c00bfcc     0x9600 ./lcd.o

.rodata         0x0c0155d0     0x1180
 *(.rodata)
 .rodata        0x0c0155d0     0x1000 ./lcd.o
                0x0c0155d0                font
 .rodata        0x0c0165d0       0x14 ./main.o
 .rodata        0x0c0165e4        0x4 C:\software\electronica\ARM\EclipseARM\sourcery-g++-lite-arm-2011.03\arm-none-eabi\lib\libg.a(lib_a-impure.o)
                0x0c0165e4                _global_impure_ptr
 .rodata        0x0c0165e8       0x20 C:\software\electronica\ARM\EclipseARM\sourcery-g++-lite-arm-2011.03\arm-none-eabi\lib\libg.a(lib_a-svfprintf.o)
 .rodata        0x0c016608      0x128 C:\software\electronica\ARM\EclipseARM\sourcery-g++-lite-arm-2011.03\arm-none-eabi\lib\libg.a(lib_a-mprec.o)
                0x0c016618                __mprec_tens
                0x0c0166e0                __mprec_bigtens
                0x0c016708                __mprec_tinytens
 .rodata        0x0c016730       0x20 C:\software\electronica\ARM\EclipseARM\sourcery-g++-lite-arm-2011.03\arm-none-eabi\lib\libg.a(lib_a-svfiprintf.o)
                0x0c016750                Image_RW_Limit = .
                0x0c016750                Image_ZI_Base = .

.rodata.str1.4  0x0c016750       0x64
 .rodata.str1.4
                0x0c016750        0x2 C:\software\electronica\ARM\EclipseARM\sourcery-g++-lite-arm-2011.03\arm-none-eabi\lib\libg.a(lib_a-impure.o)
                                  0x4 (size before relaxing)
 *fill*         0x0c016752        0x2 00
 .rodata.str1.4
                0x0c016754       0x42 C:\software\electronica\ARM\EclipseARM\sourcery-g++-lite-arm-2011.03\arm-none-eabi\lib\libg.a(lib_a-svfprintf.o)
                                 0x44 (size before relaxing)
 *fill*         0x0c016796        0x2 00
 .rodata.str1.4
                0x0c016798       0x10 C:\software\electronica\ARM\EclipseARM\sourcery-g++-lite-arm-2011.03\arm-none-eabi\lib\libg.a(lib_a-dtoa.o)
                                 0x14 (size before relaxing)
 .rodata.str1.4
                0x0c0167a8        0xc C:\software\electronica\ARM\EclipseARM\sourcery-g++-lite-arm-2011.03\arm-none-eabi\lib\libg.a(lib_a-locale.o)
                                 0x14 (size before relaxing)
 .rodata.str1.4
                0x00000000       0x30 C:\software\electronica\ARM\EclipseARM\sourcery-g++-lite-arm-2011.03\arm-none-eabi\lib\libg.a(lib_a-svfiprintf.o)

.ARM.extab      0x0c0167b4        0x0
 .ARM.extab     0x0c0167b4        0x0 C:\software\electronica\ARM\EclipseARM\sourcery-g++-lite-arm-2011.03\lib\gcc\arm-none-eabi\4.5.2\libgcc.a(_divdi3.o)
 .ARM.extab     0x0c0167b4        0x0 C:\software\electronica\ARM\EclipseARM\sourcery-g++-lite-arm-2011.03\lib\gcc\arm-none-eabi\4.5.2\libgcc.a(_udivdi3.o)

.ARM.exidx      0x0c0167b4        0x8
 .ARM.exidx     0x0c0167b4        0x8 C:\software\electronica\ARM\EclipseARM\sourcery-g++-lite-arm-2011.03\lib\gcc\arm-none-eabi\4.5.2\libgcc.a(_divdi3.o)
 .ARM.exidx     0x0c0167bc        0x0 C:\software\electronica\ARM\EclipseARM\sourcery-g++-lite-arm-2011.03\lib\gcc\arm-none-eabi\4.5.2\libgcc.a(_udivdi3.o)
                                  0x8 (size before relaxing)

.bss            0x0c0167bc      0x1e8
 *(.bss)
 .bss           0x0c0167bc        0x0 ./commonUart/44binit.o
 .bss           0x0c0167bc        0x4 ./commonUart/44blib.o
                0x0c0167bc                restart
 .bss           0x0c0167c0        0x0 ./8led.o
 .bss           0x0c0167c0        0x0 ./button.o
 .bss           0x0c0167c0        0x0 ./init.o
 .bss           0x0c0167c0        0x0 ./keyboard.o
 .bss           0x0c0167c0        0x1 ./lcd.o
 .bss           0x0c0167c1        0x0 ./led.o
 .bss           0x0c0167c1        0x0 ./main.o
 *fill*         0x0c0167c1        0x3 00
 .bss           0x0c0167c4       0x70 ./uart_int.o
 .bss           0x0c016834        0x0 C:\software\electronica\ARM\EclipseARM\sourcery-g++-lite-arm-2011.03\arm-none-eabi\lib\libg.a(lib_a-vsprintf.o)
 .bss           0x0c016834        0x0 C:\software\electronica\ARM\EclipseARM\sourcery-g++-lite-arm-2011.03\arm-none-eabi\lib\libg.a(lib_a-impure.o)
 .bss           0x0c016834        0x0 C:\software\electronica\ARM\EclipseARM\sourcery-g++-lite-arm-2011.03\arm-none-eabi\lib\libg.a(lib_a-svfprintf.o)
 .bss           0x0c016834        0x0 C:\software\electronica\ARM\EclipseARM\sourcery-g++-lite-arm-2011.03\arm-none-eabi\lib\libg.a(lib_a-dtoa.o)
 .bss           0x0c016834        0xc C:\software\electronica\ARM\EclipseARM\sourcery-g++-lite-arm-2011.03\arm-none-eabi\lib\libg.a(lib_a-locale.o)
                0x0c016834                __nlocale_changed
                0x0c016838                __mlocale_changed
                0x0c01683c                _PathLocale
 .bss           0x0c016840       0x34 C:\software\electronica\ARM\EclipseARM\sourcery-g++-lite-arm-2011.03\arm-none-eabi\lib\libg.a(lib_a-mallocr.o)
                0x0c016840                __malloc_top_pad
                0x0c016844                __malloc_current_mallinfo
                0x0c01686c                __malloc_max_sbrked_mem
                0x0c016870                __malloc_max_total_mem
 .bss           0x0c016874        0x0 C:\software\electronica\ARM\EclipseARM\sourcery-g++-lite-arm-2011.03\arm-none-eabi\lib\libg.a(lib_a-memchr.o)
 .bss           0x0c016874        0x0 C:\software\electronica\ARM\EclipseARM\sourcery-g++-lite-arm-2011.03\arm-none-eabi\lib\libg.a(lib_a-memcpy.o)
 .bss           0x0c016874        0x0 C:\software\electronica\ARM\EclipseARM\sourcery-g++-lite-arm-2011.03\arm-none-eabi\lib\libg.a(lib_a-mlock.o)
 .bss           0x0c016874        0x0 C:\software\electronica\ARM\EclipseARM\sourcery-g++-lite-arm-2011.03\arm-none-eabi\lib\libg.a(lib_a-mprec.o)
 .bss           0x0c016874        0x0 C:\software\electronica\ARM\EclipseARM\sourcery-g++-lite-arm-2011.03\arm-none-eabi\lib\libg.a(lib_a-s_fpclassify.o)
 .bss           0x0c016874        0x0 C:\software\electronica\ARM\EclipseARM\sourcery-g++-lite-arm-2011.03\arm-none-eabi\lib\libg.a(lib_a-sbrkr.o)
 .bss           0x0c016874        0x0 C:\software\electronica\ARM\EclipseARM\sourcery-g++-lite-arm-2011.03\arm-none-eabi\lib\libg.a(lib_a-strcmp.o)
 .bss           0x0c016874        0x0 C:\software\electronica\ARM\EclipseARM\sourcery-g++-lite-arm-2011.03\arm-none-eabi\lib\libg.a(lib_a-strlen.o)
 .bss           0x0c016874        0x0 C:\software\electronica\ARM\EclipseARM\sourcery-g++-lite-arm-2011.03\arm-none-eabi\lib\libg.a(lib_a-svfiprintf.o)
 .bss           0x0c016874        0x0 C:\software\electronica\ARM\EclipseARM\sourcery-g++-lite-arm-2011.03\arm-none-eabi\lib\libg.a(lib_a-callocr.o)
 .bss           0x0c016874        0x0 C:\software\electronica\ARM\EclipseARM\sourcery-g++-lite-arm-2011.03\arm-none-eabi\lib\libg.a(lib_a-freer.o)
 .bss           0x0c016874        0x0 C:\software\electronica\ARM\EclipseARM\sourcery-g++-lite-arm-2011.03\arm-none-eabi\lib\libg.a(lib_a-memmove.o)
 .bss           0x0c016874        0x0 C:\software\electronica\ARM\EclipseARM\sourcery-g++-lite-arm-2011.03\arm-none-eabi\lib\libg.a(lib_a-memset.o)
 .bss           0x0c016874        0x0 C:\software\electronica\ARM\EclipseARM\sourcery-g++-lite-arm-2011.03\arm-none-eabi\lib\libg.a(lib_a-reallocr.o)
 .bss           0x0c016874        0x0 C:\software\electronica\ARM\EclipseARM\sourcery-g++-lite-arm-2011.03\arm-none-eabi\lib\libg.a(lib_a-reent.o)
 .bss           0x0c016874        0x0 C:\software\electronica\ARM\EclipseARM\sourcery-g++-lite-arm-2011.03\lib\gcc\arm-none-eabi\4.5.2\libgcc.a(_udivsi3.o)
 .bss           0x0c016874        0x0 C:\software\electronica\ARM\EclipseARM\sourcery-g++-lite-arm-2011.03\lib\gcc\arm-none-eabi\4.5.2\libgcc.a(_divsi3.o)
 .bss           0x0c016874        0x0 C:\software\electronica\ARM\EclipseARM\sourcery-g++-lite-arm-2011.03\lib\gcc\arm-none-eabi\4.5.2\libgcc.a(_dvmd_tls.o)
 .bss           0x0c016874        0x0 C:\software\electronica\ARM\EclipseARM\sourcery-g++-lite-arm-2011.03\lib\gcc\arm-none-eabi\4.5.2\libgcc.a(_arm_addsubdf3.o)
 .bss           0x0c016874        0x0 C:\software\electronica\ARM\EclipseARM\sourcery-g++-lite-arm-2011.03\lib\gcc\arm-none-eabi\4.5.2\libgcc.a(_arm_muldivdf3.o)
 .bss           0x0c016874        0x0 C:\software\electronica\ARM\EclipseARM\sourcery-g++-lite-arm-2011.03\lib\gcc\arm-none-eabi\4.5.2\libgcc.a(_arm_cmpdf2.o)
 .bss           0x0c016874        0x0 C:\software\electronica\ARM\EclipseARM\sourcery-g++-lite-arm-2011.03\lib\gcc\arm-none-eabi\4.5.2\libgcc.a(_arm_fixdfsi.o)
 .bss           0x0c016874        0x0 C:\software\electronica\ARM\EclipseARM\sourcery-g++-lite-arm-2011.03\lib\gcc\arm-none-eabi\4.5.2\libgcc.a(_aeabi_uldivmod.o)
 .bss           0x0c016874        0x0 C:\software\electronica\ARM\EclipseARM\sourcery-g++-lite-arm-2011.03\lib\gcc\arm-none-eabi\4.5.2\libgcc.a(bpabi.o)
 .bss           0x0c016874        0x0 C:\software\electronica\ARM\EclipseARM\sourcery-g++-lite-arm-2011.03\lib\gcc\arm-none-eabi\4.5.2\libgcc.a(_divdi3.o)
 .bss           0x0c016874        0x0 C:\software\electronica\ARM\EclipseARM\sourcery-g++-lite-arm-2011.03\lib\gcc\arm-none-eabi\4.5.2\libgcc.a(_udivdi3.o)
 .bss           0x0c016874        0x0 C:\software\electronica\ARM\EclipseARM\sourcery-g++-lite-arm-2011.03\lib\gcc\arm-none-eabi\4.5.2\libgcc.a(_clzsi2.o)
 .bss           0x0c016874        0x4 C:\software\electronica\ARM\EclipseARM\sourcery-g++-lite-arm-2011.03\arm-none-eabi\lib\libnosys.a(sbrk.o)
 COMMON         0x0c016878        0x8 ./commonUart/44blib.o
                0x0c016878                fileSize
                0x0c01687c                downPt
 COMMON         0x0c016880       0x10 ./button.o
                0x0c016880                state
                0x0c016884                val2
                0x0c016888                which_int
                0x0c01688c                val1
 COMMON         0x0c016890        0x4 ./keyboard.o
                0x0c016890                key
 COMMON         0x0c016894        0x4 ./led.o
                0x0c016894                led_state
 COMMON         0x0c016898      0x100 ./main.o
                0x0c016898                str
 COMMON         0x0c016998        0x8 ./uart_int.o
                0x0c016998                data1
                0x0c016999                data2
                0x0c01699c                keyBufWrPt_new
 COMMON         0x0c0169a0        0x4 C:\software\electronica\ARM\EclipseARM\sourcery-g++-lite-arm-2011.03\arm-none-eabi\lib\libg.a(lib_a-reent.o)
                0x0c0169a0                errno
                0x0c0169a4                Image_ZI_Limit = .
                0x0c0169a4                __bss_start__ = .
                0x0c0169a4                __bss_end__ = .
                0x0c0169a4                __EH_FRAME_BEGIN__ = .
                0x0c0169a4                __EH_FRAME_END__ = .
                0x0c0169a4                PROVIDE (__stack, .)
                0x0c0169a4                end = .
                0x0c0169a4                _end = .

.ARM.attributes
                0x00000000       0x2c
 .ARM.attributes
                0x00000000       0x22 ./commonUart/44binit.o
 .ARM.attributes
                0x00000022       0x32 ./commonUart/44blib.o
 .ARM.attributes
                0x00000054       0x32 ./8led.o
 .ARM.attributes
                0x00000086       0x32 ./button.o
 .ARM.attributes
                0x000000b8       0x22 ./init.o
 .ARM.attributes
                0x000000da       0x32 ./keyboard.o
 .ARM.attributes
                0x0000010c       0x32 ./lcd.o
 .ARM.attributes
                0x0000013e       0x32 ./led.o
 .ARM.attributes
                0x00000170       0x32 ./main.o
 .ARM.attributes
                0x000001a2       0x32 ./uart_int.o
 .ARM.attributes
                0x000001d4       0x34 C:\software\electronica\ARM\EclipseARM\sourcery-g++-lite-arm-2011.03\arm-none-eabi\lib\libg.a(lib_a-vsprintf.o)
 .ARM.attributes
                0x00000208       0x34 C:\software\electronica\ARM\EclipseARM\sourcery-g++-lite-arm-2011.03\arm-none-eabi\lib\libg.a(lib_a-impure.o)
 .ARM.attributes
                0x0000023c       0x34 C:\software\electronica\ARM\EclipseARM\sourcery-g++-lite-arm-2011.03\arm-none-eabi\lib\libg.a(lib_a-svfprintf.o)
 .ARM.attributes
                0x00000270       0x34 C:\software\electronica\ARM\EclipseARM\sourcery-g++-lite-arm-2011.03\arm-none-eabi\lib\libg.a(lib_a-dtoa.o)
 .ARM.attributes
                0x000002a4       0x34 C:\software\electronica\ARM\EclipseARM\sourcery-g++-lite-arm-2011.03\arm-none-eabi\lib\libg.a(lib_a-locale.o)
 .ARM.attributes
                0x000002d8       0x34 C:\software\electronica\ARM\EclipseARM\sourcery-g++-lite-arm-2011.03\arm-none-eabi\lib\libg.a(lib_a-mallocr.o)
 .ARM.attributes
                0x0000030c       0x34 C:\software\electronica\ARM\EclipseARM\sourcery-g++-lite-arm-2011.03\arm-none-eabi\lib\libg.a(lib_a-memchr.o)
 .ARM.attributes
                0x00000340       0x34 C:\software\electronica\ARM\EclipseARM\sourcery-g++-lite-arm-2011.03\arm-none-eabi\lib\libg.a(lib_a-memcpy.o)
 .ARM.attributes
                0x00000374       0x34 C:\software\electronica\ARM\EclipseARM\sourcery-g++-lite-arm-2011.03\arm-none-eabi\lib\libg.a(lib_a-mlock.o)
 .ARM.attributes
                0x000003a8       0x34 C:\software\electronica\ARM\EclipseARM\sourcery-g++-lite-arm-2011.03\arm-none-eabi\lib\libg.a(lib_a-mprec.o)
 .ARM.attributes
                0x000003dc       0x34 C:\software\electronica\ARM\EclipseARM\sourcery-g++-lite-arm-2011.03\arm-none-eabi\lib\libg.a(lib_a-s_fpclassify.o)
 .ARM.attributes
                0x00000410       0x34 C:\software\electronica\ARM\EclipseARM\sourcery-g++-lite-arm-2011.03\arm-none-eabi\lib\libg.a(lib_a-sbrkr.o)
 .ARM.attributes
                0x00000444       0x34 C:\software\electronica\ARM\EclipseARM\sourcery-g++-lite-arm-2011.03\arm-none-eabi\lib\libg.a(lib_a-strcmp.o)
 .ARM.attributes
                0x00000478       0x34 C:\software\electronica\ARM\EclipseARM\sourcery-g++-lite-arm-2011.03\arm-none-eabi\lib\libg.a(lib_a-strlen.o)
 .ARM.attributes
                0x000004ac       0x34 C:\software\electronica\ARM\EclipseARM\sourcery-g++-lite-arm-2011.03\arm-none-eabi\lib\libg.a(lib_a-svfiprintf.o)
 .ARM.attributes
                0x000004e0       0x34 C:\software\electronica\ARM\EclipseARM\sourcery-g++-lite-arm-2011.03\arm-none-eabi\lib\libg.a(lib_a-callocr.o)
 .ARM.attributes
                0x00000514       0x34 C:\software\electronica\ARM\EclipseARM\sourcery-g++-lite-arm-2011.03\arm-none-eabi\lib\libg.a(lib_a-freer.o)
 .ARM.attributes
                0x00000548       0x34 C:\software\electronica\ARM\EclipseARM\sourcery-g++-lite-arm-2011.03\arm-none-eabi\lib\libg.a(lib_a-memmove.o)
 .ARM.attributes
                0x0000057c       0x34 C:\software\electronica\ARM\EclipseARM\sourcery-g++-lite-arm-2011.03\arm-none-eabi\lib\libg.a(lib_a-memset.o)
 .ARM.attributes
                0x000005b0       0x34 C:\software\electronica\ARM\EclipseARM\sourcery-g++-lite-arm-2011.03\arm-none-eabi\lib\libg.a(lib_a-reallocr.o)
 .ARM.attributes
                0x000005e4       0x34 C:\software\electronica\ARM\EclipseARM\sourcery-g++-lite-arm-2011.03\arm-none-eabi\lib\libg.a(lib_a-reent.o)
 .ARM.attributes
                0x00000618       0x1a C:\software\electronica\ARM\EclipseARM\sourcery-g++-lite-arm-2011.03\lib\gcc\arm-none-eabi\4.5.2\libgcc.a(_udivsi3.o)
 .ARM.attributes
                0x00000632       0x1a C:\software\electronica\ARM\EclipseARM\sourcery-g++-lite-arm-2011.03\lib\gcc\arm-none-eabi\4.5.2\libgcc.a(_divsi3.o)
 .ARM.attributes
                0x0000064c       0x18 C:\software\electronica\ARM\EclipseARM\sourcery-g++-lite-arm-2011.03\lib\gcc\arm-none-eabi\4.5.2\libgcc.a(_dvmd_tls.o)
 .ARM.attributes
                0x00000664       0x1a C:\software\electronica\ARM\EclipseARM\sourcery-g++-lite-arm-2011.03\lib\gcc\arm-none-eabi\4.5.2\libgcc.a(_arm_addsubdf3.o)
 .ARM.attributes
                0x0000067e       0x1a C:\software\electronica\ARM\EclipseARM\sourcery-g++-lite-arm-2011.03\lib\gcc\arm-none-eabi\4.5.2\libgcc.a(_arm_muldivdf3.o)
 .ARM.attributes
                0x00000698       0x1a C:\software\electronica\ARM\EclipseARM\sourcery-g++-lite-arm-2011.03\lib\gcc\arm-none-eabi\4.5.2\libgcc.a(_arm_cmpdf2.o)
 .ARM.attributes
                0x000006b2       0x1a C:\software\electronica\ARM\EclipseARM\sourcery-g++-lite-arm-2011.03\lib\gcc\arm-none-eabi\4.5.2\libgcc.a(_arm_fixdfsi.o)
 .ARM.attributes
                0x000006cc       0x1a C:\software\electronica\ARM\EclipseARM\sourcery-g++-lite-arm-2011.03\lib\gcc\arm-none-eabi\4.5.2\libgcc.a(_aeabi_uldivmod.o)
 .ARM.attributes
                0x000006e6       0x34 C:\software\electronica\ARM\EclipseARM\sourcery-g++-lite-arm-2011.03\lib\gcc\arm-none-eabi\4.5.2\libgcc.a(bpabi.o)
 .ARM.attributes
                0x0000071a       0x34 C:\software\electronica\ARM\EclipseARM\sourcery-g++-lite-arm-2011.03\lib\gcc\arm-none-eabi\4.5.2\libgcc.a(_divdi3.o)
 .ARM.attributes
                0x0000074e       0x34 C:\software\electronica\ARM\EclipseARM\sourcery-g++-lite-arm-2011.03\lib\gcc\arm-none-eabi\4.5.2\libgcc.a(_udivdi3.o)
 .ARM.attributes
                0x00000782       0x1a C:\software\electronica\ARM\EclipseARM\sourcery-g++-lite-arm-2011.03\lib\gcc\arm-none-eabi\4.5.2\libgcc.a(_clzsi2.o)
 .ARM.attributes
                0x0000079c       0x30 C:\software\electronica\ARM\EclipseARM\sourcery-g++-lite-arm-2011.03\arm-none-eabi\lib\libnosys.a(sbrk.o)

.comment        0x00000000       0x3b
 .comment       0x00000000       0x2a ./commonUart/44blib.o
                                 0x2b (size before relaxing)
 .comment       0x00000000       0x2b ./8led.o
 .comment       0x00000000       0x2b ./button.o
 .comment       0x00000000       0x2b ./keyboard.o
 .comment       0x00000000       0x2b ./lcd.o
 .comment       0x00000000       0x2b ./led.o
 .comment       0x00000000       0x2b ./main.o
 .comment       0x00000000       0x2b ./uart_int.o
 .comment       0x0000002a       0x11 C:\software\electronica\ARM\EclipseARM\sourcery-g++-lite-arm-2011.03\arm-none-eabi\lib\libnosys.a(sbrk.o)
                                 0x12 (size before relaxing)

.debug_info     0x00000000     0x133f
 *(.debug_info)
 .debug_info    0x00000000       0x6c ./commonUart/44binit.o
 .debug_info    0x0000006c      0x229 ./commonUart/44blib.o
 .debug_info    0x00000295       0xa4 ./8led.o
 .debug_info    0x00000339       0xef ./button.o
 .debug_info    0x00000428       0x5e ./init.o
 .debug_info    0x00000486       0xdd ./keyboard.o
 .debug_info    0x00000563      0x780 ./lcd.o
 .debug_info    0x00000ce3      0x104 ./led.o
 .debug_info    0x00000de7      0x165 ./main.o
 .debug_info    0x00000f4c      0x353 ./uart_int.o
 .debug_info    0x0000129f       0xa0 C:\software\electronica\ARM\EclipseARM\sourcery-g++-lite-arm-2011.03\arm-none-eabi\lib\libnosys.a(sbrk.o)

.debug_line     0x00000000     0x1215
 *(.debug_line)
 .debug_line    0x00000000      0x118 ./commonUart/44binit.o
 .debug_line    0x00000118      0x3d7 ./commonUart/44blib.o
 .debug_line    0x000004ef       0x8c ./8led.o
 .debug_line    0x0000057b       0xad ./button.o
 .debug_line    0x00000628       0x3d ./init.o
 .debug_line    0x00000665       0xc4 ./keyboard.o
 .debug_line    0x00000729      0x535 ./lcd.o
 .debug_line    0x00000c5e       0xa9 ./led.o
 .debug_line    0x00000d07       0xd6 ./main.o
 .debug_line    0x00000ddd      0x3d5 ./uart_int.o
 .debug_line    0x000011b2       0x63 C:\software\electronica\ARM\EclipseARM\sourcery-g++-lite-arm-2011.03\arm-none-eabi\lib\libnosys.a(sbrk.o)

.debug_abbrev   0x00000000      0x7c1
 *(.debug_abbrev)
 .debug_abbrev  0x00000000       0x14 ./commonUart/44binit.o
 .debug_abbrev  0x00000014      0x11f ./commonUart/44blib.o
 .debug_abbrev  0x00000133       0x9b ./8led.o
 .debug_abbrev  0x000001ce       0x91 ./button.o
 .debug_abbrev  0x0000025f       0x14 ./init.o
 .debug_abbrev  0x00000273       0xbd ./keyboard.o
 .debug_abbrev  0x00000330      0x1a3 ./lcd.o
 .debug_abbrev  0x000004d3       0x7c ./led.o
 .debug_abbrev  0x0000054f       0xb8 ./main.o
 .debug_abbrev  0x00000607      0x137 ./uart_int.o
 .debug_abbrev  0x0000073e       0x83 C:\software\electronica\ARM\EclipseARM\sourcery-g++-lite-arm-2011.03\arm-none-eabi\lib\libnosys.a(sbrk.o)

.debug_frame    0x00000000      0xfb8
 *(.debug_frame)
 .debug_frame   0x00000000       0xd0 ./commonUart/44blib.o
 .debug_frame   0x000000d0       0x50 ./8led.o
 .debug_frame   0x00000120       0x98 ./button.o
 .debug_frame   0x000001b8       0x7c ./keyboard.o
 .debug_frame   0x00000234      0x2b8 ./lcd.o
 .debug_frame   0x000004ec      0x110 ./led.o
 .debug_frame   0x000005fc       0x30 ./main.o
 .debug_frame   0x0000062c      0x17c ./uart_int.o
 .debug_frame   0x000007a8       0x44 C:\software\electronica\ARM\EclipseARM\sourcery-g++-lite-arm-2011.03\arm-none-eabi\lib\libg.a(lib_a-vsprintf.o)
 .debug_frame   0x000007ec       0x3c C:\software\electronica\ARM\EclipseARM\sourcery-g++-lite-arm-2011.03\arm-none-eabi\lib\libg.a(lib_a-svfprintf.o)
 .debug_frame   0x00000828       0x64 C:\software\electronica\ARM\EclipseARM\sourcery-g++-lite-arm-2011.03\arm-none-eabi\lib\libg.a(lib_a-dtoa.o)
 .debug_frame   0x0000088c       0x98 C:\software\electronica\ARM\EclipseARM\sourcery-g++-lite-arm-2011.03\arm-none-eabi\lib\libg.a(lib_a-locale.o)
 .debug_frame   0x00000924       0x3c C:\software\electronica\ARM\EclipseARM\sourcery-g++-lite-arm-2011.03\arm-none-eabi\lib\libg.a(lib_a-mallocr.o)
 .debug_frame   0x00000960       0x2c C:\software\electronica\ARM\EclipseARM\sourcery-g++-lite-arm-2011.03\arm-none-eabi\lib\libg.a(lib_a-memchr.o)
 .debug_frame   0x0000098c       0x30 C:\software\electronica\ARM\EclipseARM\sourcery-g++-lite-arm-2011.03\arm-none-eabi\lib\libg.a(lib_a-memcpy.o)
 .debug_frame   0x000009bc       0x30 C:\software\electronica\ARM\EclipseARM\sourcery-g++-lite-arm-2011.03\arm-none-eabi\lib\libg.a(lib_a-mlock.o)
 .debug_frame   0x000009ec      0x228 C:\software\electronica\ARM\EclipseARM\sourcery-g++-lite-arm-2011.03\arm-none-eabi\lib\libg.a(lib_a-mprec.o)
 .debug_frame   0x00000c14       0x28 C:\software\electronica\ARM\EclipseARM\sourcery-g++-lite-arm-2011.03\arm-none-eabi\lib\libg.a(lib_a-s_fpclassify.o)
 .debug_frame   0x00000c3c       0x2c C:\software\electronica\ARM\EclipseARM\sourcery-g++-lite-arm-2011.03\arm-none-eabi\lib\libg.a(lib_a-sbrkr.o)
 .debug_frame   0x00000c68       0x30 C:\software\electronica\ARM\EclipseARM\sourcery-g++-lite-arm-2011.03\arm-none-eabi\lib\libg.a(lib_a-strcmp.o)
 .debug_frame   0x00000c98       0x20 C:\software\electronica\ARM\EclipseARM\sourcery-g++-lite-arm-2011.03\arm-none-eabi\lib\libg.a(lib_a-strlen.o)
 .debug_frame   0x00000cb8       0x68 C:\software\electronica\ARM\EclipseARM\sourcery-g++-lite-arm-2011.03\arm-none-eabi\lib\libg.a(lib_a-svfiprintf.o)
 .debug_frame   0x00000d20       0x28 C:\software\electronica\ARM\EclipseARM\sourcery-g++-lite-arm-2011.03\arm-none-eabi\lib\libg.a(lib_a-callocr.o)
 .debug_frame   0x00000d48       0x50 C:\software\electronica\ARM\EclipseARM\sourcery-g++-lite-arm-2011.03\arm-none-eabi\lib\libg.a(lib_a-freer.o)
 .debug_frame   0x00000d98       0x2c C:\software\electronica\ARM\EclipseARM\sourcery-g++-lite-arm-2011.03\arm-none-eabi\lib\libg.a(lib_a-memmove.o)
 .debug_frame   0x00000dc4       0x28 C:\software\electronica\ARM\EclipseARM\sourcery-g++-lite-arm-2011.03\arm-none-eabi\lib\libg.a(lib_a-memset.o)
 .debug_frame   0x00000dec       0x3c C:\software\electronica\ARM\EclipseARM\sourcery-g++-lite-arm-2011.03\arm-none-eabi\lib\libg.a(lib_a-reallocr.o)
 .debug_frame   0x00000e28       0x68 C:\software\electronica\ARM\EclipseARM\sourcery-g++-lite-arm-2011.03\arm-none-eabi\lib\libg.a(lib_a-reent.o)
 .debug_frame   0x00000e90       0x20 C:\software\electronica\ARM\EclipseARM\sourcery-g++-lite-arm-2011.03\lib\gcc\arm-none-eabi\4.5.2\libgcc.a(_udivsi3.o)
 .debug_frame   0x00000eb0       0x20 C:\software\electronica\ARM\EclipseARM\sourcery-g++-lite-arm-2011.03\lib\gcc\arm-none-eabi\4.5.2\libgcc.a(_divsi3.o)
 .debug_frame   0x00000ed0       0x50 C:\software\electronica\ARM\EclipseARM\sourcery-g++-lite-arm-2011.03\lib\gcc\arm-none-eabi\4.5.2\libgcc.a(bpabi.o)
 .debug_frame   0x00000f20       0x3c C:\software\electronica\ARM\EclipseARM\sourcery-g++-lite-arm-2011.03\lib\gcc\arm-none-eabi\4.5.2\libgcc.a(_divdi3.o)
 .debug_frame   0x00000f5c       0x3c C:\software\electronica\ARM\EclipseARM\sourcery-g++-lite-arm-2011.03\lib\gcc\arm-none-eabi\4.5.2\libgcc.a(_udivdi3.o)
 .debug_frame   0x00000f98       0x20 C:\software\electronica\ARM\EclipseARM\sourcery-g++-lite-arm-2011.03\arm-none-eabi\lib\libnosys.a(sbrk.o)
START GROUP
LOAD C:\software\electronica\ARM\EclipseARM\sourcery-g++-lite-arm-2011.03\lib\gcc\arm-none-eabi\4.5.2\libgcc.a
LOAD C:\software\electronica\ARM\EclipseARM\sourcery-g++-lite-arm-2011.03\arm-none-eabi\lib\libg.a
LOAD C:\software\electronica\ARM\EclipseARM\sourcery-g++-lite-arm-2011.03\arm-none-eabi\lib\libc.a
LOAD C:\software\electronica\ARM\EclipseARM\sourcery-g++-lite-arm-2011.03\arm-none-eabi\lib\libm.a
LOAD C:\software\electronica\ARM\EclipseARM\sourcery-g++-lite-arm-2011.03\arm-none-eabi\lib\libnosys.a
END GROUP
OUTPUT(proyect.elf elf32-littlearm)

.debug_aranges  0x00000000      0x160
 .debug_aranges
                0x00000000       0x20 ./commonUart/44binit.o
 .debug_aranges
                0x00000020       0x20 ./commonUart/44blib.o
 .debug_aranges
                0x00000040       0x20 ./8led.o
 .debug_aranges
                0x00000060       0x20 ./button.o
 .debug_aranges
                0x00000080       0x20 ./init.o
 .debug_aranges
                0x000000a0       0x20 ./keyboard.o
 .debug_aranges
                0x000000c0       0x20 ./lcd.o
 .debug_aranges
                0x000000e0       0x20 ./led.o
 .debug_aranges
                0x00000100       0x20 ./main.o
 .debug_aranges
                0x00000120       0x20 ./uart_int.o
 .debug_aranges
                0x00000140       0x20 C:\software\electronica\ARM\EclipseARM\sourcery-g++-lite-arm-2011.03\arm-none-eabi\lib\libnosys.a(sbrk.o)

.debug_macinfo  0x00000000    0x32c35
 .debug_macinfo
                0x00000000     0x82fb ./commonUart/44blib.o
 .debug_macinfo
                0x000082fb     0x5567 ./8led.o
 .debug_macinfo
                0x0000d862     0x50c7 ./button.o
 .debug_macinfo
                0x00012929     0x50dc ./keyboard.o
 .debug_macinfo
                0x00017a05     0x711b ./lcd.o
 .debug_macinfo
                0x0001eb20     0x50a3 ./led.o
 .debug_macinfo
                0x00023bc3     0x7595 ./main.o
 .debug_macinfo
                0x0002b158     0x7add ./uart_int.o

.debug_loc      0x00000000      0x995
 .debug_loc     0x00000000      0x108 ./commonUart/44blib.o
 .debug_loc     0x00000108       0x58 ./8led.o
 .debug_loc     0x00000160       0xb0 ./button.o
 .debug_loc     0x00000210       0x84 ./keyboard.o
 .debug_loc     0x00000294      0x39c ./lcd.o
 .debug_loc     0x00000630      0x160 ./led.o
 .debug_loc     0x00000790       0x2c ./main.o
 .debug_loc     0x000007bc      0x1b8 ./uart_int.o
 .debug_loc     0x00000974       0x21 C:\software\electronica\ARM\EclipseARM\sourcery-g++-lite-arm-2011.03\arm-none-eabi\lib\libnosys.a(sbrk.o)

.debug_pubnames
                0x00000000      0x4d0
 .debug_pubnames
                0x00000000       0x90 ./commonUart/44blib.o
 .debug_pubnames
                0x00000090       0x3d ./8led.o
 .debug_pubnames
                0x000000cd       0x7a ./button.o
 .debug_pubnames
                0x00000147       0x5b ./keyboard.o
 .debug_pubnames
                0x000001a2      0x17b ./lcd.o
 .debug_pubnames
                0x0000031d       0x8b ./led.o
 .debug_pubnames
                0x000003a8       0x3e ./main.o
 .debug_pubnames
                0x000003e6       0xea ./uart_int.o

.debug_pubtypes
                0x00000000       0xcc
 .debug_pubtypes
                0x00000000       0x12 ./commonUart/44blib.o
 .debug_pubtypes
                0x00000012       0x69 ./lcd.o
 .debug_pubtypes
                0x0000007b       0x12 ./main.o
 .debug_pubtypes
                0x0000008d       0x3f ./uart_int.o

.debug_str      0x00000000      0x5cb
 .debug_str     0x00000000      0x126 ./commonUart/44blib.o
                                0x164 (size before relaxing)
 .debug_str     0x00000126       0x2f ./8led.o
                                 0x71 (size before relaxing)
 .debug_str     0x00000155       0x56 ./button.o
                                 0x91 (size before relaxing)
 .debug_str     0x000001ab       0x44 ./keyboard.o
                                 0x92 (size before relaxing)
 .debug_str     0x000001ef      0x1a2 ./lcd.o
                                0x273 (size before relaxing)
 .debug_str     0x00000391       0x68 ./led.o
                                 0x9d (size before relaxing)
 .debug_str     0x000003f9       0x3e ./main.o
                                0x10a (size before relaxing)
 .debug_str     0x00000437       0xf6 ./uart_int.o
                                0x1da (size before relaxing)
 .debug_str     0x0000052d       0x9e C:\software\electronica\ARM\EclipseARM\sourcery-g++-lite-arm-2011.03\arm-none-eabi\lib\libnosys.a(sbrk.o)
                                 0xac (size before relaxing)
