Archive member included because of file (symbol)

C:\Users\Campos\Desktop\EclipseARM\sourcery-g++-lite-arm-2011.03\arm-none-eabi\lib\libc.a(lib_a-vsprintf.o)
                              ./lcd.o (vsprintf)
C:\Users\Campos\Desktop\EclipseARM\sourcery-g++-lite-arm-2011.03\arm-none-eabi\lib\libc.a(lib_a-impure.o)
                              C:\Users\Campos\Desktop\EclipseARM\sourcery-g++-lite-arm-2011.03\arm-none-eabi\lib\libc.a(lib_a-vsprintf.o) (_impure_ptr)
C:\Users\Campos\Desktop\EclipseARM\sourcery-g++-lite-arm-2011.03\arm-none-eabi\lib\libc.a(lib_a-svfprintf.o)
                              C:\Users\Campos\Desktop\EclipseARM\sourcery-g++-lite-arm-2011.03\arm-none-eabi\lib\libc.a(lib_a-vsprintf.o) (_svfprintf_r)
C:\Users\Campos\Desktop\EclipseARM\sourcery-g++-lite-arm-2011.03\arm-none-eabi\lib\libc.a(lib_a-dtoa.o)
                              C:\Users\Campos\Desktop\EclipseARM\sourcery-g++-lite-arm-2011.03\arm-none-eabi\lib\libc.a(lib_a-svfprintf.o) (_dtoa_r)
C:\Users\Campos\Desktop\EclipseARM\sourcery-g++-lite-arm-2011.03\arm-none-eabi\lib\libc.a(lib_a-locale.o)
                              C:\Users\Campos\Desktop\EclipseARM\sourcery-g++-lite-arm-2011.03\arm-none-eabi\lib\libc.a(lib_a-svfprintf.o) (_localeconv_r)
C:\Users\Campos\Desktop\EclipseARM\sourcery-g++-lite-arm-2011.03\arm-none-eabi\lib\libc.a(lib_a-mallocr.o)
                              C:\Users\Campos\Desktop\EclipseARM\sourcery-g++-lite-arm-2011.03\arm-none-eabi\lib\libc.a(lib_a-svfprintf.o) (_malloc_r)
C:\Users\Campos\Desktop\EclipseARM\sourcery-g++-lite-arm-2011.03\arm-none-eabi\lib\libc.a(lib_a-memchr.o)
                              C:\Users\Campos\Desktop\EclipseARM\sourcery-g++-lite-arm-2011.03\arm-none-eabi\lib\libc.a(lib_a-svfprintf.o) (memchr)
C:\Users\Campos\Desktop\EclipseARM\sourcery-g++-lite-arm-2011.03\arm-none-eabi\lib\libc.a(lib_a-memcpy.o)
                              C:\Users\Campos\Desktop\EclipseARM\sourcery-g++-lite-arm-2011.03\arm-none-eabi\lib\libc.a(lib_a-dtoa.o) (memcpy)
C:\Users\Campos\Desktop\EclipseARM\sourcery-g++-lite-arm-2011.03\arm-none-eabi\lib\libc.a(lib_a-mlock.o)
                              C:\Users\Campos\Desktop\EclipseARM\sourcery-g++-lite-arm-2011.03\arm-none-eabi\lib\libc.a(lib_a-mallocr.o) (__malloc_lock)
C:\Users\Campos\Desktop\EclipseARM\sourcery-g++-lite-arm-2011.03\arm-none-eabi\lib\libc.a(lib_a-mprec.o)
                              C:\Users\Campos\Desktop\EclipseARM\sourcery-g++-lite-arm-2011.03\arm-none-eabi\lib\libc.a(lib_a-dtoa.o) (_Balloc)
C:\Users\Campos\Desktop\EclipseARM\sourcery-g++-lite-arm-2011.03\arm-none-eabi\lib\libc.a(lib_a-s_fpclassify.o)
                              C:\Users\Campos\Desktop\EclipseARM\sourcery-g++-lite-arm-2011.03\arm-none-eabi\lib\libc.a(lib_a-svfprintf.o) (__fpclassifyd)
C:\Users\Campos\Desktop\EclipseARM\sourcery-g++-lite-arm-2011.03\arm-none-eabi\lib\libc.a(lib_a-sbrkr.o)
                              C:\Users\Campos\Desktop\EclipseARM\sourcery-g++-lite-arm-2011.03\arm-none-eabi\lib\libc.a(lib_a-mallocr.o) (_sbrk_r)
C:\Users\Campos\Desktop\EclipseARM\sourcery-g++-lite-arm-2011.03\arm-none-eabi\lib\libc.a(lib_a-strcmp.o)
                              C:\Users\Campos\Desktop\EclipseARM\sourcery-g++-lite-arm-2011.03\arm-none-eabi\lib\libc.a(lib_a-locale.o) (strcmp)
C:\Users\Campos\Desktop\EclipseARM\sourcery-g++-lite-arm-2011.03\arm-none-eabi\lib\libc.a(lib_a-strlen.o)
                              C:\Users\Campos\Desktop\EclipseARM\sourcery-g++-lite-arm-2011.03\arm-none-eabi\lib\libc.a(lib_a-svfprintf.o) (strlen)
C:\Users\Campos\Desktop\EclipseARM\sourcery-g++-lite-arm-2011.03\arm-none-eabi\lib\libc.a(lib_a-svfiprintf.o)
                              C:\Users\Campos\Desktop\EclipseARM\sourcery-g++-lite-arm-2011.03\arm-none-eabi\lib\libc.a(lib_a-svfprintf.o) (__ssprint_r)
C:\Users\Campos\Desktop\EclipseARM\sourcery-g++-lite-arm-2011.03\arm-none-eabi\lib\libc.a(lib_a-callocr.o)
                              C:\Users\Campos\Desktop\EclipseARM\sourcery-g++-lite-arm-2011.03\arm-none-eabi\lib\libc.a(lib_a-mprec.o) (_calloc_r)
C:\Users\Campos\Desktop\EclipseARM\sourcery-g++-lite-arm-2011.03\arm-none-eabi\lib\libc.a(lib_a-freer.o)
                              C:\Users\Campos\Desktop\EclipseARM\sourcery-g++-lite-arm-2011.03\arm-none-eabi\lib\libc.a(lib_a-mallocr.o) (_free_r)
C:\Users\Campos\Desktop\EclipseARM\sourcery-g++-lite-arm-2011.03\arm-none-eabi\lib\libc.a(lib_a-memmove.o)
                              C:\Users\Campos\Desktop\EclipseARM\sourcery-g++-lite-arm-2011.03\arm-none-eabi\lib\libc.a(lib_a-svfiprintf.o) (memmove)
C:\Users\Campos\Desktop\EclipseARM\sourcery-g++-lite-arm-2011.03\arm-none-eabi\lib\libc.a(lib_a-memset.o)
                              C:\Users\Campos\Desktop\EclipseARM\sourcery-g++-lite-arm-2011.03\arm-none-eabi\lib\libc.a(lib_a-callocr.o) (memset)
C:\Users\Campos\Desktop\EclipseARM\sourcery-g++-lite-arm-2011.03\arm-none-eabi\lib\libc.a(lib_a-reallocr.o)
                              C:\Users\Campos\Desktop\EclipseARM\sourcery-g++-lite-arm-2011.03\arm-none-eabi\lib\libc.a(lib_a-svfiprintf.o) (_realloc_r)
C:\Users\Campos\Desktop\EclipseARM\sourcery-g++-lite-arm-2011.03\arm-none-eabi\lib\libc.a(lib_a-reent.o)
                              C:\Users\Campos\Desktop\EclipseARM\sourcery-g++-lite-arm-2011.03\arm-none-eabi\lib\libc.a(lib_a-sbrkr.o) (errno)
C:\Users\Campos\Desktop\EclipseARM\sourcery-g++-lite-arm-2011.03\lib\gcc\arm-none-eabi\4.5.2\libgcc.a(_udivsi3.o)
                              C:\Users\Campos\Desktop\EclipseARM\sourcery-g++-lite-arm-2011.03\arm-none-eabi\lib\libc.a(lib_a-dtoa.o) (__aeabi_uidiv)
C:\Users\Campos\Desktop\EclipseARM\sourcery-g++-lite-arm-2011.03\lib\gcc\arm-none-eabi\4.5.2\libgcc.a(_divsi3.o)
                              ./commonUart/44blib.o (__aeabi_idiv)
C:\Users\Campos\Desktop\EclipseARM\sourcery-g++-lite-arm-2011.03\lib\gcc\arm-none-eabi\4.5.2\libgcc.a(_dvmd_tls.o)
                              C:\Users\Campos\Desktop\EclipseARM\sourcery-g++-lite-arm-2011.03\lib\gcc\arm-none-eabi\4.5.2\libgcc.a(_udivsi3.o) (__aeabi_idiv0)
C:\Users\Campos\Desktop\EclipseARM\sourcery-g++-lite-arm-2011.03\lib\gcc\arm-none-eabi\4.5.2\libgcc.a(_arm_addsubdf3.o)
                              C:\Users\Campos\Desktop\EclipseARM\sourcery-g++-lite-arm-2011.03\arm-none-eabi\lib\libc.a(lib_a-dtoa.o) (__aeabi_dsub)
C:\Users\Campos\Desktop\EclipseARM\sourcery-g++-lite-arm-2011.03\lib\gcc\arm-none-eabi\4.5.2\libgcc.a(_arm_muldivdf3.o)
                              C:\Users\Campos\Desktop\EclipseARM\sourcery-g++-lite-arm-2011.03\arm-none-eabi\lib\libc.a(lib_a-dtoa.o) (__aeabi_dmul)
C:\Users\Campos\Desktop\EclipseARM\sourcery-g++-lite-arm-2011.03\lib\gcc\arm-none-eabi\4.5.2\libgcc.a(_arm_cmpdf2.o)
                              C:\Users\Campos\Desktop\EclipseARM\sourcery-g++-lite-arm-2011.03\arm-none-eabi\lib\libc.a(lib_a-svfprintf.o) (__aeabi_dcmpeq)
C:\Users\Campos\Desktop\EclipseARM\sourcery-g++-lite-arm-2011.03\lib\gcc\arm-none-eabi\4.5.2\libgcc.a(_arm_fixdfsi.o)
                              ./uart_int.o (__aeabi_d2iz)
C:\Users\Campos\Desktop\EclipseARM\sourcery-g++-lite-arm-2011.03\lib\gcc\arm-none-eabi\4.5.2\libgcc.a(_aeabi_uldivmod.o)
                              C:\Users\Campos\Desktop\EclipseARM\sourcery-g++-lite-arm-2011.03\arm-none-eabi\lib\libc.a(lib_a-svfprintf.o) (__aeabi_uldivmod)
C:\Users\Campos\Desktop\EclipseARM\sourcery-g++-lite-arm-2011.03\lib\gcc\arm-none-eabi\4.5.2\libgcc.a(bpabi.o)
                              C:\Users\Campos\Desktop\EclipseARM\sourcery-g++-lite-arm-2011.03\lib\gcc\arm-none-eabi\4.5.2\libgcc.a(_aeabi_uldivmod.o) (__gnu_uldivmod_helper)
C:\Users\Campos\Desktop\EclipseARM\sourcery-g++-lite-arm-2011.03\lib\gcc\arm-none-eabi\4.5.2\libgcc.a(_divdi3.o)
                              C:\Users\Campos\Desktop\EclipseARM\sourcery-g++-lite-arm-2011.03\lib\gcc\arm-none-eabi\4.5.2\libgcc.a(bpabi.o) (__divdi3)
C:\Users\Campos\Desktop\EclipseARM\sourcery-g++-lite-arm-2011.03\lib\gcc\arm-none-eabi\4.5.2\libgcc.a(_udivdi3.o)
                              C:\Users\Campos\Desktop\EclipseARM\sourcery-g++-lite-arm-2011.03\lib\gcc\arm-none-eabi\4.5.2\libgcc.a(bpabi.o) (__udivdi3)
C:\Users\Campos\Desktop\EclipseARM\sourcery-g++-lite-arm-2011.03\lib\gcc\arm-none-eabi\4.5.2\libgcc.a(_clzsi2.o)
                              C:\Users\Campos\Desktop\EclipseARM\sourcery-g++-lite-arm-2011.03\lib\gcc\arm-none-eabi\4.5.2\libgcc.a(_divdi3.o) (__clzsi2)
C:\Users\Campos\Desktop\EclipseARM\sourcery-g++-lite-arm-2011.03\arm-none-eabi\lib\libnosys.a(sbrk.o)
                              C:\Users\Campos\Desktop\EclipseARM\sourcery-g++-lite-arm-2011.03\arm-none-eabi\lib\libc.a(lib_a-sbrkr.o) (_sbrk)

Allocating common symbols
Common symbol       size              file

data1               0x1               ./uart_int.o
errno               0x4               C:\Users\Campos\Desktop\EclipseARM\sourcery-g++-lite-arm-2011.03\arm-none-eabi\lib\libc.a(lib_a-reent.o)
data2               0x1               ./uart_int.o
led_state           0x4               ./led.o
fileSize            0x4               ./commonUart/44blib.o
state               0x4               ./button.o
val2                0x4               ./button.o
buffer              0x9600            ./lcd.o
key                 0x4               ./keyboard.o
which_int           0x4               ./button.o
val1                0x4               ./button.o
downPt              0x4               ./commonUart/44blib.o
keyBufWrPt_new      0x4               ./uart_int.o

Memory Configuration

Name             Origin             Length             Attributes
*default*        0x00000000         0xffffffff

Linker script and memory map

LOAD ./commonUart/44binit.o
LOAD ./commonUart/44blib.o
LOAD ./8led.o
LOAD ./Visualizar.o
LOAD ./button.o
LOAD ./init.o
LOAD ./keyboard.o
LOAD ./lcd.o
LOAD ./led.o
LOAD ./main.o
LOAD ./uart_int.o
LOAD C:\Users\Campos\Desktop\EclipseARM\sourcery-g++-lite-arm-2011.03\arm-none-eabi\lib\libc.a
LOAD C:\Users\Campos\Desktop\EclipseARM\sourcery-g++-lite-arm-2011.03\lib\gcc\arm-none-eabi\4.5.2\libgcc.a
LOAD C:\Users\Campos\Desktop\EclipseARM\sourcery-g++-lite-arm-2011.03\arm-none-eabi\lib\libnosys.a
START GROUP
LOAD C:\Users\Campos\Desktop\EclipseARM\sourcery-g++-lite-arm-2011.03\lib\gcc\arm-none-eabi\4.5.2\libgcc.a
LOAD C:\Users\Campos\Desktop\EclipseARM\sourcery-g++-lite-arm-2011.03\arm-none-eabi\lib\libc.a
END GROUP
                0x0c000000                . = 0xc000000
                0x0c000000                Image_RO_Base = .

.text           0x0c000000     0xb72c
 *(.text)
 .text          0x0c000000      0x710 ./commonUart/44binit.o
 .text          0x0c000710      0x46c ./commonUart/44blib.o
                0x0c000710                Delay
                0x0c000848                DelayMs
                0x0c0008ac                Port_Init
                0x0c000a3c                malloc
                0x0c000adc                free
                0x0c000b0c                sys_init
 .text          0x0c000b7c       0x54 ./8led.o
                0x0c000b7c                D8Led_init
                0x0c000b94                D8Led_symbol
 .text          0x0c000bd0      0x34c ./Visualizar.o
                0x0c000bd0                init_visualizacion
                0x0c000bf0                mensaje_bienvenida
                0x0c000c38                dibujar_mapa
                0x0c000d14                dibujar_racman
                0x0c000d78                poner_muro
                0x0c000dc8                pintar_pixels
                0x0c000ed4                limpiar_pixels
 .text          0x0c000f1c      0x288 ./button.o
                0x0c000f1c                Eint4567_init
                0x0c0010a4                init_buttons
                0x0c001110                pulsa
                0x0c001164                Eint4567_ISR
 .text          0x0c0011a4       0x1c ./init.o
                0x0c0011a4                start
 .text          0x0c0011c0      0x398 ./keyboard.o
                0x0c0011c0                keyboard_init
                0x0c0012d4                KeyboardInt
                0x0c001328                key_read
 .text          0x0c001558      0xf14 ./lcd.o
                0x0c001558                lcd_init
                0x0c0016d8                lcd_clear
                0x0c001738                lcd_putpixel
                0x0c001824                lcd_clear16x16
                0x0c0019c4                lcd_getpixel
                0x0c001a70                lcd_draw_hline
                0x0c001b28                lcd_draw_vline
                0x0c001be0                lcd_draw_box
                0x0c001cbc                lcd_putchar
                0x0c001e10                lcd_puts
                0x0c001e84                lcd_printf
                0x0c001f18                lcd_putchar_x2
                0x0c002358                lcd_puts_x2
                0x0c0023d8                lcd_printf_x2
 .text          0x0c00246c      0x230 ./led.o
                0x0c00246c                leds_on
                0x0c00248c                leds_off
                0x0c0024ac                led1_on
                0x0c0024ec                led1_off
                0x0c00252c                led2_on
                0x0c00256c                led2_off
                0x0c0025ac                leds_switch
                0x0c0025ec                Led_Display
 .text          0x0c00269c       0x2c ./main.o
                0x0c00269c                Main
 .text          0x0c0026c8      0x550 ./uart_int.o
                0x0c0026c8                Uart_Init
                0x0c00279c                Uart_Config
                0x0c002854                Uart_TxEmpty
                0x0c002888                Uart_Getch
                0x0c00290c                Uart_SendByte
                0x0c0029a0                Uart_SendString
                0x0c0029ec                Uart_Printf
                0x0c002a34                Uart0_RxInt
                0x0c002b10                Uart0_TxInt
                0x0c002bb0                siguiente
 .text          0x0c002c18       0x7c C:\Users\Campos\Desktop\EclipseARM\sourcery-g++-lite-arm-2011.03\arm-none-eabi\lib\libc.a(lib_a-vsprintf.o)
                0x0c002c18                _vsprintf_r
                0x0c002c68                vsprintf
 .text          0x0c002c94        0x0 C:\Users\Campos\Desktop\EclipseARM\sourcery-g++-lite-arm-2011.03\arm-none-eabi\lib\libc.a(lib_a-impure.o)
 .text          0x0c002c94     0x2138 C:\Users\Campos\Desktop\EclipseARM\sourcery-g++-lite-arm-2011.03\arm-none-eabi\lib\libc.a(lib_a-svfprintf.o)
                0x0c002c94                _svfprintf_r
 *fill*         0x0c004dcc        0x4 00
 .text          0x0c004dd0     0x17d0 C:\Users\Campos\Desktop\EclipseARM\sourcery-g++-lite-arm-2011.03\arm-none-eabi\lib\libc.a(lib_a-dtoa.o)
                0x0c004fa0                _dtoa_r
 .text          0x0c0065a0       0xd0 C:\Users\Campos\Desktop\EclipseARM\sourcery-g++-lite-arm-2011.03\arm-none-eabi\lib\libc.a(lib_a-locale.o)
                0x0c0065a0                _setlocale_r
                0x0c00660c                __locale_charset
                0x0c006618                __locale_mb_cur_max
                0x0c006628                __locale_msgcharset
                0x0c006634                __locale_cjk_lang
                0x0c00663c                _localeconv_r
                0x0c006648                setlocale
                0x0c006664                localeconv
 .text          0x0c006670      0x70c C:\Users\Campos\Desktop\EclipseARM\sourcery-g++-lite-arm-2011.03\arm-none-eabi\lib\libc.a(lib_a-mallocr.o)
                0x0c006670                _malloc_r
 .text          0x0c006d7c      0x104 C:\Users\Campos\Desktop\EclipseARM\sourcery-g++-lite-arm-2011.03\arm-none-eabi\lib\libc.a(lib_a-memchr.o)
                0x0c006d7c                memchr
 .text          0x0c006e80      0x1c0 C:\Users\Campos\Desktop\EclipseARM\sourcery-g++-lite-arm-2011.03\arm-none-eabi\lib\libc.a(lib_a-memcpy.o)
                0x0c006e80                memcpy
 .text          0x0c007040        0x8 C:\Users\Campos\Desktop\EclipseARM\sourcery-g++-lite-arm-2011.03\arm-none-eabi\lib\libc.a(lib_a-mlock.o)
                0x0c007040                __malloc_lock
                0x0c007044                __malloc_unlock
 .text          0x0c007048      0xcfc C:\Users\Campos\Desktop\EclipseARM\sourcery-g++-lite-arm-2011.03\arm-none-eabi\lib\libc.a(lib_a-mprec.o)
                0x0c007048                _Balloc
                0x0c0070d0                _Bfree
                0x0c0070ec                __multadd
                0x0c0071c8                __s2b
                0x0c0072b4                __hi0bits
                0x0c007304                __lo0bits
                0x0c007394                __i2b
                0x0c0073b8                __multiply
                0x0c0075a0                __pow5mult
                0x0c007694                __lshift
                0x0c007798                __mcmp
                0x0c0077f8                __mdiff
                0x0c007950                __ulp
                0x0c0079b0                __b2d
                0x0c007a74                __d2b
                0x0c007b7c                __ratio
                0x0c007bf4                _mprec_log10
                0x0c007c48                __copybits
                0x0c007cbc                __any_on
 .text          0x0c007d44       0x8c C:\Users\Campos\Desktop\EclipseARM\sourcery-g++-lite-arm-2011.03\arm-none-eabi\lib\libc.a(lib_a-s_fpclassify.o)
                0x0c007d44                __fpclassifyd
 .text          0x0c007dd0       0x40 C:\Users\Campos\Desktop\EclipseARM\sourcery-g++-lite-arm-2011.03\arm-none-eabi\lib\libc.a(lib_a-sbrkr.o)
                0x0c007dd0                _sbrk_r
 .text          0x0c007e10      0x230 C:\Users\Campos\Desktop\EclipseARM\sourcery-g++-lite-arm-2011.03\arm-none-eabi\lib\libc.a(lib_a-strcmp.o)
                0x0c007e10                strcmp
 .text          0x0c008040       0x60 C:\Users\Campos\Desktop\EclipseARM\sourcery-g++-lite-arm-2011.03\arm-none-eabi\lib\libc.a(lib_a-strlen.o)
                0x0c008040                strlen
 .text          0x0c0080a0     0x1238 C:\Users\Campos\Desktop\EclipseARM\sourcery-g++-lite-arm-2011.03\arm-none-eabi\lib\libc.a(lib_a-svfiprintf.o)
                0x0c0080a0                __ssprint_r
                0x0c00823c                _svfiprintf_r
 .text          0x0c0092d8       0x9c C:\Users\Campos\Desktop\EclipseARM\sourcery-g++-lite-arm-2011.03\arm-none-eabi\lib\libc.a(lib_a-callocr.o)
                0x0c0092d8                _calloc_r
 .text          0x0c009374      0x360 C:\Users\Campos\Desktop\EclipseARM\sourcery-g++-lite-arm-2011.03\arm-none-eabi\lib\libc.a(lib_a-freer.o)
                0x0c009374                _malloc_trim_r
                0x0c009470                _free_r
 .text          0x0c0096d4      0x128 C:\Users\Campos\Desktop\EclipseARM\sourcery-g++-lite-arm-2011.03\arm-none-eabi\lib\libc.a(lib_a-memmove.o)
                0x0c0096d4                memmove
 .text          0x0c0097fc      0x100 C:\Users\Campos\Desktop\EclipseARM\sourcery-g++-lite-arm-2011.03\arm-none-eabi\lib\libc.a(lib_a-memset.o)
                0x0c0097fc                memset
 .text          0x0c0098fc      0x5c0 C:\Users\Campos\Desktop\EclipseARM\sourcery-g++-lite-arm-2011.03\arm-none-eabi\lib\libc.a(lib_a-reallocr.o)
                0x0c0098fc                _realloc_r
 .text          0x0c009ebc      0x1ac C:\Users\Campos\Desktop\EclipseARM\sourcery-g++-lite-arm-2011.03\arm-none-eabi\lib\libc.a(lib_a-reent.o)
                0x0c009ebc                cleanup_glue
                0x0c009ee8                _reclaim_reent
                0x0c009ff0                _wrapup_reent
 .text          0x0c00a068      0x114 C:\Users\Campos\Desktop\EclipseARM\sourcery-g++-lite-arm-2011.03\lib\gcc\arm-none-eabi\4.5.2\libgcc.a(_udivsi3.o)
                0x0c00a068                __aeabi_uidiv
                0x0c00a068                __udivsi3
                0x0c00a15c                __aeabi_uidivmod
 .text          0x0c00a17c      0x148 C:\Users\Campos\Desktop\EclipseARM\sourcery-g++-lite-arm-2011.03\lib\gcc\arm-none-eabi\4.5.2\libgcc.a(_divsi3.o)
                0x0c00a17c                __divsi3
                0x0c00a17c                __aeabi_idiv
                0x0c00a2a4                __aeabi_idivmod
 .text          0x0c00a2c4        0x4 C:\Users\Campos\Desktop\EclipseARM\sourcery-g++-lite-arm-2011.03\lib\gcc\arm-none-eabi\4.5.2\libgcc.a(_dvmd_tls.o)
                0x0c00a2c4                __aeabi_idiv0
                0x0c00a2c4                __aeabi_ldiv0
 .text          0x0c00a2c8      0x41c C:\Users\Campos\Desktop\EclipseARM\sourcery-g++-lite-arm-2011.03\lib\gcc\arm-none-eabi\4.5.2\libgcc.a(_arm_addsubdf3.o)
                0x0c00a2c8                __aeabi_drsub
                0x0c00a2d0                __aeabi_dsub
                0x0c00a2d0                __subdf3
                0x0c00a2d4                __aeabi_dadd
                0x0c00a2d4                __adddf3
                0x0c00a5e4                __floatunsidf
                0x0c00a5e4                __aeabi_ui2d
                0x0c00a608                __floatsidf
                0x0c00a608                __aeabi_i2d
                0x0c00a630                __aeabi_f2d
                0x0c00a630                __extendsfdf2
                0x0c00a670                __floatundidf
                0x0c00a670                __aeabi_ul2d
                0x0c00a684                __floatdidf
                0x0c00a684                __aeabi_l2d
 .text          0x0c00a6e4      0x49c C:\Users\Campos\Desktop\EclipseARM\sourcery-g++-lite-arm-2011.03\lib\gcc\arm-none-eabi\4.5.2\libgcc.a(_arm_muldivdf3.o)
                0x0c00a6e4                __aeabi_dmul
                0x0c00a6e4                __muldf3
                0x0c00a974                __divdf3
                0x0c00a974                __aeabi_ddiv
 .text          0x0c00ab80      0x144 C:\Users\Campos\Desktop\EclipseARM\sourcery-g++-lite-arm-2011.03\lib\gcc\arm-none-eabi\4.5.2\libgcc.a(_arm_cmpdf2.o)
                0x0c00ab80                __gtdf2
                0x0c00ab80                __gedf2
                0x0c00ab88                __ltdf2
                0x0c00ab88                __ledf2
                0x0c00ab90                __nedf2
                0x0c00ab90                __eqdf2
                0x0c00ab90                __cmpdf2
                0x0c00ac18                __aeabi_cdrcmple
                0x0c00ac34                __aeabi_cdcmpeq
                0x0c00ac34                __aeabi_cdcmple
                0x0c00ac4c                __aeabi_dcmpeq
                0x0c00ac64                __aeabi_dcmplt
                0x0c00ac7c                __aeabi_dcmple
                0x0c00ac94                __aeabi_dcmpge
                0x0c00acac                __aeabi_dcmpgt
 .text          0x0c00acc4       0x5c C:\Users\Campos\Desktop\EclipseARM\sourcery-g++-lite-arm-2011.03\lib\gcc\arm-none-eabi\4.5.2\libgcc.a(_arm_fixdfsi.o)
                0x0c00acc4                __aeabi_d2iz
                0x0c00acc4                __fixdfsi
 .text          0x0c00ad20       0x3c C:\Users\Campos\Desktop\EclipseARM\sourcery-g++-lite-arm-2011.03\lib\gcc\arm-none-eabi\4.5.2\libgcc.a(_aeabi_uldivmod.o)
                0x0c00ad20                __aeabi_uldivmod
 .text          0x0c00ad5c       0x80 C:\Users\Campos\Desktop\EclipseARM\sourcery-g++-lite-arm-2011.03\lib\gcc\arm-none-eabi\4.5.2\libgcc.a(bpabi.o)
                0x0c00ad5c                __gnu_ldivmod_helper
                0x0c00ad9c                __gnu_uldivmod_helper
 .text          0x0c00addc      0x4a8 C:\Users\Campos\Desktop\EclipseARM\sourcery-g++-lite-arm-2011.03\lib\gcc\arm-none-eabi\4.5.2\libgcc.a(_divdi3.o)
                0x0c00addc                __divdi3
 .text          0x0c00b284      0x434 C:\Users\Campos\Desktop\EclipseARM\sourcery-g++-lite-arm-2011.03\lib\gcc\arm-none-eabi\4.5.2\libgcc.a(_udivdi3.o)
                0x0c00b284                __udivdi3
 .text          0x0c00b6b8       0x48 C:\Users\Campos\Desktop\EclipseARM\sourcery-g++-lite-arm-2011.03\lib\gcc\arm-none-eabi\4.5.2\libgcc.a(_clzsi2.o)
                0x0c00b6b8                __clzsi2
 .text          0x0c00b700       0x2c C:\Users\Campos\Desktop\EclipseARM\sourcery-g++-lite-arm-2011.03\arm-none-eabi\lib\libnosys.a(sbrk.o)
                0x0c00b700                _sbrk
                0x0c00b72c                Image_RO_Limit = .
                0x0c00b72c                Image_RW_Base = .

.glue_7         0x0c00b72c        0x0
 .glue_7        0x00000000        0x0 linker stubs

.glue_7t        0x0c00b72c        0x0
 .glue_7t       0x00000000        0x0 linker stubs

.vfp11_veneer   0x0c00b72c        0x0
 .vfp11_veneer  0x00000000        0x0 linker stubs

.v4_bx          0x0c00b72c        0x0
 .v4_bx         0x00000000        0x0 linker stubs

.data           0x0c00b730     0x24fc
 *(.data)
 .data          0x0c00b730        0x6 ./commonUart/44binit.o
                0x0c00b730                BDRAMTYPE
 *fill*         0x0c00b736        0x2 00
 .data          0x0c00b738        0xc ./commonUart/44blib.o
                0x0c00b738                mallocPt
                0x0c00b73c                run
 .data          0x0c00b744       0x40 ./8led.o
                0x0c00b744                Symbol
 .data          0x0c00b784      0xbb0 ./Visualizar.o
                0x0c00b784                mapa
                0x0c00bc34                muro
                0x0c00bd34                racman
 .data          0x0c00c334        0x0 ./button.o
 .data          0x0c00c334        0x0 ./init.o
 .data          0x0c00c334        0x4 ./keyboard.o
                0x0c00c334                keyboard_base
 .data          0x0c00c338     0x1000 ./lcd.o
                0x0c00c338                font
 .data          0x0c00d338        0x0 ./led.o
 .data          0x0c00d338        0x0 ./main.o
 .data          0x0c00d338       0x34 ./uart_int.o
                0x0c00d338                str_error2
 .data          0x0c00d36c        0x0 C:\Users\Campos\Desktop\EclipseARM\sourcery-g++-lite-arm-2011.03\arm-none-eabi\lib\libc.a(lib_a-vsprintf.o)
 *fill*         0x0c00d36c        0x4 00
 .data          0x0c00d370      0x430 C:\Users\Campos\Desktop\EclipseARM\sourcery-g++-lite-arm-2011.03\arm-none-eabi\lib\libc.a(lib_a-impure.o)
                0x0c00d370                _impure_ptr
 .data          0x0c00d7a0        0x0 C:\Users\Campos\Desktop\EclipseARM\sourcery-g++-lite-arm-2011.03\arm-none-eabi\lib\libc.a(lib_a-svfprintf.o)
 .data          0x0c00d7a0        0x0 C:\Users\Campos\Desktop\EclipseARM\sourcery-g++-lite-arm-2011.03\arm-none-eabi\lib\libc.a(lib_a-dtoa.o)
 .data          0x0c00d7a0       0x7c C:\Users\Campos\Desktop\EclipseARM\sourcery-g++-lite-arm-2011.03\arm-none-eabi\lib\libc.a(lib_a-locale.o)
                0x0c00d7c0                __mb_cur_max
 .data          0x0c00d81c      0x410 C:\Users\Campos\Desktop\EclipseARM\sourcery-g++-lite-arm-2011.03\arm-none-eabi\lib\libc.a(lib_a-mallocr.o)
                0x0c00d81c                __malloc_av_
                0x0c00dc24                __malloc_sbrk_base
                0x0c00dc28                __malloc_trim_threshold
 .data          0x0c00dc2c        0x0 C:\Users\Campos\Desktop\EclipseARM\sourcery-g++-lite-arm-2011.03\arm-none-eabi\lib\libc.a(lib_a-memchr.o)
 .data          0x0c00dc2c        0x0 C:\Users\Campos\Desktop\EclipseARM\sourcery-g++-lite-arm-2011.03\arm-none-eabi\lib\libc.a(lib_a-memcpy.o)
 .data          0x0c00dc2c        0x0 C:\Users\Campos\Desktop\EclipseARM\sourcery-g++-lite-arm-2011.03\arm-none-eabi\lib\libc.a(lib_a-mlock.o)
 .data          0x0c00dc2c        0x0 C:\Users\Campos\Desktop\EclipseARM\sourcery-g++-lite-arm-2011.03\arm-none-eabi\lib\libc.a(lib_a-mprec.o)
 .data          0x0c00dc2c        0x0 C:\Users\Campos\Desktop\EclipseARM\sourcery-g++-lite-arm-2011.03\arm-none-eabi\lib\libc.a(lib_a-s_fpclassify.o)
 .data          0x0c00dc2c        0x0 C:\Users\Campos\Desktop\EclipseARM\sourcery-g++-lite-arm-2011.03\arm-none-eabi\lib\libc.a(lib_a-sbrkr.o)
 .data          0x0c00dc2c        0x0 C:\Users\Campos\Desktop\EclipseARM\sourcery-g++-lite-arm-2011.03\arm-none-eabi\lib\libc.a(lib_a-strcmp.o)
 .data          0x0c00dc2c        0x0 C:\Users\Campos\Desktop\EclipseARM\sourcery-g++-lite-arm-2011.03\arm-none-eabi\lib\libc.a(lib_a-strlen.o)
 .data          0x0c00dc2c        0x0 C:\Users\Campos\Desktop\EclipseARM\sourcery-g++-lite-arm-2011.03\arm-none-eabi\lib\libc.a(lib_a-svfiprintf.o)
 .data          0x0c00dc2c        0x0 C:\Users\Campos\Desktop\EclipseARM\sourcery-g++-lite-arm-2011.03\arm-none-eabi\lib\libc.a(lib_a-callocr.o)
 .data          0x0c00dc2c        0x0 C:\Users\Campos\Desktop\EclipseARM\sourcery-g++-lite-arm-2011.03\arm-none-eabi\lib\libc.a(lib_a-freer.o)
 .data          0x0c00dc2c        0x0 C:\Users\Campos\Desktop\EclipseARM\sourcery-g++-lite-arm-2011.03\arm-none-eabi\lib\libc.a(lib_a-memmove.o)
 .data          0x0c00dc2c        0x0 C:\Users\Campos\Desktop\EclipseARM\sourcery-g++-lite-arm-2011.03\arm-none-eabi\lib\libc.a(lib_a-memset.o)
 .data          0x0c00dc2c        0x0 C:\Users\Campos\Desktop\EclipseARM\sourcery-g++-lite-arm-2011.03\arm-none-eabi\lib\libc.a(lib_a-reallocr.o)
 .data          0x0c00dc2c        0x0 C:\Users\Campos\Desktop\EclipseARM\sourcery-g++-lite-arm-2011.03\arm-none-eabi\lib\libc.a(lib_a-reent.o)
 .data          0x0c00dc2c        0x0 C:\Users\Campos\Desktop\EclipseARM\sourcery-g++-lite-arm-2011.03\lib\gcc\arm-none-eabi\4.5.2\libgcc.a(_udivsi3.o)
 .data          0x0c00dc2c        0x0 C:\Users\Campos\Desktop\EclipseARM\sourcery-g++-lite-arm-2011.03\lib\gcc\arm-none-eabi\4.5.2\libgcc.a(_divsi3.o)
 .data          0x0c00dc2c        0x0 C:\Users\Campos\Desktop\EclipseARM\sourcery-g++-lite-arm-2011.03\lib\gcc\arm-none-eabi\4.5.2\libgcc.a(_dvmd_tls.o)
 .data          0x0c00dc2c        0x0 C:\Users\Campos\Desktop\EclipseARM\sourcery-g++-lite-arm-2011.03\lib\gcc\arm-none-eabi\4.5.2\libgcc.a(_arm_addsubdf3.o)
 .data          0x0c00dc2c        0x0 C:\Users\Campos\Desktop\EclipseARM\sourcery-g++-lite-arm-2011.03\lib\gcc\arm-none-eabi\4.5.2\libgcc.a(_arm_muldivdf3.o)
 .data          0x0c00dc2c        0x0 C:\Users\Campos\Desktop\EclipseARM\sourcery-g++-lite-arm-2011.03\lib\gcc\arm-none-eabi\4.5.2\libgcc.a(_arm_cmpdf2.o)
 .data          0x0c00dc2c        0x0 C:\Users\Campos\Desktop\EclipseARM\sourcery-g++-lite-arm-2011.03\lib\gcc\arm-none-eabi\4.5.2\libgcc.a(_arm_fixdfsi.o)
 .data          0x0c00dc2c        0x0 C:\Users\Campos\Desktop\EclipseARM\sourcery-g++-lite-arm-2011.03\lib\gcc\arm-none-eabi\4.5.2\libgcc.a(_aeabi_uldivmod.o)
 .data          0x0c00dc2c        0x0 C:\Users\Campos\Desktop\EclipseARM\sourcery-g++-lite-arm-2011.03\lib\gcc\arm-none-eabi\4.5.2\libgcc.a(bpabi.o)
 .data          0x0c00dc2c        0x0 C:\Users\Campos\Desktop\EclipseARM\sourcery-g++-lite-arm-2011.03\lib\gcc\arm-none-eabi\4.5.2\libgcc.a(_divdi3.o)
 .data          0x0c00dc2c        0x0 C:\Users\Campos\Desktop\EclipseARM\sourcery-g++-lite-arm-2011.03\lib\gcc\arm-none-eabi\4.5.2\libgcc.a(_udivdi3.o)
 .data          0x0c00dc2c        0x0 C:\Users\Campos\Desktop\EclipseARM\sourcery-g++-lite-arm-2011.03\lib\gcc\arm-none-eabi\4.5.2\libgcc.a(_clzsi2.o)
 .data          0x0c00dc2c        0x0 C:\Users\Campos\Desktop\EclipseARM\sourcery-g++-lite-arm-2011.03\arm-none-eabi\lib\libnosys.a(sbrk.o)

.rodata         0x0c00dc30      0x1b0
 *(.rodata)
 .rodata        0x0c00dc30       0x40 ./Visualizar.o
 .rodata        0x0c00dc70        0x4 C:\Users\Campos\Desktop\EclipseARM\sourcery-g++-lite-arm-2011.03\arm-none-eabi\lib\libc.a(lib_a-impure.o)
                0x0c00dc70                _global_impure_ptr
 .rodata        0x0c00dc74       0x20 C:\Users\Campos\Desktop\EclipseARM\sourcery-g++-lite-arm-2011.03\arm-none-eabi\lib\libc.a(lib_a-svfprintf.o)
 *fill*         0x0c00dc94        0x4 00
 .rodata        0x0c00dc98      0x128 C:\Users\Campos\Desktop\EclipseARM\sourcery-g++-lite-arm-2011.03\arm-none-eabi\lib\libc.a(lib_a-mprec.o)
                0x0c00dca8                __mprec_tens
                0x0c00dd70                __mprec_bigtens
                0x0c00dd98                __mprec_tinytens
 .rodata        0x0c00ddc0       0x20 C:\Users\Campos\Desktop\EclipseARM\sourcery-g++-lite-arm-2011.03\arm-none-eabi\lib\libc.a(lib_a-svfiprintf.o)
                0x0c00dde0                Image_RW_Limit = .
                0x0c00dde0                Image_ZI_Base = .

.rodata.str1.4  0x0c00dde0       0x64
 .rodata.str1.4
                0x0c00dde0        0x2 C:\Users\Campos\Desktop\EclipseARM\sourcery-g++-lite-arm-2011.03\arm-none-eabi\lib\libc.a(lib_a-impure.o)
                                  0x4 (size before relaxing)
 *fill*         0x0c00dde2        0x2 00
 .rodata.str1.4
                0x0c00dde4       0x42 C:\Users\Campos\Desktop\EclipseARM\sourcery-g++-lite-arm-2011.03\arm-none-eabi\lib\libc.a(lib_a-svfprintf.o)
                                 0x44 (size before relaxing)
 *fill*         0x0c00de26        0x2 00
 .rodata.str1.4
                0x0c00de28       0x10 C:\Users\Campos\Desktop\EclipseARM\sourcery-g++-lite-arm-2011.03\arm-none-eabi\lib\libc.a(lib_a-dtoa.o)
                                 0x14 (size before relaxing)
 .rodata.str1.4
                0x0c00de38        0xc C:\Users\Campos\Desktop\EclipseARM\sourcery-g++-lite-arm-2011.03\arm-none-eabi\lib\libc.a(lib_a-locale.o)
                                 0x14 (size before relaxing)
 .rodata.str1.4
                0x00000000       0x30 C:\Users\Campos\Desktop\EclipseARM\sourcery-g++-lite-arm-2011.03\arm-none-eabi\lib\libc.a(lib_a-svfiprintf.o)

.ARM.extab      0x0c00de44        0x0
 .ARM.extab     0x0c00de44        0x0 C:\Users\Campos\Desktop\EclipseARM\sourcery-g++-lite-arm-2011.03\lib\gcc\arm-none-eabi\4.5.2\libgcc.a(_divdi3.o)
 .ARM.extab     0x0c00de44        0x0 C:\Users\Campos\Desktop\EclipseARM\sourcery-g++-lite-arm-2011.03\lib\gcc\arm-none-eabi\4.5.2\libgcc.a(_udivdi3.o)

.ARM.exidx      0x0c00de44        0x8
 .ARM.exidx     0x0c00de44        0x8 C:\Users\Campos\Desktop\EclipseARM\sourcery-g++-lite-arm-2011.03\lib\gcc\arm-none-eabi\4.5.2\libgcc.a(_divdi3.o)
 .ARM.exidx     0x0c00de4c        0x0 C:\Users\Campos\Desktop\EclipseARM\sourcery-g++-lite-arm-2011.03\lib\gcc\arm-none-eabi\4.5.2\libgcc.a(_udivdi3.o)
                                  0x8 (size before relaxing)

.bss            0x0c00de4c     0x96e4
 *(.bss)
 .bss           0x0c00de4c        0x0 ./commonUart/44binit.o
 .bss           0x0c00de4c        0x4 ./commonUart/44blib.o
                0x0c00de4c                restart
 .bss           0x0c00de50        0x0 ./8led.o
 .bss           0x0c00de50        0x0 ./Visualizar.o
 .bss           0x0c00de50        0x0 ./button.o
 .bss           0x0c00de50        0x0 ./init.o
 .bss           0x0c00de50        0x0 ./keyboard.o
 .bss           0x0c00de50        0x0 ./lcd.o
 .bss           0x0c00de50        0x0 ./led.o
 .bss           0x0c00de50        0x0 ./main.o
 .bss           0x0c00de50       0x70 ./uart_int.o
 .bss           0x0c00dec0        0x0 C:\Users\Campos\Desktop\EclipseARM\sourcery-g++-lite-arm-2011.03\arm-none-eabi\lib\libc.a(lib_a-vsprintf.o)
 .bss           0x0c00dec0        0x0 C:\Users\Campos\Desktop\EclipseARM\sourcery-g++-lite-arm-2011.03\arm-none-eabi\lib\libc.a(lib_a-impure.o)
 .bss           0x0c00dec0        0x0 C:\Users\Campos\Desktop\EclipseARM\sourcery-g++-lite-arm-2011.03\arm-none-eabi\lib\libc.a(lib_a-svfprintf.o)
 .bss           0x0c00dec0        0x0 C:\Users\Campos\Desktop\EclipseARM\sourcery-g++-lite-arm-2011.03\arm-none-eabi\lib\libc.a(lib_a-dtoa.o)
 .bss           0x0c00dec0        0xc C:\Users\Campos\Desktop\EclipseARM\sourcery-g++-lite-arm-2011.03\arm-none-eabi\lib\libc.a(lib_a-locale.o)
                0x0c00dec0                __nlocale_changed
                0x0c00dec4                __mlocale_changed
                0x0c00dec8                _PathLocale
 .bss           0x0c00decc       0x34 C:\Users\Campos\Desktop\EclipseARM\sourcery-g++-lite-arm-2011.03\arm-none-eabi\lib\libc.a(lib_a-mallocr.o)
                0x0c00decc                __malloc_top_pad
                0x0c00ded0                __malloc_current_mallinfo
                0x0c00def8                __malloc_max_sbrked_mem
                0x0c00defc                __malloc_max_total_mem
 .bss           0x0c00df00        0x0 C:\Users\Campos\Desktop\EclipseARM\sourcery-g++-lite-arm-2011.03\arm-none-eabi\lib\libc.a(lib_a-memchr.o)
 .bss           0x0c00df00        0x0 C:\Users\Campos\Desktop\EclipseARM\sourcery-g++-lite-arm-2011.03\arm-none-eabi\lib\libc.a(lib_a-memcpy.o)
 .bss           0x0c00df00        0x0 C:\Users\Campos\Desktop\EclipseARM\sourcery-g++-lite-arm-2011.03\arm-none-eabi\lib\libc.a(lib_a-mlock.o)
 .bss           0x0c00df00        0x0 C:\Users\Campos\Desktop\EclipseARM\sourcery-g++-lite-arm-2011.03\arm-none-eabi\lib\libc.a(lib_a-mprec.o)
 .bss           0x0c00df00        0x0 C:\Users\Campos\Desktop\EclipseARM\sourcery-g++-lite-arm-2011.03\arm-none-eabi\lib\libc.a(lib_a-s_fpclassify.o)
 .bss           0x0c00df00        0x0 C:\Users\Campos\Desktop\EclipseARM\sourcery-g++-lite-arm-2011.03\arm-none-eabi\lib\libc.a(lib_a-sbrkr.o)
 .bss           0x0c00df00        0x0 C:\Users\Campos\Desktop\EclipseARM\sourcery-g++-lite-arm-2011.03\arm-none-eabi\lib\libc.a(lib_a-strcmp.o)
 .bss           0x0c00df00        0x0 C:\Users\Campos\Desktop\EclipseARM\sourcery-g++-lite-arm-2011.03\arm-none-eabi\lib\libc.a(lib_a-strlen.o)
 .bss           0x0c00df00        0x0 C:\Users\Campos\Desktop\EclipseARM\sourcery-g++-lite-arm-2011.03\arm-none-eabi\lib\libc.a(lib_a-svfiprintf.o)
 .bss           0x0c00df00        0x0 C:\Users\Campos\Desktop\EclipseARM\sourcery-g++-lite-arm-2011.03\arm-none-eabi\lib\libc.a(lib_a-callocr.o)
 .bss           0x0c00df00        0x0 C:\Users\Campos\Desktop\EclipseARM\sourcery-g++-lite-arm-2011.03\arm-none-eabi\lib\libc.a(lib_a-freer.o)
 .bss           0x0c00df00        0x0 C:\Users\Campos\Desktop\EclipseARM\sourcery-g++-lite-arm-2011.03\arm-none-eabi\lib\libc.a(lib_a-memmove.o)
 .bss           0x0c00df00        0x0 C:\Users\Campos\Desktop\EclipseARM\sourcery-g++-lite-arm-2011.03\arm-none-eabi\lib\libc.a(lib_a-memset.o)
 .bss           0x0c00df00        0x0 C:\Users\Campos\Desktop\EclipseARM\sourcery-g++-lite-arm-2011.03\arm-none-eabi\lib\libc.a(lib_a-reallocr.o)
 .bss           0x0c00df00        0x0 C:\Users\Campos\Desktop\EclipseARM\sourcery-g++-lite-arm-2011.03\arm-none-eabi\lib\libc.a(lib_a-reent.o)
 .bss           0x0c00df00        0x0 C:\Users\Campos\Desktop\EclipseARM\sourcery-g++-lite-arm-2011.03\lib\gcc\arm-none-eabi\4.5.2\libgcc.a(_udivsi3.o)
 .bss           0x0c00df00        0x0 C:\Users\Campos\Desktop\EclipseARM\sourcery-g++-lite-arm-2011.03\lib\gcc\arm-none-eabi\4.5.2\libgcc.a(_divsi3.o)
 .bss           0x0c00df00        0x0 C:\Users\Campos\Desktop\EclipseARM\sourcery-g++-lite-arm-2011.03\lib\gcc\arm-none-eabi\4.5.2\libgcc.a(_dvmd_tls.o)
 .bss           0x0c00df00        0x0 C:\Users\Campos\Desktop\EclipseARM\sourcery-g++-lite-arm-2011.03\lib\gcc\arm-none-eabi\4.5.2\libgcc.a(_arm_addsubdf3.o)
 .bss           0x0c00df00        0x0 C:\Users\Campos\Desktop\EclipseARM\sourcery-g++-lite-arm-2011.03\lib\gcc\arm-none-eabi\4.5.2\libgcc.a(_arm_muldivdf3.o)
 .bss           0x0c00df00        0x0 C:\Users\Campos\Desktop\EclipseARM\sourcery-g++-lite-arm-2011.03\lib\gcc\arm-none-eabi\4.5.2\libgcc.a(_arm_cmpdf2.o)
 .bss           0x0c00df00        0x0 C:\Users\Campos\Desktop\EclipseARM\sourcery-g++-lite-arm-2011.03\lib\gcc\arm-none-eabi\4.5.2\libgcc.a(_arm_fixdfsi.o)
 .bss           0x0c00df00        0x0 C:\Users\Campos\Desktop\EclipseARM\sourcery-g++-lite-arm-2011.03\lib\gcc\arm-none-eabi\4.5.2\libgcc.a(_aeabi_uldivmod.o)
 .bss           0x0c00df00        0x0 C:\Users\Campos\Desktop\EclipseARM\sourcery-g++-lite-arm-2011.03\lib\gcc\arm-none-eabi\4.5.2\libgcc.a(bpabi.o)
 .bss           0x0c00df00        0x0 C:\Users\Campos\Desktop\EclipseARM\sourcery-g++-lite-arm-2011.03\lib\gcc\arm-none-eabi\4.5.2\libgcc.a(_divdi3.o)
 .bss           0x0c00df00        0x0 C:\Users\Campos\Desktop\EclipseARM\sourcery-g++-lite-arm-2011.03\lib\gcc\arm-none-eabi\4.5.2\libgcc.a(_udivdi3.o)
 .bss           0x0c00df00        0x0 C:\Users\Campos\Desktop\EclipseARM\sourcery-g++-lite-arm-2011.03\lib\gcc\arm-none-eabi\4.5.2\libgcc.a(_clzsi2.o)
 .bss           0x0c00df00        0x4 C:\Users\Campos\Desktop\EclipseARM\sourcery-g++-lite-arm-2011.03\arm-none-eabi\lib\libnosys.a(sbrk.o)
 COMMON         0x0c00df04        0x8 ./commonUart/44blib.o
                0x0c00df04                fileSize
                0x0c00df08                downPt
 COMMON         0x0c00df0c       0x10 ./button.o
                0x0c00df0c                state
                0x0c00df10                val2
                0x0c00df14                which_int
                0x0c00df18                val1
 COMMON         0x0c00df1c        0x4 ./keyboard.o
                0x0c00df1c                key
 COMMON         0x0c00df20     0x9600 ./lcd.o
                0x0c00df20                buffer
 COMMON         0x0c017520        0x4 ./led.o
                0x0c017520                led_state
 COMMON         0x0c017524        0x8 ./uart_int.o
                0x0c017524                data1
                0x0c017525                data2
                0x0c017528                keyBufWrPt_new
 COMMON         0x0c01752c        0x4 C:\Users\Campos\Desktop\EclipseARM\sourcery-g++-lite-arm-2011.03\arm-none-eabi\lib\libc.a(lib_a-reent.o)
                0x0c01752c                errno
                0x0c017530                Image_ZI_Limit = .
                0x0c017530                __bss_start__ = .
                0x0c017530                __bss_end__ = .
                0x0c017530                __EH_FRAME_BEGIN__ = .
                0x0c017530                __EH_FRAME_END__ = .
                0x0c017530                PROVIDE (__stack, .)
                0x0c017530                end = .
                0x0c017530                _end = .

.ARM.attributes
                0x00000000       0x2c
 .ARM.attributes
                0x00000000       0x22 ./commonUart/44binit.o
 .ARM.attributes
                0x00000022       0x32 ./commonUart/44blib.o
 .ARM.attributes
                0x00000054       0x32 ./8led.o
 .ARM.attributes
                0x00000086       0x32 ./Visualizar.o
 .ARM.attributes
                0x000000b8       0x32 ./button.o
 .ARM.attributes
                0x000000ea       0x22 ./init.o
 .ARM.attributes
                0x0000010c       0x32 ./keyboard.o
 .ARM.attributes
                0x0000013e       0x32 ./lcd.o
 .ARM.attributes
                0x00000170       0x32 ./led.o
 .ARM.attributes
                0x000001a2       0x32 ./main.o
 .ARM.attributes
                0x000001d4       0x32 ./uart_int.o
 .ARM.attributes
                0x00000206       0x34 C:\Users\Campos\Desktop\EclipseARM\sourcery-g++-lite-arm-2011.03\arm-none-eabi\lib\libc.a(lib_a-vsprintf.o)
 .ARM.attributes
                0x0000023a       0x34 C:\Users\Campos\Desktop\EclipseARM\sourcery-g++-lite-arm-2011.03\arm-none-eabi\lib\libc.a(lib_a-impure.o)
 .ARM.attributes
                0x0000026e       0x34 C:\Users\Campos\Desktop\EclipseARM\sourcery-g++-lite-arm-2011.03\arm-none-eabi\lib\libc.a(lib_a-svfprintf.o)
 .ARM.attributes
                0x000002a2       0x34 C:\Users\Campos\Desktop\EclipseARM\sourcery-g++-lite-arm-2011.03\arm-none-eabi\lib\libc.a(lib_a-dtoa.o)
 .ARM.attributes
                0x000002d6       0x34 C:\Users\Campos\Desktop\EclipseARM\sourcery-g++-lite-arm-2011.03\arm-none-eabi\lib\libc.a(lib_a-locale.o)
 .ARM.attributes
                0x0000030a       0x34 C:\Users\Campos\Desktop\EclipseARM\sourcery-g++-lite-arm-2011.03\arm-none-eabi\lib\libc.a(lib_a-mallocr.o)
 .ARM.attributes
                0x0000033e       0x34 C:\Users\Campos\Desktop\EclipseARM\sourcery-g++-lite-arm-2011.03\arm-none-eabi\lib\libc.a(lib_a-memchr.o)
 .ARM.attributes
                0x00000372       0x34 C:\Users\Campos\Desktop\EclipseARM\sourcery-g++-lite-arm-2011.03\arm-none-eabi\lib\libc.a(lib_a-memcpy.o)
 .ARM.attributes
                0x000003a6       0x34 C:\Users\Campos\Desktop\EclipseARM\sourcery-g++-lite-arm-2011.03\arm-none-eabi\lib\libc.a(lib_a-mlock.o)
 .ARM.attributes
                0x000003da       0x34 C:\Users\Campos\Desktop\EclipseARM\sourcery-g++-lite-arm-2011.03\arm-none-eabi\lib\libc.a(lib_a-mprec.o)
 .ARM.attributes
                0x0000040e       0x34 C:\Users\Campos\Desktop\EclipseARM\sourcery-g++-lite-arm-2011.03\arm-none-eabi\lib\libc.a(lib_a-s_fpclassify.o)
 .ARM.attributes
                0x00000442       0x34 C:\Users\Campos\Desktop\EclipseARM\sourcery-g++-lite-arm-2011.03\arm-none-eabi\lib\libc.a(lib_a-sbrkr.o)
 .ARM.attributes
                0x00000476       0x34 C:\Users\Campos\Desktop\EclipseARM\sourcery-g++-lite-arm-2011.03\arm-none-eabi\lib\libc.a(lib_a-strcmp.o)
 .ARM.attributes
                0x000004aa       0x34 C:\Users\Campos\Desktop\EclipseARM\sourcery-g++-lite-arm-2011.03\arm-none-eabi\lib\libc.a(lib_a-strlen.o)
 .ARM.attributes
                0x000004de       0x34 C:\Users\Campos\Desktop\EclipseARM\sourcery-g++-lite-arm-2011.03\arm-none-eabi\lib\libc.a(lib_a-svfiprintf.o)
 .ARM.attributes
                0x00000512       0x34 C:\Users\Campos\Desktop\EclipseARM\sourcery-g++-lite-arm-2011.03\arm-none-eabi\lib\libc.a(lib_a-callocr.o)
 .ARM.attributes
                0x00000546       0x34 C:\Users\Campos\Desktop\EclipseARM\sourcery-g++-lite-arm-2011.03\arm-none-eabi\lib\libc.a(lib_a-freer.o)
 .ARM.attributes
                0x0000057a       0x34 C:\Users\Campos\Desktop\EclipseARM\sourcery-g++-lite-arm-2011.03\arm-none-eabi\lib\libc.a(lib_a-memmove.o)
 .ARM.attributes
                0x000005ae       0x34 C:\Users\Campos\Desktop\EclipseARM\sourcery-g++-lite-arm-2011.03\arm-none-eabi\lib\libc.a(lib_a-memset.o)
 .ARM.attributes
                0x000005e2       0x34 C:\Users\Campos\Desktop\EclipseARM\sourcery-g++-lite-arm-2011.03\arm-none-eabi\lib\libc.a(lib_a-reallocr.o)
 .ARM.attributes
                0x00000616       0x34 C:\Users\Campos\Desktop\EclipseARM\sourcery-g++-lite-arm-2011.03\arm-none-eabi\lib\libc.a(lib_a-reent.o)
 .ARM.attributes
                0x0000064a       0x1a C:\Users\Campos\Desktop\EclipseARM\sourcery-g++-lite-arm-2011.03\lib\gcc\arm-none-eabi\4.5.2\libgcc.a(_udivsi3.o)
 .ARM.attributes
                0x00000664       0x1a C:\Users\Campos\Desktop\EclipseARM\sourcery-g++-lite-arm-2011.03\lib\gcc\arm-none-eabi\4.5.2\libgcc.a(_divsi3.o)
 .ARM.attributes
                0x0000067e       0x18 C:\Users\Campos\Desktop\EclipseARM\sourcery-g++-lite-arm-2011.03\lib\gcc\arm-none-eabi\4.5.2\libgcc.a(_dvmd_tls.o)
 .ARM.attributes
                0x00000696       0x1a C:\Users\Campos\Desktop\EclipseARM\sourcery-g++-lite-arm-2011.03\lib\gcc\arm-none-eabi\4.5.2\libgcc.a(_arm_addsubdf3.o)
 .ARM.attributes
                0x000006b0       0x1a C:\Users\Campos\Desktop\EclipseARM\sourcery-g++-lite-arm-2011.03\lib\gcc\arm-none-eabi\4.5.2\libgcc.a(_arm_muldivdf3.o)
 .ARM.attributes
                0x000006ca       0x1a C:\Users\Campos\Desktop\EclipseARM\sourcery-g++-lite-arm-2011.03\lib\gcc\arm-none-eabi\4.5.2\libgcc.a(_arm_cmpdf2.o)
 .ARM.attributes
                0x000006e4       0x1a C:\Users\Campos\Desktop\EclipseARM\sourcery-g++-lite-arm-2011.03\lib\gcc\arm-none-eabi\4.5.2\libgcc.a(_arm_fixdfsi.o)
 .ARM.attributes
                0x000006fe       0x1a C:\Users\Campos\Desktop\EclipseARM\sourcery-g++-lite-arm-2011.03\lib\gcc\arm-none-eabi\4.5.2\libgcc.a(_aeabi_uldivmod.o)
 .ARM.attributes
                0x00000718       0x34 C:\Users\Campos\Desktop\EclipseARM\sourcery-g++-lite-arm-2011.03\lib\gcc\arm-none-eabi\4.5.2\libgcc.a(bpabi.o)
 .ARM.attributes
                0x0000074c       0x34 C:\Users\Campos\Desktop\EclipseARM\sourcery-g++-lite-arm-2011.03\lib\gcc\arm-none-eabi\4.5.2\libgcc.a(_divdi3.o)
 .ARM.attributes
                0x00000780       0x34 C:\Users\Campos\Desktop\EclipseARM\sourcery-g++-lite-arm-2011.03\lib\gcc\arm-none-eabi\4.5.2\libgcc.a(_udivdi3.o)
 .ARM.attributes
                0x000007b4       0x1a C:\Users\Campos\Desktop\EclipseARM\sourcery-g++-lite-arm-2011.03\lib\gcc\arm-none-eabi\4.5.2\libgcc.a(_clzsi2.o)
 .ARM.attributes
                0x000007ce       0x30 C:\Users\Campos\Desktop\EclipseARM\sourcery-g++-lite-arm-2011.03\arm-none-eabi\lib\libnosys.a(sbrk.o)

.comment        0x00000000       0x3b
 .comment       0x00000000       0x2a ./commonUart/44blib.o
                                 0x2b (size before relaxing)
 .comment       0x00000000       0x2b ./8led.o
 .comment       0x00000000       0x2b ./Visualizar.o
 .comment       0x00000000       0x2b ./button.o
 .comment       0x00000000       0x2b ./keyboard.o
 .comment       0x00000000       0x2b ./lcd.o
 .comment       0x00000000       0x2b ./led.o
 .comment       0x00000000       0x2b ./main.o
 .comment       0x00000000       0x2b ./uart_int.o
 .comment       0x0000002a       0x11 C:\Users\Campos\Desktop\EclipseARM\sourcery-g++-lite-arm-2011.03\arm-none-eabi\lib\libnosys.a(sbrk.o)
                                 0x12 (size before relaxing)

.debug_info     0x00000000     0x148e
 *(.debug_info)
 .debug_info    0x00000000       0x72 ./commonUart/44binit.o
 .debug_info    0x00000072      0x229 ./commonUart/44blib.o
 .debug_info    0x0000029b       0xa4 ./8led.o
 .debug_info    0x0000033f      0x2b3 ./Visualizar.o
 .debug_info    0x000005f2       0xef ./button.o
 .debug_info    0x000006e1       0x64 ./init.o
 .debug_info    0x00000745       0xdd ./keyboard.o
 .debug_info    0x00000822      0x6e5 ./lcd.o
 .debug_info    0x00000f07      0x104 ./led.o
 .debug_info    0x0000100b       0x90 ./main.o
 .debug_info    0x0000109b      0x353 ./uart_int.o
 .debug_info    0x000013ee       0xa0 C:\Users\Campos\Desktop\EclipseARM\sourcery-g++-lite-arm-2011.03\arm-none-eabi\lib\libnosys.a(sbrk.o)

.debug_line     0x00000000     0x1821
 *(.debug_line)
 .debug_line    0x00000000      0x118 ./commonUart/44binit.o
 .debug_line    0x00000118      0x3c7 ./commonUart/44blib.o
 .debug_line    0x000004df       0x92 ./8led.o
 .debug_line    0x00000571      0x3bf ./Visualizar.o
 .debug_line    0x00000930       0xb3 ./button.o
 .debug_line    0x000009e3       0x3d ./init.o
 .debug_line    0x00000a20       0xca ./keyboard.o
 .debug_line    0x00000aea      0x4d8 ./lcd.o
 .debug_line    0x00000fc2       0xaf ./led.o
 .debug_line    0x00001071      0x382 ./main.o
 .debug_line    0x000013f3      0x3cb ./uart_int.o
 .debug_line    0x000017be       0x63 C:\Users\Campos\Desktop\EclipseARM\sourcery-g++-lite-arm-2011.03\arm-none-eabi\lib\libnosys.a(sbrk.o)

.debug_abbrev   0x00000000      0x7d8
 *(.debug_abbrev)
 .debug_abbrev  0x00000000       0x14 ./commonUart/44binit.o
 .debug_abbrev  0x00000014      0x11f ./commonUart/44blib.o
 .debug_abbrev  0x00000133       0x9b ./8led.o
 .debug_abbrev  0x000001ce       0xde ./Visualizar.o
 .debug_abbrev  0x000002ac       0x91 ./button.o
 .debug_abbrev  0x0000033d       0x14 ./init.o
 .debug_abbrev  0x00000351       0xbd ./keyboard.o
 .debug_abbrev  0x0000040e      0x151 ./lcd.o
 .debug_abbrev  0x0000055f       0x7c ./led.o
 .debug_abbrev  0x000005db       0x43 ./main.o
 .debug_abbrev  0x0000061e      0x137 ./uart_int.o
 .debug_abbrev  0x00000755       0x83 C:\Users\Campos\Desktop\EclipseARM\sourcery-g++-lite-arm-2011.03\arm-none-eabi\lib\libnosys.a(sbrk.o)

.debug_frame    0x00000000      0xfc8
 *(.debug_frame)
 .debug_frame   0x00000000       0xd0 ./commonUart/44blib.o
 .debug_frame   0x000000d0       0x50 ./8led.o
 .debug_frame   0x00000120       0xf0 ./Visualizar.o
 .debug_frame   0x00000210       0x98 ./button.o
 .debug_frame   0x000002a8       0x7c ./keyboard.o
 .debug_frame   0x00000324      0x1d8 ./lcd.o
 .debug_frame   0x000004fc      0x110 ./led.o
 .debug_frame   0x0000060c       0x30 ./main.o
 .debug_frame   0x0000063c      0x17c ./uart_int.o
 .debug_frame   0x000007b8       0x44 C:\Users\Campos\Desktop\EclipseARM\sourcery-g++-lite-arm-2011.03\arm-none-eabi\lib\libc.a(lib_a-vsprintf.o)
 .debug_frame   0x000007fc       0x3c C:\Users\Campos\Desktop\EclipseARM\sourcery-g++-lite-arm-2011.03\arm-none-eabi\lib\libc.a(lib_a-svfprintf.o)
 .debug_frame   0x00000838       0x64 C:\Users\Campos\Desktop\EclipseARM\sourcery-g++-lite-arm-2011.03\arm-none-eabi\lib\libc.a(lib_a-dtoa.o)
 .debug_frame   0x0000089c       0x98 C:\Users\Campos\Desktop\EclipseARM\sourcery-g++-lite-arm-2011.03\arm-none-eabi\lib\libc.a(lib_a-locale.o)
 .debug_frame   0x00000934       0x3c C:\Users\Campos\Desktop\EclipseARM\sourcery-g++-lite-arm-2011.03\arm-none-eabi\lib\libc.a(lib_a-mallocr.o)
 .debug_frame   0x00000970       0x2c C:\Users\Campos\Desktop\EclipseARM\sourcery-g++-lite-arm-2011.03\arm-none-eabi\lib\libc.a(lib_a-memchr.o)
 .debug_frame   0x0000099c       0x30 C:\Users\Campos\Desktop\EclipseARM\sourcery-g++-lite-arm-2011.03\arm-none-eabi\lib\libc.a(lib_a-memcpy.o)
 .debug_frame   0x000009cc       0x30 C:\Users\Campos\Desktop\EclipseARM\sourcery-g++-lite-arm-2011.03\arm-none-eabi\lib\libc.a(lib_a-mlock.o)
 .debug_frame   0x000009fc      0x228 C:\Users\Campos\Desktop\EclipseARM\sourcery-g++-lite-arm-2011.03\arm-none-eabi\lib\libc.a(lib_a-mprec.o)
 .debug_frame   0x00000c24       0x28 C:\Users\Campos\Desktop\EclipseARM\sourcery-g++-lite-arm-2011.03\arm-none-eabi\lib\libc.a(lib_a-s_fpclassify.o)
 .debug_frame   0x00000c4c       0x2c C:\Users\Campos\Desktop\EclipseARM\sourcery-g++-lite-arm-2011.03\arm-none-eabi\lib\libc.a(lib_a-sbrkr.o)
 .debug_frame   0x00000c78       0x30 C:\Users\Campos\Desktop\EclipseARM\sourcery-g++-lite-arm-2011.03\arm-none-eabi\lib\libc.a(lib_a-strcmp.o)
 .debug_frame   0x00000ca8       0x20 C:\Users\Campos\Desktop\EclipseARM\sourcery-g++-lite-arm-2011.03\arm-none-eabi\lib\libc.a(lib_a-strlen.o)
 .debug_frame   0x00000cc8       0x68 C:\Users\Campos\Desktop\EclipseARM\sourcery-g++-lite-arm-2011.03\arm-none-eabi\lib\libc.a(lib_a-svfiprintf.o)
 .debug_frame   0x00000d30       0x28 C:\Users\Campos\Desktop\EclipseARM\sourcery-g++-lite-arm-2011.03\arm-none-eabi\lib\libc.a(lib_a-callocr.o)
 .debug_frame   0x00000d58       0x50 C:\Users\Campos\Desktop\EclipseARM\sourcery-g++-lite-arm-2011.03\arm-none-eabi\lib\libc.a(lib_a-freer.o)
 .debug_frame   0x00000da8       0x2c C:\Users\Campos\Desktop\EclipseARM\sourcery-g++-lite-arm-2011.03\arm-none-eabi\lib\libc.a(lib_a-memmove.o)
 .debug_frame   0x00000dd4       0x28 C:\Users\Campos\Desktop\EclipseARM\sourcery-g++-lite-arm-2011.03\arm-none-eabi\lib\libc.a(lib_a-memset.o)
 .debug_frame   0x00000dfc       0x3c C:\Users\Campos\Desktop\EclipseARM\sourcery-g++-lite-arm-2011.03\arm-none-eabi\lib\libc.a(lib_a-reallocr.o)
 .debug_frame   0x00000e38       0x68 C:\Users\Campos\Desktop\EclipseARM\sourcery-g++-lite-arm-2011.03\arm-none-eabi\lib\libc.a(lib_a-reent.o)
 .debug_frame   0x00000ea0       0x20 C:\Users\Campos\Desktop\EclipseARM\sourcery-g++-lite-arm-2011.03\lib\gcc\arm-none-eabi\4.5.2\libgcc.a(_udivsi3.o)
 .debug_frame   0x00000ec0       0x20 C:\Users\Campos\Desktop\EclipseARM\sourcery-g++-lite-arm-2011.03\lib\gcc\arm-none-eabi\4.5.2\libgcc.a(_divsi3.o)
 .debug_frame   0x00000ee0       0x50 C:\Users\Campos\Desktop\EclipseARM\sourcery-g++-lite-arm-2011.03\lib\gcc\arm-none-eabi\4.5.2\libgcc.a(bpabi.o)
 .debug_frame   0x00000f30       0x3c C:\Users\Campos\Desktop\EclipseARM\sourcery-g++-lite-arm-2011.03\lib\gcc\arm-none-eabi\4.5.2\libgcc.a(_divdi3.o)
 .debug_frame   0x00000f6c       0x3c C:\Users\Campos\Desktop\EclipseARM\sourcery-g++-lite-arm-2011.03\lib\gcc\arm-none-eabi\4.5.2\libgcc.a(_udivdi3.o)
 .debug_frame   0x00000fa8       0x20 C:\Users\Campos\Desktop\EclipseARM\sourcery-g++-lite-arm-2011.03\arm-none-eabi\lib\libnosys.a(sbrk.o)
START GROUP
LOAD C:\Users\Campos\Desktop\EclipseARM\sourcery-g++-lite-arm-2011.03\lib\gcc\arm-none-eabi\4.5.2\libgcc.a
LOAD C:\Users\Campos\Desktop\EclipseARM\sourcery-g++-lite-arm-2011.03\arm-none-eabi\lib\libg.a
LOAD C:\Users\Campos\Desktop\EclipseARM\sourcery-g++-lite-arm-2011.03\arm-none-eabi\lib\libc.a
LOAD C:\Users\Campos\Desktop\EclipseARM\sourcery-g++-lite-arm-2011.03\arm-none-eabi\lib\libm.a
LOAD C:\Users\Campos\Desktop\EclipseARM\sourcery-g++-lite-arm-2011.03\arm-none-eabi\lib\libnosys.a
END GROUP
OUTPUT(Racman.elf elf32-littlearm)

.debug_aranges  0x00000000      0x180
 .debug_aranges
                0x00000000       0x20 ./commonUart/44binit.o
 .debug_aranges
                0x00000020       0x20 ./commonUart/44blib.o
 .debug_aranges
                0x00000040       0x20 ./8led.o
 .debug_aranges
                0x00000060       0x20 ./Visualizar.o
 .debug_aranges
                0x00000080       0x20 ./button.o
 .debug_aranges
                0x000000a0       0x20 ./init.o
 .debug_aranges
                0x000000c0       0x20 ./keyboard.o
 .debug_aranges
                0x000000e0       0x20 ./lcd.o
 .debug_aranges
                0x00000100       0x20 ./led.o
 .debug_aranges
                0x00000120       0x20 ./main.o
 .debug_aranges
                0x00000140       0x20 ./uart_int.o
 .debug_aranges
                0x00000160       0x20 C:\Users\Campos\Desktop\EclipseARM\sourcery-g++-lite-arm-2011.03\arm-none-eabi\lib\libnosys.a(sbrk.o)

.debug_macinfo  0x00000000    0x39f88
 .debug_macinfo
                0x00000000     0x82fb ./commonUart/44blib.o
 .debug_macinfo
                0x000082fb     0x5567 ./8led.o
 .debug_macinfo
                0x0000d862     0x6e76 ./Visualizar.o
 .debug_macinfo
                0x000146d8     0x50c7 ./button.o
 .debug_macinfo
                0x0001979f     0x50dc ./keyboard.o
 .debug_macinfo
                0x0001e87b     0x7b88 ./lcd.o
 .debug_macinfo
                0x00026403     0x50a3 ./led.o
 .debug_macinfo
                0x0002b4a6     0x7005 ./main.o
 .debug_macinfo
                0x000324ab     0x7add ./uart_int.o

.debug_loc      0x00000000      0x995
 .debug_loc     0x00000000      0x108 ./commonUart/44blib.o
 .debug_loc     0x00000108       0x58 ./8led.o
 .debug_loc     0x00000160      0x134 ./Visualizar.o
 .debug_loc     0x00000294       0xb0 ./button.o
 .debug_loc     0x00000344       0x84 ./keyboard.o
 .debug_loc     0x000003c8      0x268 ./lcd.o
 .debug_loc     0x00000630      0x160 ./led.o
 .debug_loc     0x00000790       0x2c ./main.o
 .debug_loc     0x000007bc      0x1b8 ./uart_int.o
 .debug_loc     0x00000974       0x21 C:\Users\Campos\Desktop\EclipseARM\sourcery-g++-lite-arm-2011.03\arm-none-eabi\lib\libnosys.a(sbrk.o)

.debug_pubnames
                0x00000000      0x4f5
 .debug_pubnames
                0x00000000       0x90 ./commonUart/44blib.o
 .debug_pubnames
                0x00000090       0x3d ./8led.o
 .debug_pubnames
                0x000000cd       0xb5 ./Visualizar.o
 .debug_pubnames
                0x00000182       0x7a ./button.o
 .debug_pubnames
                0x000001fc       0x5b ./keyboard.o
 .debug_pubnames
                0x00000257      0x10e ./lcd.o
 .debug_pubnames
                0x00000365       0x8b ./led.o
 .debug_pubnames
                0x000003f0       0x1b ./main.o
 .debug_pubnames
                0x0000040b       0xea ./uart_int.o

.debug_pubtypes
                0x00000000       0xe8
 .debug_pubtypes
                0x00000000       0x12 ./commonUart/44blib.o
 .debug_pubtypes
                0x00000012       0x1c ./Visualizar.o
 .debug_pubtypes
                0x0000002e       0x69 ./lcd.o
 .debug_pubtypes
                0x00000097       0x12 ./main.o
 .debug_pubtypes
                0x000000a9       0x3f ./uart_int.o

.debug_str      0x00000000      0x5d2
 .debug_str     0x00000000      0x12c ./commonUart/44blib.o
                                0x16a (size before relaxing)
 .debug_str     0x0000012c       0x2f ./8led.o
                                 0x77 (size before relaxing)
 .debug_str     0x0000015b       0x9d ./Visualizar.o
                                0x172 (size before relaxing)
 .debug_str     0x000001f8       0x56 ./button.o
                                 0x97 (size before relaxing)
 .debug_str     0x0000024e       0x44 ./keyboard.o
                                 0x98 (size before relaxing)
 .debug_str     0x00000292      0x135 ./lcd.o
                                0x217 (size before relaxing)
 .debug_str     0x000003c7       0x68 ./led.o
                                 0xa3 (size before relaxing)
 .debug_str     0x0000042f        0xf ./main.o
                                 0xd3 (size before relaxing)
 .debug_str     0x0000043e       0xf6 ./uart_int.o
                                0x1e0 (size before relaxing)
 .debug_str     0x00000534       0x9e C:\Users\Campos\Desktop\EclipseARM\sourcery-g++-lite-arm-2011.03\arm-none-eabi\lib\libnosys.a(sbrk.o)
                                 0xac (size before relaxing)
