Archive member included because of file (symbol)

c:/software/electronica/arm/eclipsearm/sourcery-g++-lite-arm-2011.03/bin/../lib/gcc/arm-none-eabi/4.5.2/../../../../arm-none-eabi/lib\libc.a(lib_a-vsprintf.o)
                              ./uart_int.o (vsprintf)
c:/software/electronica/arm/eclipsearm/sourcery-g++-lite-arm-2011.03/bin/../lib/gcc/arm-none-eabi/4.5.2/../../../../arm-none-eabi/lib\libc.a(lib_a-impure.o)
                              c:/software/electronica/arm/eclipsearm/sourcery-g++-lite-arm-2011.03/bin/../lib/gcc/arm-none-eabi/4.5.2/../../../../arm-none-eabi/lib\libc.a(lib_a-vsprintf.o) (_impure_ptr)
c:/software/electronica/arm/eclipsearm/sourcery-g++-lite-arm-2011.03/bin/../lib/gcc/arm-none-eabi/4.5.2/../../../../arm-none-eabi/lib\libc.a(lib_a-svfprintf.o)
                              c:/software/electronica/arm/eclipsearm/sourcery-g++-lite-arm-2011.03/bin/../lib/gcc/arm-none-eabi/4.5.2/../../../../arm-none-eabi/lib\libc.a(lib_a-vsprintf.o) (_svfprintf_r)
c:/software/electronica/arm/eclipsearm/sourcery-g++-lite-arm-2011.03/bin/../lib/gcc/arm-none-eabi/4.5.2/../../../../arm-none-eabi/lib\libc.a(lib_a-dtoa.o)
                              c:/software/electronica/arm/eclipsearm/sourcery-g++-lite-arm-2011.03/bin/../lib/gcc/arm-none-eabi/4.5.2/../../../../arm-none-eabi/lib\libc.a(lib_a-svfprintf.o) (_dtoa_r)
c:/software/electronica/arm/eclipsearm/sourcery-g++-lite-arm-2011.03/bin/../lib/gcc/arm-none-eabi/4.5.2/../../../../arm-none-eabi/lib\libc.a(lib_a-locale.o)
                              c:/software/electronica/arm/eclipsearm/sourcery-g++-lite-arm-2011.03/bin/../lib/gcc/arm-none-eabi/4.5.2/../../../../arm-none-eabi/lib\libc.a(lib_a-svfprintf.o) (_localeconv_r)
c:/software/electronica/arm/eclipsearm/sourcery-g++-lite-arm-2011.03/bin/../lib/gcc/arm-none-eabi/4.5.2/../../../../arm-none-eabi/lib\libc.a(lib_a-mallocr.o)
                              c:/software/electronica/arm/eclipsearm/sourcery-g++-lite-arm-2011.03/bin/../lib/gcc/arm-none-eabi/4.5.2/../../../../arm-none-eabi/lib\libc.a(lib_a-svfprintf.o) (_malloc_r)
c:/software/electronica/arm/eclipsearm/sourcery-g++-lite-arm-2011.03/bin/../lib/gcc/arm-none-eabi/4.5.2/../../../../arm-none-eabi/lib\libc.a(lib_a-memchr.o)
                              c:/software/electronica/arm/eclipsearm/sourcery-g++-lite-arm-2011.03/bin/../lib/gcc/arm-none-eabi/4.5.2/../../../../arm-none-eabi/lib\libc.a(lib_a-svfprintf.o) (memchr)
c:/software/electronica/arm/eclipsearm/sourcery-g++-lite-arm-2011.03/bin/../lib/gcc/arm-none-eabi/4.5.2/../../../../arm-none-eabi/lib\libc.a(lib_a-memcpy.o)
                              c:/software/electronica/arm/eclipsearm/sourcery-g++-lite-arm-2011.03/bin/../lib/gcc/arm-none-eabi/4.5.2/../../../../arm-none-eabi/lib\libc.a(lib_a-dtoa.o) (memcpy)
c:/software/electronica/arm/eclipsearm/sourcery-g++-lite-arm-2011.03/bin/../lib/gcc/arm-none-eabi/4.5.2/../../../../arm-none-eabi/lib\libc.a(lib_a-mlock.o)
                              c:/software/electronica/arm/eclipsearm/sourcery-g++-lite-arm-2011.03/bin/../lib/gcc/arm-none-eabi/4.5.2/../../../../arm-none-eabi/lib\libc.a(lib_a-mallocr.o) (__malloc_lock)
c:/software/electronica/arm/eclipsearm/sourcery-g++-lite-arm-2011.03/bin/../lib/gcc/arm-none-eabi/4.5.2/../../../../arm-none-eabi/lib\libc.a(lib_a-mprec.o)
                              c:/software/electronica/arm/eclipsearm/sourcery-g++-lite-arm-2011.03/bin/../lib/gcc/arm-none-eabi/4.5.2/../../../../arm-none-eabi/lib\libc.a(lib_a-dtoa.o) (_Balloc)
c:/software/electronica/arm/eclipsearm/sourcery-g++-lite-arm-2011.03/bin/../lib/gcc/arm-none-eabi/4.5.2/../../../../arm-none-eabi/lib\libc.a(lib_a-s_fpclassify.o)
                              c:/software/electronica/arm/eclipsearm/sourcery-g++-lite-arm-2011.03/bin/../lib/gcc/arm-none-eabi/4.5.2/../../../../arm-none-eabi/lib\libc.a(lib_a-svfprintf.o) (__fpclassifyd)
c:/software/electronica/arm/eclipsearm/sourcery-g++-lite-arm-2011.03/bin/../lib/gcc/arm-none-eabi/4.5.2/../../../../arm-none-eabi/lib\libc.a(lib_a-sbrkr.o)
                              c:/software/electronica/arm/eclipsearm/sourcery-g++-lite-arm-2011.03/bin/../lib/gcc/arm-none-eabi/4.5.2/../../../../arm-none-eabi/lib\libc.a(lib_a-mallocr.o) (_sbrk_r)
c:/software/electronica/arm/eclipsearm/sourcery-g++-lite-arm-2011.03/bin/../lib/gcc/arm-none-eabi/4.5.2/../../../../arm-none-eabi/lib\libc.a(lib_a-strcmp.o)
                              c:/software/electronica/arm/eclipsearm/sourcery-g++-lite-arm-2011.03/bin/../lib/gcc/arm-none-eabi/4.5.2/../../../../arm-none-eabi/lib\libc.a(lib_a-locale.o) (strcmp)
c:/software/electronica/arm/eclipsearm/sourcery-g++-lite-arm-2011.03/bin/../lib/gcc/arm-none-eabi/4.5.2/../../../../arm-none-eabi/lib\libc.a(lib_a-strlen.o)
                              c:/software/electronica/arm/eclipsearm/sourcery-g++-lite-arm-2011.03/bin/../lib/gcc/arm-none-eabi/4.5.2/../../../../arm-none-eabi/lib\libc.a(lib_a-svfprintf.o) (strlen)
c:/software/electronica/arm/eclipsearm/sourcery-g++-lite-arm-2011.03/bin/../lib/gcc/arm-none-eabi/4.5.2/../../../../arm-none-eabi/lib\libc.a(lib_a-svfiprintf.o)
                              c:/software/electronica/arm/eclipsearm/sourcery-g++-lite-arm-2011.03/bin/../lib/gcc/arm-none-eabi/4.5.2/../../../../arm-none-eabi/lib\libc.a(lib_a-svfprintf.o) (__ssprint_r)
c:/software/electronica/arm/eclipsearm/sourcery-g++-lite-arm-2011.03/bin/../lib/gcc/arm-none-eabi/4.5.2/../../../../arm-none-eabi/lib\libc.a(lib_a-callocr.o)
                              c:/software/electronica/arm/eclipsearm/sourcery-g++-lite-arm-2011.03/bin/../lib/gcc/arm-none-eabi/4.5.2/../../../../arm-none-eabi/lib\libc.a(lib_a-mprec.o) (_calloc_r)
c:/software/electronica/arm/eclipsearm/sourcery-g++-lite-arm-2011.03/bin/../lib/gcc/arm-none-eabi/4.5.2/../../../../arm-none-eabi/lib\libc.a(lib_a-freer.o)
                              c:/software/electronica/arm/eclipsearm/sourcery-g++-lite-arm-2011.03/bin/../lib/gcc/arm-none-eabi/4.5.2/../../../../arm-none-eabi/lib\libc.a(lib_a-mallocr.o) (_free_r)
c:/software/electronica/arm/eclipsearm/sourcery-g++-lite-arm-2011.03/bin/../lib/gcc/arm-none-eabi/4.5.2/../../../../arm-none-eabi/lib\libc.a(lib_a-memmove.o)
                              c:/software/electronica/arm/eclipsearm/sourcery-g++-lite-arm-2011.03/bin/../lib/gcc/arm-none-eabi/4.5.2/../../../../arm-none-eabi/lib\libc.a(lib_a-svfiprintf.o) (memmove)
c:/software/electronica/arm/eclipsearm/sourcery-g++-lite-arm-2011.03/bin/../lib/gcc/arm-none-eabi/4.5.2/../../../../arm-none-eabi/lib\libc.a(lib_a-memset.o)
                              c:/software/electronica/arm/eclipsearm/sourcery-g++-lite-arm-2011.03/bin/../lib/gcc/arm-none-eabi/4.5.2/../../../../arm-none-eabi/lib\libc.a(lib_a-callocr.o) (memset)
c:/software/electronica/arm/eclipsearm/sourcery-g++-lite-arm-2011.03/bin/../lib/gcc/arm-none-eabi/4.5.2/../../../../arm-none-eabi/lib\libc.a(lib_a-reallocr.o)
                              c:/software/electronica/arm/eclipsearm/sourcery-g++-lite-arm-2011.03/bin/../lib/gcc/arm-none-eabi/4.5.2/../../../../arm-none-eabi/lib\libc.a(lib_a-svfiprintf.o) (_realloc_r)
c:/software/electronica/arm/eclipsearm/sourcery-g++-lite-arm-2011.03/bin/../lib/gcc/arm-none-eabi/4.5.2/../../../../arm-none-eabi/lib\libc.a(lib_a-reent.o)
                              c:/software/electronica/arm/eclipsearm/sourcery-g++-lite-arm-2011.03/bin/../lib/gcc/arm-none-eabi/4.5.2/../../../../arm-none-eabi/lib\libc.a(lib_a-sbrkr.o) (errno)
C:\software\electronica\ARM\EclipseARM\sourcery-g++-lite-arm-2011.03\lib\gcc\arm-none-eabi\4.5.2\libgcc.a(_udivsi3.o)
                              c:/software/electronica/arm/eclipsearm/sourcery-g++-lite-arm-2011.03/bin/../lib/gcc/arm-none-eabi/4.5.2/../../../../arm-none-eabi/lib\libc.a(lib_a-dtoa.o) (__aeabi_uidiv)
C:\software\electronica\ARM\EclipseARM\sourcery-g++-lite-arm-2011.03\lib\gcc\arm-none-eabi\4.5.2\libgcc.a(_divsi3.o)
                              ./commonUart/44blib.o (__aeabi_idiv)
C:\software\electronica\ARM\EclipseARM\sourcery-g++-lite-arm-2011.03\lib\gcc\arm-none-eabi\4.5.2\libgcc.a(_dvmd_tls.o)
                              C:\software\electronica\ARM\EclipseARM\sourcery-g++-lite-arm-2011.03\lib\gcc\arm-none-eabi\4.5.2\libgcc.a(_udivsi3.o) (__aeabi_idiv0)
C:\software\electronica\ARM\EclipseARM\sourcery-g++-lite-arm-2011.03\lib\gcc\arm-none-eabi\4.5.2\libgcc.a(_arm_addsubdf3.o)
                              c:/software/electronica/arm/eclipsearm/sourcery-g++-lite-arm-2011.03/bin/../lib/gcc/arm-none-eabi/4.5.2/../../../../arm-none-eabi/lib\libc.a(lib_a-dtoa.o) (__aeabi_dsub)
C:\software\electronica\ARM\EclipseARM\sourcery-g++-lite-arm-2011.03\lib\gcc\arm-none-eabi\4.5.2\libgcc.a(_arm_muldivdf3.o)
                              c:/software/electronica/arm/eclipsearm/sourcery-g++-lite-arm-2011.03/bin/../lib/gcc/arm-none-eabi/4.5.2/../../../../arm-none-eabi/lib\libc.a(lib_a-dtoa.o) (__aeabi_dmul)
C:\software\electronica\ARM\EclipseARM\sourcery-g++-lite-arm-2011.03\lib\gcc\arm-none-eabi\4.5.2\libgcc.a(_arm_cmpdf2.o)
                              c:/software/electronica/arm/eclipsearm/sourcery-g++-lite-arm-2011.03/bin/../lib/gcc/arm-none-eabi/4.5.2/../../../../arm-none-eabi/lib\libc.a(lib_a-svfprintf.o) (__aeabi_dcmpeq)
C:\software\electronica\ARM\EclipseARM\sourcery-g++-lite-arm-2011.03\lib\gcc\arm-none-eabi\4.5.2\libgcc.a(_arm_fixdfsi.o)
                              ./uart_int.o (__aeabi_d2iz)
C:\software\electronica\ARM\EclipseARM\sourcery-g++-lite-arm-2011.03\lib\gcc\arm-none-eabi\4.5.2\libgcc.a(_aeabi_uldivmod.o)
                              c:/software/electronica/arm/eclipsearm/sourcery-g++-lite-arm-2011.03/bin/../lib/gcc/arm-none-eabi/4.5.2/../../../../arm-none-eabi/lib\libc.a(lib_a-svfprintf.o) (__aeabi_uldivmod)
C:\software\electronica\ARM\EclipseARM\sourcery-g++-lite-arm-2011.03\lib\gcc\arm-none-eabi\4.5.2\libgcc.a(bpabi.o)
                              C:\software\electronica\ARM\EclipseARM\sourcery-g++-lite-arm-2011.03\lib\gcc\arm-none-eabi\4.5.2\libgcc.a(_aeabi_uldivmod.o) (__gnu_uldivmod_helper)
C:\software\electronica\ARM\EclipseARM\sourcery-g++-lite-arm-2011.03\lib\gcc\arm-none-eabi\4.5.2\libgcc.a(_divdi3.o)
                              C:\software\electronica\ARM\EclipseARM\sourcery-g++-lite-arm-2011.03\lib\gcc\arm-none-eabi\4.5.2\libgcc.a(bpabi.o) (__divdi3)
C:\software\electronica\ARM\EclipseARM\sourcery-g++-lite-arm-2011.03\lib\gcc\arm-none-eabi\4.5.2\libgcc.a(_udivdi3.o)
                              C:\software\electronica\ARM\EclipseARM\sourcery-g++-lite-arm-2011.03\lib\gcc\arm-none-eabi\4.5.2\libgcc.a(bpabi.o) (__udivdi3)
C:\software\electronica\ARM\EclipseARM\sourcery-g++-lite-arm-2011.03\lib\gcc\arm-none-eabi\4.5.2\libgcc.a(_clzsi2.o)
                              C:\software\electronica\ARM\EclipseARM\sourcery-g++-lite-arm-2011.03\lib\gcc\arm-none-eabi\4.5.2\libgcc.a(_divdi3.o) (__clzsi2)
c:/software/electronica/arm/eclipsearm/sourcery-g++-lite-arm-2011.03/bin/../lib/gcc/arm-none-eabi/4.5.2/../../../../arm-none-eabi/lib\libnosys.a(sbrk.o)
                              c:/software/electronica/arm/eclipsearm/sourcery-g++-lite-arm-2011.03/bin/../lib/gcc/arm-none-eabi/4.5.2/../../../../arm-none-eabi/lib\libc.a(lib_a-sbrkr.o) (_sbrk)

Allocating common symbols
Common symbol       size              file

data1               0x1               ./uart_int.o
errno               0x4               c:/software/electronica/arm/eclipsearm/sourcery-g++-lite-arm-2011.03/bin/../lib/gcc/arm-none-eabi/4.5.2/../../../../arm-none-eabi/lib\libc.a(lib_a-reent.o)
data2               0x1               ./uart_int.o
fileSize            0x4               ./commonUart/44blib.o
str                 0x100             ./main.o
downPt              0x4               ./commonUart/44blib.o
keyBufWrPt_new      0x4               ./uart_int.o

Memory Configuration

Name             Origin             Length             Attributes
*default*        0x00000000         0xffffffff

Linker script and memory map

LOAD ./commonUart/44binit.o
LOAD ./commonUart/44blib.o
LOAD ./main.o
LOAD ./uart_int.o
LOAD c:/software/electronica/arm/eclipsearm/sourcery-g++-lite-arm-2011.03/bin/../lib/gcc/arm-none-eabi/4.5.2/../../../../arm-none-eabi/lib\libc.a
LOAD C:\software\electronica\ARM\EclipseARM\sourcery-g++-lite-arm-2011.03\lib\gcc\arm-none-eabi\4.5.2\libgcc.a
LOAD c:/software/electronica/arm/eclipsearm/sourcery-g++-lite-arm-2011.03/bin/../lib/gcc/arm-none-eabi/4.5.2/../../../../arm-none-eabi/lib\libnosys.a
START GROUP
LOAD C:\software\electronica\ARM\EclipseARM\sourcery-g++-lite-arm-2011.03\lib\gcc\arm-none-eabi\4.5.2\libgcc.a
LOAD c:/software/electronica/arm/eclipsearm/sourcery-g++-lite-arm-2011.03/bin/../lib/gcc/arm-none-eabi/4.5.2/../../../../arm-none-eabi/lib\libc.a
END GROUP
                0x0c000000                . = 0xc000000
                0x0c000000                Image_RO_Base = .

.text           0x0c000000     0x9cdc
 *(.text)
 .text          0x0c000000      0x710 ./commonUart/44binit.o
 .text          0x0c000710      0x46c ./commonUart/44blib.o
                0x0c000710                Delay
                0x0c000848                DelayMs
                0x0c0008ac                Port_Init
                0x0c000a3c                malloc
                0x0c000adc                free
                0x0c000b0c                sys_init
 .text          0x0c000b7c       0xf8 ./main.o
                0x0c000b7c                Main
 *fill*         0x0c000c74        0x4 00
 .text          0x0c000c78      0x550 ./uart_int.o
                0x0c000c78                Uart_Init
                0x0c000d4c                Uart_Config
                0x0c000e04                Uart_TxEmpty
                0x0c000e38                Uart_Getch
                0x0c000ebc                Uart_SendByte
                0x0c000f50                Uart_SendString
                0x0c000f9c                Uart_Printf
                0x0c000fe4                Uart0_RxInt
                0x0c0010c0                Uart0_TxInt
                0x0c001160                siguiente
 .text          0x0c0011c8       0x7c c:/software/electronica/arm/eclipsearm/sourcery-g++-lite-arm-2011.03/bin/../lib/gcc/arm-none-eabi/4.5.2/../../../../arm-none-eabi/lib\libc.a(lib_a-vsprintf.o)
                0x0c0011c8                _vsprintf_r
                0x0c001218                vsprintf
 .text          0x0c001244        0x0 c:/software/electronica/arm/eclipsearm/sourcery-g++-lite-arm-2011.03/bin/../lib/gcc/arm-none-eabi/4.5.2/../../../../arm-none-eabi/lib\libc.a(lib_a-impure.o)
 .text          0x0c001244     0x2138 c:/software/electronica/arm/eclipsearm/sourcery-g++-lite-arm-2011.03/bin/../lib/gcc/arm-none-eabi/4.5.2/../../../../arm-none-eabi/lib\libc.a(lib_a-svfprintf.o)
                0x0c001244                _svfprintf_r
 *fill*         0x0c00337c        0x4 00
 .text          0x0c003380     0x17d0 c:/software/electronica/arm/eclipsearm/sourcery-g++-lite-arm-2011.03/bin/../lib/gcc/arm-none-eabi/4.5.2/../../../../arm-none-eabi/lib\libc.a(lib_a-dtoa.o)
                0x0c003550                _dtoa_r
 .text          0x0c004b50       0xd0 c:/software/electronica/arm/eclipsearm/sourcery-g++-lite-arm-2011.03/bin/../lib/gcc/arm-none-eabi/4.5.2/../../../../arm-none-eabi/lib\libc.a(lib_a-locale.o)
                0x0c004b50                _setlocale_r
                0x0c004bbc                __locale_charset
                0x0c004bc8                __locale_mb_cur_max
                0x0c004bd8                __locale_msgcharset
                0x0c004be4                __locale_cjk_lang
                0x0c004bec                _localeconv_r
                0x0c004bf8                setlocale
                0x0c004c14                localeconv
 .text          0x0c004c20      0x70c c:/software/electronica/arm/eclipsearm/sourcery-g++-lite-arm-2011.03/bin/../lib/gcc/arm-none-eabi/4.5.2/../../../../arm-none-eabi/lib\libc.a(lib_a-mallocr.o)
                0x0c004c20                _malloc_r
 .text          0x0c00532c      0x104 c:/software/electronica/arm/eclipsearm/sourcery-g++-lite-arm-2011.03/bin/../lib/gcc/arm-none-eabi/4.5.2/../../../../arm-none-eabi/lib\libc.a(lib_a-memchr.o)
                0x0c00532c                memchr
 .text          0x0c005430      0x1c0 c:/software/electronica/arm/eclipsearm/sourcery-g++-lite-arm-2011.03/bin/../lib/gcc/arm-none-eabi/4.5.2/../../../../arm-none-eabi/lib\libc.a(lib_a-memcpy.o)
                0x0c005430                memcpy
 .text          0x0c0055f0        0x8 c:/software/electronica/arm/eclipsearm/sourcery-g++-lite-arm-2011.03/bin/../lib/gcc/arm-none-eabi/4.5.2/../../../../arm-none-eabi/lib\libc.a(lib_a-mlock.o)
                0x0c0055f0                __malloc_lock
                0x0c0055f4                __malloc_unlock
 .text          0x0c0055f8      0xcfc c:/software/electronica/arm/eclipsearm/sourcery-g++-lite-arm-2011.03/bin/../lib/gcc/arm-none-eabi/4.5.2/../../../../arm-none-eabi/lib\libc.a(lib_a-mprec.o)
                0x0c0055f8                _Balloc
                0x0c005680                _Bfree
                0x0c00569c                __multadd
                0x0c005778                __s2b
                0x0c005864                __hi0bits
                0x0c0058b4                __lo0bits
                0x0c005944                __i2b
                0x0c005968                __multiply
                0x0c005b50                __pow5mult
                0x0c005c44                __lshift
                0x0c005d48                __mcmp
                0x0c005da8                __mdiff
                0x0c005f00                __ulp
                0x0c005f60                __b2d
                0x0c006024                __d2b
                0x0c00612c                __ratio
                0x0c0061a4                _mprec_log10
                0x0c0061f8                __copybits
                0x0c00626c                __any_on
 .text          0x0c0062f4       0x8c c:/software/electronica/arm/eclipsearm/sourcery-g++-lite-arm-2011.03/bin/../lib/gcc/arm-none-eabi/4.5.2/../../../../arm-none-eabi/lib\libc.a(lib_a-s_fpclassify.o)
                0x0c0062f4                __fpclassifyd
 .text          0x0c006380       0x40 c:/software/electronica/arm/eclipsearm/sourcery-g++-lite-arm-2011.03/bin/../lib/gcc/arm-none-eabi/4.5.2/../../../../arm-none-eabi/lib\libc.a(lib_a-sbrkr.o)
                0x0c006380                _sbrk_r
 .text          0x0c0063c0      0x230 c:/software/electronica/arm/eclipsearm/sourcery-g++-lite-arm-2011.03/bin/../lib/gcc/arm-none-eabi/4.5.2/../../../../arm-none-eabi/lib\libc.a(lib_a-strcmp.o)
                0x0c0063c0                strcmp
 .text          0x0c0065f0       0x60 c:/software/electronica/arm/eclipsearm/sourcery-g++-lite-arm-2011.03/bin/../lib/gcc/arm-none-eabi/4.5.2/../../../../arm-none-eabi/lib\libc.a(lib_a-strlen.o)
                0x0c0065f0                strlen
 .text          0x0c006650     0x1238 c:/software/electronica/arm/eclipsearm/sourcery-g++-lite-arm-2011.03/bin/../lib/gcc/arm-none-eabi/4.5.2/../../../../arm-none-eabi/lib\libc.a(lib_a-svfiprintf.o)
                0x0c006650                __ssprint_r
                0x0c0067ec                _svfiprintf_r
 .text          0x0c007888       0x9c c:/software/electronica/arm/eclipsearm/sourcery-g++-lite-arm-2011.03/bin/../lib/gcc/arm-none-eabi/4.5.2/../../../../arm-none-eabi/lib\libc.a(lib_a-callocr.o)
                0x0c007888                _calloc_r
 .text          0x0c007924      0x360 c:/software/electronica/arm/eclipsearm/sourcery-g++-lite-arm-2011.03/bin/../lib/gcc/arm-none-eabi/4.5.2/../../../../arm-none-eabi/lib\libc.a(lib_a-freer.o)
                0x0c007924                _malloc_trim_r
                0x0c007a20                _free_r
 .text          0x0c007c84      0x128 c:/software/electronica/arm/eclipsearm/sourcery-g++-lite-arm-2011.03/bin/../lib/gcc/arm-none-eabi/4.5.2/../../../../arm-none-eabi/lib\libc.a(lib_a-memmove.o)
                0x0c007c84                memmove
 .text          0x0c007dac      0x100 c:/software/electronica/arm/eclipsearm/sourcery-g++-lite-arm-2011.03/bin/../lib/gcc/arm-none-eabi/4.5.2/../../../../arm-none-eabi/lib\libc.a(lib_a-memset.o)
                0x0c007dac                memset
 .text          0x0c007eac      0x5c0 c:/software/electronica/arm/eclipsearm/sourcery-g++-lite-arm-2011.03/bin/../lib/gcc/arm-none-eabi/4.5.2/../../../../arm-none-eabi/lib\libc.a(lib_a-reallocr.o)
                0x0c007eac                _realloc_r
 .text          0x0c00846c      0x1ac c:/software/electronica/arm/eclipsearm/sourcery-g++-lite-arm-2011.03/bin/../lib/gcc/arm-none-eabi/4.5.2/../../../../arm-none-eabi/lib\libc.a(lib_a-reent.o)
                0x0c00846c                cleanup_glue
                0x0c008498                _reclaim_reent
                0x0c0085a0                _wrapup_reent
 .text          0x0c008618      0x114 C:\software\electronica\ARM\EclipseARM\sourcery-g++-lite-arm-2011.03\lib\gcc\arm-none-eabi\4.5.2\libgcc.a(_udivsi3.o)
                0x0c008618                __aeabi_uidiv
                0x0c008618                __udivsi3
                0x0c00870c                __aeabi_uidivmod
 .text          0x0c00872c      0x148 C:\software\electronica\ARM\EclipseARM\sourcery-g++-lite-arm-2011.03\lib\gcc\arm-none-eabi\4.5.2\libgcc.a(_divsi3.o)
                0x0c00872c                __divsi3
                0x0c00872c                __aeabi_idiv
                0x0c008854                __aeabi_idivmod
 .text          0x0c008874        0x4 C:\software\electronica\ARM\EclipseARM\sourcery-g++-lite-arm-2011.03\lib\gcc\arm-none-eabi\4.5.2\libgcc.a(_dvmd_tls.o)
                0x0c008874                __aeabi_idiv0
                0x0c008874                __aeabi_ldiv0
 .text          0x0c008878      0x41c C:\software\electronica\ARM\EclipseARM\sourcery-g++-lite-arm-2011.03\lib\gcc\arm-none-eabi\4.5.2\libgcc.a(_arm_addsubdf3.o)
                0x0c008878                __aeabi_drsub
                0x0c008880                __aeabi_dsub
                0x0c008880                __subdf3
                0x0c008884                __aeabi_dadd
                0x0c008884                __adddf3
                0x0c008b94                __floatunsidf
                0x0c008b94                __aeabi_ui2d
                0x0c008bb8                __floatsidf
                0x0c008bb8                __aeabi_i2d
                0x0c008be0                __aeabi_f2d
                0x0c008be0                __extendsfdf2
                0x0c008c20                __floatundidf
                0x0c008c20                __aeabi_ul2d
                0x0c008c34                __floatdidf
                0x0c008c34                __aeabi_l2d
 .text          0x0c008c94      0x49c C:\software\electronica\ARM\EclipseARM\sourcery-g++-lite-arm-2011.03\lib\gcc\arm-none-eabi\4.5.2\libgcc.a(_arm_muldivdf3.o)
                0x0c008c94                __aeabi_dmul
                0x0c008c94                __muldf3
                0x0c008f24                __divdf3
                0x0c008f24                __aeabi_ddiv
 .text          0x0c009130      0x144 C:\software\electronica\ARM\EclipseARM\sourcery-g++-lite-arm-2011.03\lib\gcc\arm-none-eabi\4.5.2\libgcc.a(_arm_cmpdf2.o)
                0x0c009130                __gtdf2
                0x0c009130                __gedf2
                0x0c009138                __ltdf2
                0x0c009138                __ledf2
                0x0c009140                __nedf2
                0x0c009140                __eqdf2
                0x0c009140                __cmpdf2
                0x0c0091c8                __aeabi_cdrcmple
                0x0c0091e4                __aeabi_cdcmpeq
                0x0c0091e4                __aeabi_cdcmple
                0x0c0091fc                __aeabi_dcmpeq
                0x0c009214                __aeabi_dcmplt
                0x0c00922c                __aeabi_dcmple
                0x0c009244                __aeabi_dcmpge
                0x0c00925c                __aeabi_dcmpgt
 .text          0x0c009274       0x5c C:\software\electronica\ARM\EclipseARM\sourcery-g++-lite-arm-2011.03\lib\gcc\arm-none-eabi\4.5.2\libgcc.a(_arm_fixdfsi.o)
                0x0c009274                __aeabi_d2iz
                0x0c009274                __fixdfsi
 .text          0x0c0092d0       0x3c C:\software\electronica\ARM\EclipseARM\sourcery-g++-lite-arm-2011.03\lib\gcc\arm-none-eabi\4.5.2\libgcc.a(_aeabi_uldivmod.o)
                0x0c0092d0                __aeabi_uldivmod
 .text          0x0c00930c       0x80 C:\software\electronica\ARM\EclipseARM\sourcery-g++-lite-arm-2011.03\lib\gcc\arm-none-eabi\4.5.2\libgcc.a(bpabi.o)
                0x0c00930c                __gnu_ldivmod_helper
                0x0c00934c                __gnu_uldivmod_helper
 .text          0x0c00938c      0x4a8 C:\software\electronica\ARM\EclipseARM\sourcery-g++-lite-arm-2011.03\lib\gcc\arm-none-eabi\4.5.2\libgcc.a(_divdi3.o)
                0x0c00938c                __divdi3
 .text          0x0c009834      0x434 C:\software\electronica\ARM\EclipseARM\sourcery-g++-lite-arm-2011.03\lib\gcc\arm-none-eabi\4.5.2\libgcc.a(_udivdi3.o)
                0x0c009834                __udivdi3
 .text          0x0c009c68       0x48 C:\software\electronica\ARM\EclipseARM\sourcery-g++-lite-arm-2011.03\lib\gcc\arm-none-eabi\4.5.2\libgcc.a(_clzsi2.o)
                0x0c009c68                __clzsi2
 .text          0x0c009cb0       0x2c c:/software/electronica/arm/eclipsearm/sourcery-g++-lite-arm-2011.03/bin/../lib/gcc/arm-none-eabi/4.5.2/../../../../arm-none-eabi/lib\libnosys.a(sbrk.o)
                0x0c009cb0                _sbrk
                0x0c009cdc                Image_RO_Limit = .
                0x0c009cdc                Image_RW_Base = .

.glue_7         0x0c009cdc        0x0
 .glue_7        0x00000000        0x0 linker stubs

.glue_7t        0x0c009cdc        0x0
 .glue_7t       0x00000000        0x0 linker stubs

.vfp11_veneer   0x0c009cdc        0x0
 .vfp11_veneer  0x00000000        0x0 linker stubs

.v4_bx          0x0c009cdc        0x0
 .v4_bx         0x00000000        0x0 linker stubs

.data           0x0c009ce0      0x944
 *(.data)
 .data          0x0c009ce0        0x6 ./commonUart/44binit.o
                0x0c009ce0                BDRAMTYPE
 *fill*         0x0c009ce6        0x2 00
 .data          0x0c009ce8        0xc ./commonUart/44blib.o
                0x0c009ce8                mallocPt
                0x0c009cec                run
 .data          0x0c009cf4       0x40 ./main.o
                0x0c009cf4                str_send
                0x0c009d00                str_error
 .data          0x0c009d34       0x34 ./uart_int.o
                0x0c009d34                str_error2
 .data          0x0c009d68        0x0 c:/software/electronica/arm/eclipsearm/sourcery-g++-lite-arm-2011.03/bin/../lib/gcc/arm-none-eabi/4.5.2/../../../../arm-none-eabi/lib\libc.a(lib_a-vsprintf.o)
 .data          0x0c009d68      0x430 c:/software/electronica/arm/eclipsearm/sourcery-g++-lite-arm-2011.03/bin/../lib/gcc/arm-none-eabi/4.5.2/../../../../arm-none-eabi/lib\libc.a(lib_a-impure.o)
                0x0c009d68                _impure_ptr
 .data          0x0c00a198        0x0 c:/software/electronica/arm/eclipsearm/sourcery-g++-lite-arm-2011.03/bin/../lib/gcc/arm-none-eabi/4.5.2/../../../../arm-none-eabi/lib\libc.a(lib_a-svfprintf.o)
 .data          0x0c00a198        0x0 c:/software/electronica/arm/eclipsearm/sourcery-g++-lite-arm-2011.03/bin/../lib/gcc/arm-none-eabi/4.5.2/../../../../arm-none-eabi/lib\libc.a(lib_a-dtoa.o)
 .data          0x0c00a198       0x7c c:/software/electronica/arm/eclipsearm/sourcery-g++-lite-arm-2011.03/bin/../lib/gcc/arm-none-eabi/4.5.2/../../../../arm-none-eabi/lib\libc.a(lib_a-locale.o)
                0x0c00a1b8                __mb_cur_max
 .data          0x0c00a214      0x410 c:/software/electronica/arm/eclipsearm/sourcery-g++-lite-arm-2011.03/bin/../lib/gcc/arm-none-eabi/4.5.2/../../../../arm-none-eabi/lib\libc.a(lib_a-mallocr.o)
                0x0c00a214                __malloc_av_
                0x0c00a61c                __malloc_sbrk_base
                0x0c00a620                __malloc_trim_threshold
 .data          0x0c00a624        0x0 c:/software/electronica/arm/eclipsearm/sourcery-g++-lite-arm-2011.03/bin/../lib/gcc/arm-none-eabi/4.5.2/../../../../arm-none-eabi/lib\libc.a(lib_a-memchr.o)
 .data          0x0c00a624        0x0 c:/software/electronica/arm/eclipsearm/sourcery-g++-lite-arm-2011.03/bin/../lib/gcc/arm-none-eabi/4.5.2/../../../../arm-none-eabi/lib\libc.a(lib_a-memcpy.o)
 .data          0x0c00a624        0x0 c:/software/electronica/arm/eclipsearm/sourcery-g++-lite-arm-2011.03/bin/../lib/gcc/arm-none-eabi/4.5.2/../../../../arm-none-eabi/lib\libc.a(lib_a-mlock.o)
 .data          0x0c00a624        0x0 c:/software/electronica/arm/eclipsearm/sourcery-g++-lite-arm-2011.03/bin/../lib/gcc/arm-none-eabi/4.5.2/../../../../arm-none-eabi/lib\libc.a(lib_a-mprec.o)
 .data          0x0c00a624        0x0 c:/software/electronica/arm/eclipsearm/sourcery-g++-lite-arm-2011.03/bin/../lib/gcc/arm-none-eabi/4.5.2/../../../../arm-none-eabi/lib\libc.a(lib_a-s_fpclassify.o)
 .data          0x0c00a624        0x0 c:/software/electronica/arm/eclipsearm/sourcery-g++-lite-arm-2011.03/bin/../lib/gcc/arm-none-eabi/4.5.2/../../../../arm-none-eabi/lib\libc.a(lib_a-sbrkr.o)
 .data          0x0c00a624        0x0 c:/software/electronica/arm/eclipsearm/sourcery-g++-lite-arm-2011.03/bin/../lib/gcc/arm-none-eabi/4.5.2/../../../../arm-none-eabi/lib\libc.a(lib_a-strcmp.o)
 .data          0x0c00a624        0x0 c:/software/electronica/arm/eclipsearm/sourcery-g++-lite-arm-2011.03/bin/../lib/gcc/arm-none-eabi/4.5.2/../../../../arm-none-eabi/lib\libc.a(lib_a-strlen.o)
 .data          0x0c00a624        0x0 c:/software/electronica/arm/eclipsearm/sourcery-g++-lite-arm-2011.03/bin/../lib/gcc/arm-none-eabi/4.5.2/../../../../arm-none-eabi/lib\libc.a(lib_a-svfiprintf.o)
 .data          0x0c00a624        0x0 c:/software/electronica/arm/eclipsearm/sourcery-g++-lite-arm-2011.03/bin/../lib/gcc/arm-none-eabi/4.5.2/../../../../arm-none-eabi/lib\libc.a(lib_a-callocr.o)
 .data          0x0c00a624        0x0 c:/software/electronica/arm/eclipsearm/sourcery-g++-lite-arm-2011.03/bin/../lib/gcc/arm-none-eabi/4.5.2/../../../../arm-none-eabi/lib\libc.a(lib_a-freer.o)
 .data          0x0c00a624        0x0 c:/software/electronica/arm/eclipsearm/sourcery-g++-lite-arm-2011.03/bin/../lib/gcc/arm-none-eabi/4.5.2/../../../../arm-none-eabi/lib\libc.a(lib_a-memmove.o)
 .data          0x0c00a624        0x0 c:/software/electronica/arm/eclipsearm/sourcery-g++-lite-arm-2011.03/bin/../lib/gcc/arm-none-eabi/4.5.2/../../../../arm-none-eabi/lib\libc.a(lib_a-memset.o)
 .data          0x0c00a624        0x0 c:/software/electronica/arm/eclipsearm/sourcery-g++-lite-arm-2011.03/bin/../lib/gcc/arm-none-eabi/4.5.2/../../../../arm-none-eabi/lib\libc.a(lib_a-reallocr.o)
 .data          0x0c00a624        0x0 c:/software/electronica/arm/eclipsearm/sourcery-g++-lite-arm-2011.03/bin/../lib/gcc/arm-none-eabi/4.5.2/../../../../arm-none-eabi/lib\libc.a(lib_a-reent.o)
 .data          0x0c00a624        0x0 C:\software\electronica\ARM\EclipseARM\sourcery-g++-lite-arm-2011.03\lib\gcc\arm-none-eabi\4.5.2\libgcc.a(_udivsi3.o)
 .data          0x0c00a624        0x0 C:\software\electronica\ARM\EclipseARM\sourcery-g++-lite-arm-2011.03\lib\gcc\arm-none-eabi\4.5.2\libgcc.a(_divsi3.o)
 .data          0x0c00a624        0x0 C:\software\electronica\ARM\EclipseARM\sourcery-g++-lite-arm-2011.03\lib\gcc\arm-none-eabi\4.5.2\libgcc.a(_dvmd_tls.o)
 .data          0x0c00a624        0x0 C:\software\electronica\ARM\EclipseARM\sourcery-g++-lite-arm-2011.03\lib\gcc\arm-none-eabi\4.5.2\libgcc.a(_arm_addsubdf3.o)
 .data          0x0c00a624        0x0 C:\software\electronica\ARM\EclipseARM\sourcery-g++-lite-arm-2011.03\lib\gcc\arm-none-eabi\4.5.2\libgcc.a(_arm_muldivdf3.o)
 .data          0x0c00a624        0x0 C:\software\electronica\ARM\EclipseARM\sourcery-g++-lite-arm-2011.03\lib\gcc\arm-none-eabi\4.5.2\libgcc.a(_arm_cmpdf2.o)
 .data          0x0c00a624        0x0 C:\software\electronica\ARM\EclipseARM\sourcery-g++-lite-arm-2011.03\lib\gcc\arm-none-eabi\4.5.2\libgcc.a(_arm_fixdfsi.o)
 .data          0x0c00a624        0x0 C:\software\electronica\ARM\EclipseARM\sourcery-g++-lite-arm-2011.03\lib\gcc\arm-none-eabi\4.5.2\libgcc.a(_aeabi_uldivmod.o)
 .data          0x0c00a624        0x0 C:\software\electronica\ARM\EclipseARM\sourcery-g++-lite-arm-2011.03\lib\gcc\arm-none-eabi\4.5.2\libgcc.a(bpabi.o)
 .data          0x0c00a624        0x0 C:\software\electronica\ARM\EclipseARM\sourcery-g++-lite-arm-2011.03\lib\gcc\arm-none-eabi\4.5.2\libgcc.a(_divdi3.o)
 .data          0x0c00a624        0x0 C:\software\electronica\ARM\EclipseARM\sourcery-g++-lite-arm-2011.03\lib\gcc\arm-none-eabi\4.5.2\libgcc.a(_udivdi3.o)
 .data          0x0c00a624        0x0 C:\software\electronica\ARM\EclipseARM\sourcery-g++-lite-arm-2011.03\lib\gcc\arm-none-eabi\4.5.2\libgcc.a(_clzsi2.o)
 .data          0x0c00a624        0x0 c:/software/electronica/arm/eclipsearm/sourcery-g++-lite-arm-2011.03/bin/../lib/gcc/arm-none-eabi/4.5.2/../../../../arm-none-eabi/lib\libnosys.a(sbrk.o)

.rodata         0x0c00a628      0x170
 *(.rodata)
 .rodata        0x0c00a628        0x4 ./main.o
 .rodata        0x0c00a62c        0x4 c:/software/electronica/arm/eclipsearm/sourcery-g++-lite-arm-2011.03/bin/../lib/gcc/arm-none-eabi/4.5.2/../../../../arm-none-eabi/lib\libc.a(lib_a-impure.o)
                0x0c00a62c                _global_impure_ptr
 .rodata        0x0c00a630       0x20 c:/software/electronica/arm/eclipsearm/sourcery-g++-lite-arm-2011.03/bin/../lib/gcc/arm-none-eabi/4.5.2/../../../../arm-none-eabi/lib\libc.a(lib_a-svfprintf.o)
 .rodata        0x0c00a650      0x128 c:/software/electronica/arm/eclipsearm/sourcery-g++-lite-arm-2011.03/bin/../lib/gcc/arm-none-eabi/4.5.2/../../../../arm-none-eabi/lib\libc.a(lib_a-mprec.o)
                0x0c00a660                __mprec_tens
                0x0c00a728                __mprec_bigtens
                0x0c00a750                __mprec_tinytens
 .rodata        0x0c00a778       0x20 c:/software/electronica/arm/eclipsearm/sourcery-g++-lite-arm-2011.03/bin/../lib/gcc/arm-none-eabi/4.5.2/../../../../arm-none-eabi/lib\libc.a(lib_a-svfiprintf.o)
                0x0c00a798                Image_RW_Limit = .
                0x0c00a798                Image_ZI_Base = .

.rodata.str1.4  0x0c00a798       0x64
 .rodata.str1.4
                0x0c00a798        0x2 c:/software/electronica/arm/eclipsearm/sourcery-g++-lite-arm-2011.03/bin/../lib/gcc/arm-none-eabi/4.5.2/../../../../arm-none-eabi/lib\libc.a(lib_a-impure.o)
                                  0x4 (size before relaxing)
 *fill*         0x0c00a79a        0x2 00
 .rodata.str1.4
                0x0c00a79c       0x42 c:/software/electronica/arm/eclipsearm/sourcery-g++-lite-arm-2011.03/bin/../lib/gcc/arm-none-eabi/4.5.2/../../../../arm-none-eabi/lib\libc.a(lib_a-svfprintf.o)
                                 0x44 (size before relaxing)
 *fill*         0x0c00a7de        0x2 00
 .rodata.str1.4
                0x0c00a7e0       0x10 c:/software/electronica/arm/eclipsearm/sourcery-g++-lite-arm-2011.03/bin/../lib/gcc/arm-none-eabi/4.5.2/../../../../arm-none-eabi/lib\libc.a(lib_a-dtoa.o)
                                 0x14 (size before relaxing)
 .rodata.str1.4
                0x0c00a7f0        0xc c:/software/electronica/arm/eclipsearm/sourcery-g++-lite-arm-2011.03/bin/../lib/gcc/arm-none-eabi/4.5.2/../../../../arm-none-eabi/lib\libc.a(lib_a-locale.o)
                                 0x14 (size before relaxing)
 .rodata.str1.4
                0x00000000       0x30 c:/software/electronica/arm/eclipsearm/sourcery-g++-lite-arm-2011.03/bin/../lib/gcc/arm-none-eabi/4.5.2/../../../../arm-none-eabi/lib\libc.a(lib_a-svfiprintf.o)

.ARM.extab      0x0c00a7fc        0x0
 .ARM.extab     0x0c00a7fc        0x0 C:\software\electronica\ARM\EclipseARM\sourcery-g++-lite-arm-2011.03\lib\gcc\arm-none-eabi\4.5.2\libgcc.a(_divdi3.o)
 .ARM.extab     0x0c00a7fc        0x0 C:\software\electronica\ARM\EclipseARM\sourcery-g++-lite-arm-2011.03\lib\gcc\arm-none-eabi\4.5.2\libgcc.a(_udivdi3.o)

.ARM.exidx      0x0c00a7fc        0x8
 .ARM.exidx     0x0c00a7fc        0x8 C:\software\electronica\ARM\EclipseARM\sourcery-g++-lite-arm-2011.03\lib\gcc\arm-none-eabi\4.5.2\libgcc.a(_divdi3.o)
 .ARM.exidx     0x0c00a804        0x0 C:\software\electronica\ARM\EclipseARM\sourcery-g++-lite-arm-2011.03\lib\gcc\arm-none-eabi\4.5.2\libgcc.a(_udivdi3.o)
                                  0x8 (size before relaxing)

.bss            0x0c00a804      0x1cc
 *(.bss)
 .bss           0x0c00a804        0x0 ./commonUart/44binit.o
 .bss           0x0c00a804        0x4 ./commonUart/44blib.o
                0x0c00a804                restart
 .bss           0x0c00a808        0x0 ./main.o
 .bss           0x0c00a808       0x70 ./uart_int.o
 .bss           0x0c00a878        0x0 c:/software/electronica/arm/eclipsearm/sourcery-g++-lite-arm-2011.03/bin/../lib/gcc/arm-none-eabi/4.5.2/../../../../arm-none-eabi/lib\libc.a(lib_a-vsprintf.o)
 .bss           0x0c00a878        0x0 c:/software/electronica/arm/eclipsearm/sourcery-g++-lite-arm-2011.03/bin/../lib/gcc/arm-none-eabi/4.5.2/../../../../arm-none-eabi/lib\libc.a(lib_a-impure.o)
 .bss           0x0c00a878        0x0 c:/software/electronica/arm/eclipsearm/sourcery-g++-lite-arm-2011.03/bin/../lib/gcc/arm-none-eabi/4.5.2/../../../../arm-none-eabi/lib\libc.a(lib_a-svfprintf.o)
 .bss           0x0c00a878        0x0 c:/software/electronica/arm/eclipsearm/sourcery-g++-lite-arm-2011.03/bin/../lib/gcc/arm-none-eabi/4.5.2/../../../../arm-none-eabi/lib\libc.a(lib_a-dtoa.o)
 .bss           0x0c00a878        0xc c:/software/electronica/arm/eclipsearm/sourcery-g++-lite-arm-2011.03/bin/../lib/gcc/arm-none-eabi/4.5.2/../../../../arm-none-eabi/lib\libc.a(lib_a-locale.o)
                0x0c00a878                __nlocale_changed
                0x0c00a87c                __mlocale_changed
                0x0c00a880                _PathLocale
 .bss           0x0c00a884       0x34 c:/software/electronica/arm/eclipsearm/sourcery-g++-lite-arm-2011.03/bin/../lib/gcc/arm-none-eabi/4.5.2/../../../../arm-none-eabi/lib\libc.a(lib_a-mallocr.o)
                0x0c00a884                __malloc_top_pad
                0x0c00a888                __malloc_current_mallinfo
                0x0c00a8b0                __malloc_max_sbrked_mem
                0x0c00a8b4                __malloc_max_total_mem
 .bss           0x0c00a8b8        0x0 c:/software/electronica/arm/eclipsearm/sourcery-g++-lite-arm-2011.03/bin/../lib/gcc/arm-none-eabi/4.5.2/../../../../arm-none-eabi/lib\libc.a(lib_a-memchr.o)
 .bss           0x0c00a8b8        0x0 c:/software/electronica/arm/eclipsearm/sourcery-g++-lite-arm-2011.03/bin/../lib/gcc/arm-none-eabi/4.5.2/../../../../arm-none-eabi/lib\libc.a(lib_a-memcpy.o)
 .bss           0x0c00a8b8        0x0 c:/software/electronica/arm/eclipsearm/sourcery-g++-lite-arm-2011.03/bin/../lib/gcc/arm-none-eabi/4.5.2/../../../../arm-none-eabi/lib\libc.a(lib_a-mlock.o)
 .bss           0x0c00a8b8        0x0 c:/software/electronica/arm/eclipsearm/sourcery-g++-lite-arm-2011.03/bin/../lib/gcc/arm-none-eabi/4.5.2/../../../../arm-none-eabi/lib\libc.a(lib_a-mprec.o)
 .bss           0x0c00a8b8        0x0 c:/software/electronica/arm/eclipsearm/sourcery-g++-lite-arm-2011.03/bin/../lib/gcc/arm-none-eabi/4.5.2/../../../../arm-none-eabi/lib\libc.a(lib_a-s_fpclassify.o)
 .bss           0x0c00a8b8        0x0 c:/software/electronica/arm/eclipsearm/sourcery-g++-lite-arm-2011.03/bin/../lib/gcc/arm-none-eabi/4.5.2/../../../../arm-none-eabi/lib\libc.a(lib_a-sbrkr.o)
 .bss           0x0c00a8b8        0x0 c:/software/electronica/arm/eclipsearm/sourcery-g++-lite-arm-2011.03/bin/../lib/gcc/arm-none-eabi/4.5.2/../../../../arm-none-eabi/lib\libc.a(lib_a-strcmp.o)
 .bss           0x0c00a8b8        0x0 c:/software/electronica/arm/eclipsearm/sourcery-g++-lite-arm-2011.03/bin/../lib/gcc/arm-none-eabi/4.5.2/../../../../arm-none-eabi/lib\libc.a(lib_a-strlen.o)
 .bss           0x0c00a8b8        0x0 c:/software/electronica/arm/eclipsearm/sourcery-g++-lite-arm-2011.03/bin/../lib/gcc/arm-none-eabi/4.5.2/../../../../arm-none-eabi/lib\libc.a(lib_a-svfiprintf.o)
 .bss           0x0c00a8b8        0x0 c:/software/electronica/arm/eclipsearm/sourcery-g++-lite-arm-2011.03/bin/../lib/gcc/arm-none-eabi/4.5.2/../../../../arm-none-eabi/lib\libc.a(lib_a-callocr.o)
 .bss           0x0c00a8b8        0x0 c:/software/electronica/arm/eclipsearm/sourcery-g++-lite-arm-2011.03/bin/../lib/gcc/arm-none-eabi/4.5.2/../../../../arm-none-eabi/lib\libc.a(lib_a-freer.o)
 .bss           0x0c00a8b8        0x0 c:/software/electronica/arm/eclipsearm/sourcery-g++-lite-arm-2011.03/bin/../lib/gcc/arm-none-eabi/4.5.2/../../../../arm-none-eabi/lib\libc.a(lib_a-memmove.o)
 .bss           0x0c00a8b8        0x0 c:/software/electronica/arm/eclipsearm/sourcery-g++-lite-arm-2011.03/bin/../lib/gcc/arm-none-eabi/4.5.2/../../../../arm-none-eabi/lib\libc.a(lib_a-memset.o)
 .bss           0x0c00a8b8        0x0 c:/software/electronica/arm/eclipsearm/sourcery-g++-lite-arm-2011.03/bin/../lib/gcc/arm-none-eabi/4.5.2/../../../../arm-none-eabi/lib\libc.a(lib_a-reallocr.o)
 .bss           0x0c00a8b8        0x0 c:/software/electronica/arm/eclipsearm/sourcery-g++-lite-arm-2011.03/bin/../lib/gcc/arm-none-eabi/4.5.2/../../../../arm-none-eabi/lib\libc.a(lib_a-reent.o)
 .bss           0x0c00a8b8        0x0 C:\software\electronica\ARM\EclipseARM\sourcery-g++-lite-arm-2011.03\lib\gcc\arm-none-eabi\4.5.2\libgcc.a(_udivsi3.o)
 .bss           0x0c00a8b8        0x0 C:\software\electronica\ARM\EclipseARM\sourcery-g++-lite-arm-2011.03\lib\gcc\arm-none-eabi\4.5.2\libgcc.a(_divsi3.o)
 .bss           0x0c00a8b8        0x0 C:\software\electronica\ARM\EclipseARM\sourcery-g++-lite-arm-2011.03\lib\gcc\arm-none-eabi\4.5.2\libgcc.a(_dvmd_tls.o)
 .bss           0x0c00a8b8        0x0 C:\software\electronica\ARM\EclipseARM\sourcery-g++-lite-arm-2011.03\lib\gcc\arm-none-eabi\4.5.2\libgcc.a(_arm_addsubdf3.o)
 .bss           0x0c00a8b8        0x0 C:\software\electronica\ARM\EclipseARM\sourcery-g++-lite-arm-2011.03\lib\gcc\arm-none-eabi\4.5.2\libgcc.a(_arm_muldivdf3.o)
 .bss           0x0c00a8b8        0x0 C:\software\electronica\ARM\EclipseARM\sourcery-g++-lite-arm-2011.03\lib\gcc\arm-none-eabi\4.5.2\libgcc.a(_arm_cmpdf2.o)
 .bss           0x0c00a8b8        0x0 C:\software\electronica\ARM\EclipseARM\sourcery-g++-lite-arm-2011.03\lib\gcc\arm-none-eabi\4.5.2\libgcc.a(_arm_fixdfsi.o)
 .bss           0x0c00a8b8        0x0 C:\software\electronica\ARM\EclipseARM\sourcery-g++-lite-arm-2011.03\lib\gcc\arm-none-eabi\4.5.2\libgcc.a(_aeabi_uldivmod.o)
 .bss           0x0c00a8b8        0x0 C:\software\electronica\ARM\EclipseARM\sourcery-g++-lite-arm-2011.03\lib\gcc\arm-none-eabi\4.5.2\libgcc.a(bpabi.o)
 .bss           0x0c00a8b8        0x0 C:\software\electronica\ARM\EclipseARM\sourcery-g++-lite-arm-2011.03\lib\gcc\arm-none-eabi\4.5.2\libgcc.a(_divdi3.o)
 .bss           0x0c00a8b8        0x0 C:\software\electronica\ARM\EclipseARM\sourcery-g++-lite-arm-2011.03\lib\gcc\arm-none-eabi\4.5.2\libgcc.a(_udivdi3.o)
 .bss           0x0c00a8b8        0x0 C:\software\electronica\ARM\EclipseARM\sourcery-g++-lite-arm-2011.03\lib\gcc\arm-none-eabi\4.5.2\libgcc.a(_clzsi2.o)
 .bss           0x0c00a8b8        0x4 c:/software/electronica/arm/eclipsearm/sourcery-g++-lite-arm-2011.03/bin/../lib/gcc/arm-none-eabi/4.5.2/../../../../arm-none-eabi/lib\libnosys.a(sbrk.o)
 COMMON         0x0c00a8bc        0x8 ./commonUart/44blib.o
                0x0c00a8bc                fileSize
                0x0c00a8c0                downPt
 COMMON         0x0c00a8c4      0x100 ./main.o
                0x0c00a8c4                str
 COMMON         0x0c00a9c4        0x8 ./uart_int.o
                0x0c00a9c4                data1
                0x0c00a9c5                data2
                0x0c00a9c8                keyBufWrPt_new
 COMMON         0x0c00a9cc        0x4 c:/software/electronica/arm/eclipsearm/sourcery-g++-lite-arm-2011.03/bin/../lib/gcc/arm-none-eabi/4.5.2/../../../../arm-none-eabi/lib\libc.a(lib_a-reent.o)
                0x0c00a9cc                errno
                0x0c00a9d0                Image_ZI_Limit = .
                0x0c00a9d0                __bss_start__ = .
                0x0c00a9d0                __bss_end__ = .
                0x0c00a9d0                __EH_FRAME_BEGIN__ = .
                0x0c00a9d0                __EH_FRAME_END__ = .
                0x0c00a9d0                PROVIDE (__stack, .)
                0x0c00a9d0                end = .
                0x0c00a9d0                _end = .

.ARM.attributes
                0x00000000       0x2c
 .ARM.attributes
                0x00000000       0x22 ./commonUart/44binit.o
 .ARM.attributes
                0x00000022       0x32 ./commonUart/44blib.o
 .ARM.attributes
                0x00000054       0x32 ./main.o
 .ARM.attributes
                0x00000086       0x32 ./uart_int.o
 .ARM.attributes
                0x000000b8       0x34 c:/software/electronica/arm/eclipsearm/sourcery-g++-lite-arm-2011.03/bin/../lib/gcc/arm-none-eabi/4.5.2/../../../../arm-none-eabi/lib\libc.a(lib_a-vsprintf.o)
 .ARM.attributes
                0x000000ec       0x34 c:/software/electronica/arm/eclipsearm/sourcery-g++-lite-arm-2011.03/bin/../lib/gcc/arm-none-eabi/4.5.2/../../../../arm-none-eabi/lib\libc.a(lib_a-impure.o)
 .ARM.attributes
                0x00000120       0x34 c:/software/electronica/arm/eclipsearm/sourcery-g++-lite-arm-2011.03/bin/../lib/gcc/arm-none-eabi/4.5.2/../../../../arm-none-eabi/lib\libc.a(lib_a-svfprintf.o)
 .ARM.attributes
                0x00000154       0x34 c:/software/electronica/arm/eclipsearm/sourcery-g++-lite-arm-2011.03/bin/../lib/gcc/arm-none-eabi/4.5.2/../../../../arm-none-eabi/lib\libc.a(lib_a-dtoa.o)
 .ARM.attributes
                0x00000188       0x34 c:/software/electronica/arm/eclipsearm/sourcery-g++-lite-arm-2011.03/bin/../lib/gcc/arm-none-eabi/4.5.2/../../../../arm-none-eabi/lib\libc.a(lib_a-locale.o)
 .ARM.attributes
                0x000001bc       0x34 c:/software/electronica/arm/eclipsearm/sourcery-g++-lite-arm-2011.03/bin/../lib/gcc/arm-none-eabi/4.5.2/../../../../arm-none-eabi/lib\libc.a(lib_a-mallocr.o)
 .ARM.attributes
                0x000001f0       0x34 c:/software/electronica/arm/eclipsearm/sourcery-g++-lite-arm-2011.03/bin/../lib/gcc/arm-none-eabi/4.5.2/../../../../arm-none-eabi/lib\libc.a(lib_a-memchr.o)
 .ARM.attributes
                0x00000224       0x34 c:/software/electronica/arm/eclipsearm/sourcery-g++-lite-arm-2011.03/bin/../lib/gcc/arm-none-eabi/4.5.2/../../../../arm-none-eabi/lib\libc.a(lib_a-memcpy.o)
 .ARM.attributes
                0x00000258       0x34 c:/software/electronica/arm/eclipsearm/sourcery-g++-lite-arm-2011.03/bin/../lib/gcc/arm-none-eabi/4.5.2/../../../../arm-none-eabi/lib\libc.a(lib_a-mlock.o)
 .ARM.attributes
                0x0000028c       0x34 c:/software/electronica/arm/eclipsearm/sourcery-g++-lite-arm-2011.03/bin/../lib/gcc/arm-none-eabi/4.5.2/../../../../arm-none-eabi/lib\libc.a(lib_a-mprec.o)
 .ARM.attributes
                0x000002c0       0x34 c:/software/electronica/arm/eclipsearm/sourcery-g++-lite-arm-2011.03/bin/../lib/gcc/arm-none-eabi/4.5.2/../../../../arm-none-eabi/lib\libc.a(lib_a-s_fpclassify.o)
 .ARM.attributes
                0x000002f4       0x34 c:/software/electronica/arm/eclipsearm/sourcery-g++-lite-arm-2011.03/bin/../lib/gcc/arm-none-eabi/4.5.2/../../../../arm-none-eabi/lib\libc.a(lib_a-sbrkr.o)
 .ARM.attributes
                0x00000328       0x34 c:/software/electronica/arm/eclipsearm/sourcery-g++-lite-arm-2011.03/bin/../lib/gcc/arm-none-eabi/4.5.2/../../../../arm-none-eabi/lib\libc.a(lib_a-strcmp.o)
 .ARM.attributes
                0x0000035c       0x34 c:/software/electronica/arm/eclipsearm/sourcery-g++-lite-arm-2011.03/bin/../lib/gcc/arm-none-eabi/4.5.2/../../../../arm-none-eabi/lib\libc.a(lib_a-strlen.o)
 .ARM.attributes
                0x00000390       0x34 c:/software/electronica/arm/eclipsearm/sourcery-g++-lite-arm-2011.03/bin/../lib/gcc/arm-none-eabi/4.5.2/../../../../arm-none-eabi/lib\libc.a(lib_a-svfiprintf.o)
 .ARM.attributes
                0x000003c4       0x34 c:/software/electronica/arm/eclipsearm/sourcery-g++-lite-arm-2011.03/bin/../lib/gcc/arm-none-eabi/4.5.2/../../../../arm-none-eabi/lib\libc.a(lib_a-callocr.o)
 .ARM.attributes
                0x000003f8       0x34 c:/software/electronica/arm/eclipsearm/sourcery-g++-lite-arm-2011.03/bin/../lib/gcc/arm-none-eabi/4.5.2/../../../../arm-none-eabi/lib\libc.a(lib_a-freer.o)
 .ARM.attributes
                0x0000042c       0x34 c:/software/electronica/arm/eclipsearm/sourcery-g++-lite-arm-2011.03/bin/../lib/gcc/arm-none-eabi/4.5.2/../../../../arm-none-eabi/lib\libc.a(lib_a-memmove.o)
 .ARM.attributes
                0x00000460       0x34 c:/software/electronica/arm/eclipsearm/sourcery-g++-lite-arm-2011.03/bin/../lib/gcc/arm-none-eabi/4.5.2/../../../../arm-none-eabi/lib\libc.a(lib_a-memset.o)
 .ARM.attributes
                0x00000494       0x34 c:/software/electronica/arm/eclipsearm/sourcery-g++-lite-arm-2011.03/bin/../lib/gcc/arm-none-eabi/4.5.2/../../../../arm-none-eabi/lib\libc.a(lib_a-reallocr.o)
 .ARM.attributes
                0x000004c8       0x34 c:/software/electronica/arm/eclipsearm/sourcery-g++-lite-arm-2011.03/bin/../lib/gcc/arm-none-eabi/4.5.2/../../../../arm-none-eabi/lib\libc.a(lib_a-reent.o)
 .ARM.attributes
                0x000004fc       0x1a C:\software\electronica\ARM\EclipseARM\sourcery-g++-lite-arm-2011.03\lib\gcc\arm-none-eabi\4.5.2\libgcc.a(_udivsi3.o)
 .ARM.attributes
                0x00000516       0x1a C:\software\electronica\ARM\EclipseARM\sourcery-g++-lite-arm-2011.03\lib\gcc\arm-none-eabi\4.5.2\libgcc.a(_divsi3.o)
 .ARM.attributes
                0x00000530       0x18 C:\software\electronica\ARM\EclipseARM\sourcery-g++-lite-arm-2011.03\lib\gcc\arm-none-eabi\4.5.2\libgcc.a(_dvmd_tls.o)
 .ARM.attributes
                0x00000548       0x1a C:\software\electronica\ARM\EclipseARM\sourcery-g++-lite-arm-2011.03\lib\gcc\arm-none-eabi\4.5.2\libgcc.a(_arm_addsubdf3.o)
 .ARM.attributes
                0x00000562       0x1a C:\software\electronica\ARM\EclipseARM\sourcery-g++-lite-arm-2011.03\lib\gcc\arm-none-eabi\4.5.2\libgcc.a(_arm_muldivdf3.o)
 .ARM.attributes
                0x0000057c       0x1a C:\software\electronica\ARM\EclipseARM\sourcery-g++-lite-arm-2011.03\lib\gcc\arm-none-eabi\4.5.2\libgcc.a(_arm_cmpdf2.o)
 .ARM.attributes
                0x00000596       0x1a C:\software\electronica\ARM\EclipseARM\sourcery-g++-lite-arm-2011.03\lib\gcc\arm-none-eabi\4.5.2\libgcc.a(_arm_fixdfsi.o)
 .ARM.attributes
                0x000005b0       0x1a C:\software\electronica\ARM\EclipseARM\sourcery-g++-lite-arm-2011.03\lib\gcc\arm-none-eabi\4.5.2\libgcc.a(_aeabi_uldivmod.o)
 .ARM.attributes
                0x000005ca       0x34 C:\software\electronica\ARM\EclipseARM\sourcery-g++-lite-arm-2011.03\lib\gcc\arm-none-eabi\4.5.2\libgcc.a(bpabi.o)
 .ARM.attributes
                0x000005fe       0x34 C:\software\electronica\ARM\EclipseARM\sourcery-g++-lite-arm-2011.03\lib\gcc\arm-none-eabi\4.5.2\libgcc.a(_divdi3.o)
 .ARM.attributes
                0x00000632       0x34 C:\software\electronica\ARM\EclipseARM\sourcery-g++-lite-arm-2011.03\lib\gcc\arm-none-eabi\4.5.2\libgcc.a(_udivdi3.o)
 .ARM.attributes
                0x00000666       0x1a C:\software\electronica\ARM\EclipseARM\sourcery-g++-lite-arm-2011.03\lib\gcc\arm-none-eabi\4.5.2\libgcc.a(_clzsi2.o)
 .ARM.attributes
                0x00000680       0x30 c:/software/electronica/arm/eclipsearm/sourcery-g++-lite-arm-2011.03/bin/../lib/gcc/arm-none-eabi/4.5.2/../../../../arm-none-eabi/lib\libnosys.a(sbrk.o)

.comment        0x00000000       0x3b
 .comment       0x00000000       0x2a ./commonUart/44blib.o
                                 0x2b (size before relaxing)
 .comment       0x00000000       0x2b ./main.o
 .comment       0x00000000       0x2b ./uart_int.o
 .comment       0x0000002a       0x11 c:/software/electronica/arm/eclipsearm/sourcery-g++-lite-arm-2011.03/bin/../lib/gcc/arm-none-eabi/4.5.2/../../../../arm-none-eabi/lib\libnosys.a(sbrk.o)
                                 0x12 (size before relaxing)

.debug_info     0x00000000      0x77a
 *(.debug_info)
 .debug_info    0x00000000       0x60 ./commonUart/44binit.o
 .debug_info    0x00000060      0x229 ./commonUart/44blib.o
 .debug_info    0x00000289       0xfe ./main.o
 .debug_info    0x00000387      0x353 ./uart_int.o
 .debug_info    0x000006da       0xa0 c:/software/electronica/arm/eclipsearm/sourcery-g++-lite-arm-2011.03/bin/../lib/gcc/arm-none-eabi/4.5.2/../../../../arm-none-eabi/lib\libnosys.a(sbrk.o)

.debug_line     0x00000000      0x9b8
 *(.debug_line)
 .debug_line    0x00000000      0x118 ./commonUart/44binit.o
 .debug_line    0x00000118      0x3d7 ./commonUart/44blib.o
 .debug_line    0x000004ef       0x9d ./main.o
 .debug_line    0x0000058c      0x3c9 ./uart_int.o
 .debug_line    0x00000955       0x63 c:/software/electronica/arm/eclipsearm/sourcery-g++-lite-arm-2011.03/bin/../lib/gcc/arm-none-eabi/4.5.2/../../../../arm-none-eabi/lib\libnosys.a(sbrk.o)

.debug_abbrev   0x00000000      0x3a0
 *(.debug_abbrev)
 .debug_abbrev  0x00000000       0x14 ./commonUart/44binit.o
 .debug_abbrev  0x00000014      0x11f ./commonUart/44blib.o
 .debug_abbrev  0x00000133       0xb3 ./main.o
 .debug_abbrev  0x000001e6      0x137 ./uart_int.o
 .debug_abbrev  0x0000031d       0x83 c:/software/electronica/arm/eclipsearm/sourcery-g++-lite-arm-2011.03/bin/../lib/gcc/arm-none-eabi/4.5.2/../../../../arm-none-eabi/lib\libnosys.a(sbrk.o)

.debug_frame    0x00000000      0xa8c
 *(.debug_frame)
 .debug_frame   0x00000000       0xd0 ./commonUart/44blib.o
 .debug_frame   0x000000d0       0x30 ./main.o
 .debug_frame   0x00000100      0x17c ./uart_int.o
 .debug_frame   0x0000027c       0x44 c:/software/electronica/arm/eclipsearm/sourcery-g++-lite-arm-2011.03/bin/../lib/gcc/arm-none-eabi/4.5.2/../../../../arm-none-eabi/lib\libc.a(lib_a-vsprintf.o)
 .debug_frame   0x000002c0       0x3c c:/software/electronica/arm/eclipsearm/sourcery-g++-lite-arm-2011.03/bin/../lib/gcc/arm-none-eabi/4.5.2/../../../../arm-none-eabi/lib\libc.a(lib_a-svfprintf.o)
 .debug_frame   0x000002fc       0x64 c:/software/electronica/arm/eclipsearm/sourcery-g++-lite-arm-2011.03/bin/../lib/gcc/arm-none-eabi/4.5.2/../../../../arm-none-eabi/lib\libc.a(lib_a-dtoa.o)
 .debug_frame   0x00000360       0x98 c:/software/electronica/arm/eclipsearm/sourcery-g++-lite-arm-2011.03/bin/../lib/gcc/arm-none-eabi/4.5.2/../../../../arm-none-eabi/lib\libc.a(lib_a-locale.o)
 .debug_frame   0x000003f8       0x3c c:/software/electronica/arm/eclipsearm/sourcery-g++-lite-arm-2011.03/bin/../lib/gcc/arm-none-eabi/4.5.2/../../../../arm-none-eabi/lib\libc.a(lib_a-mallocr.o)
 .debug_frame   0x00000434       0x2c c:/software/electronica/arm/eclipsearm/sourcery-g++-lite-arm-2011.03/bin/../lib/gcc/arm-none-eabi/4.5.2/../../../../arm-none-eabi/lib\libc.a(lib_a-memchr.o)
 .debug_frame   0x00000460       0x30 c:/software/electronica/arm/eclipsearm/sourcery-g++-lite-arm-2011.03/bin/../lib/gcc/arm-none-eabi/4.5.2/../../../../arm-none-eabi/lib\libc.a(lib_a-memcpy.o)
 .debug_frame   0x00000490       0x30 c:/software/electronica/arm/eclipsearm/sourcery-g++-lite-arm-2011.03/bin/../lib/gcc/arm-none-eabi/4.5.2/../../../../arm-none-eabi/lib\libc.a(lib_a-mlock.o)
 .debug_frame   0x000004c0      0x228 c:/software/electronica/arm/eclipsearm/sourcery-g++-lite-arm-2011.03/bin/../lib/gcc/arm-none-eabi/4.5.2/../../../../arm-none-eabi/lib\libc.a(lib_a-mprec.o)
 .debug_frame   0x000006e8       0x28 c:/software/electronica/arm/eclipsearm/sourcery-g++-lite-arm-2011.03/bin/../lib/gcc/arm-none-eabi/4.5.2/../../../../arm-none-eabi/lib\libc.a(lib_a-s_fpclassify.o)
 .debug_frame   0x00000710       0x2c c:/software/electronica/arm/eclipsearm/sourcery-g++-lite-arm-2011.03/bin/../lib/gcc/arm-none-eabi/4.5.2/../../../../arm-none-eabi/lib\libc.a(lib_a-sbrkr.o)
 .debug_frame   0x0000073c       0x30 c:/software/electronica/arm/eclipsearm/sourcery-g++-lite-arm-2011.03/bin/../lib/gcc/arm-none-eabi/4.5.2/../../../../arm-none-eabi/lib\libc.a(lib_a-strcmp.o)
 .debug_frame   0x0000076c       0x20 c:/software/electronica/arm/eclipsearm/sourcery-g++-lite-arm-2011.03/bin/../lib/gcc/arm-none-eabi/4.5.2/../../../../arm-none-eabi/lib\libc.a(lib_a-strlen.o)
 .debug_frame   0x0000078c       0x68 c:/software/electronica/arm/eclipsearm/sourcery-g++-lite-arm-2011.03/bin/../lib/gcc/arm-none-eabi/4.5.2/../../../../arm-none-eabi/lib\libc.a(lib_a-svfiprintf.o)
 .debug_frame   0x000007f4       0x28 c:/software/electronica/arm/eclipsearm/sourcery-g++-lite-arm-2011.03/bin/../lib/gcc/arm-none-eabi/4.5.2/../../../../arm-none-eabi/lib\libc.a(lib_a-callocr.o)
 .debug_frame   0x0000081c       0x50 c:/software/electronica/arm/eclipsearm/sourcery-g++-lite-arm-2011.03/bin/../lib/gcc/arm-none-eabi/4.5.2/../../../../arm-none-eabi/lib\libc.a(lib_a-freer.o)
 .debug_frame   0x0000086c       0x2c c:/software/electronica/arm/eclipsearm/sourcery-g++-lite-arm-2011.03/bin/../lib/gcc/arm-none-eabi/4.5.2/../../../../arm-none-eabi/lib\libc.a(lib_a-memmove.o)
 .debug_frame   0x00000898       0x28 c:/software/electronica/arm/eclipsearm/sourcery-g++-lite-arm-2011.03/bin/../lib/gcc/arm-none-eabi/4.5.2/../../../../arm-none-eabi/lib\libc.a(lib_a-memset.o)
 .debug_frame   0x000008c0       0x3c c:/software/electronica/arm/eclipsearm/sourcery-g++-lite-arm-2011.03/bin/../lib/gcc/arm-none-eabi/4.5.2/../../../../arm-none-eabi/lib\libc.a(lib_a-reallocr.o)
 .debug_frame   0x000008fc       0x68 c:/software/electronica/arm/eclipsearm/sourcery-g++-lite-arm-2011.03/bin/../lib/gcc/arm-none-eabi/4.5.2/../../../../arm-none-eabi/lib\libc.a(lib_a-reent.o)
 .debug_frame   0x00000964       0x20 C:\software\electronica\ARM\EclipseARM\sourcery-g++-lite-arm-2011.03\lib\gcc\arm-none-eabi\4.5.2\libgcc.a(_udivsi3.o)
 .debug_frame   0x00000984       0x20 C:\software\electronica\ARM\EclipseARM\sourcery-g++-lite-arm-2011.03\lib\gcc\arm-none-eabi\4.5.2\libgcc.a(_divsi3.o)
 .debug_frame   0x000009a4       0x50 C:\software\electronica\ARM\EclipseARM\sourcery-g++-lite-arm-2011.03\lib\gcc\arm-none-eabi\4.5.2\libgcc.a(bpabi.o)
 .debug_frame   0x000009f4       0x3c C:\software\electronica\ARM\EclipseARM\sourcery-g++-lite-arm-2011.03\lib\gcc\arm-none-eabi\4.5.2\libgcc.a(_divdi3.o)
 .debug_frame   0x00000a30       0x3c C:\software\electronica\ARM\EclipseARM\sourcery-g++-lite-arm-2011.03\lib\gcc\arm-none-eabi\4.5.2\libgcc.a(_udivdi3.o)
 .debug_frame   0x00000a6c       0x20 c:/software/electronica/arm/eclipsearm/sourcery-g++-lite-arm-2011.03/bin/../lib/gcc/arm-none-eabi/4.5.2/../../../../arm-none-eabi/lib\libnosys.a(sbrk.o)
START GROUP
LOAD C:\software\electronica\ARM\EclipseARM\sourcery-g++-lite-arm-2011.03\lib\gcc\arm-none-eabi\4.5.2\libgcc.a
LOAD c:/software/electronica/arm/eclipsearm/sourcery-g++-lite-arm-2011.03/bin/../lib/gcc/arm-none-eabi/4.5.2/../../../../arm-none-eabi/lib\libg.a
LOAD c:/software/electronica/arm/eclipsearm/sourcery-g++-lite-arm-2011.03/bin/../lib/gcc/arm-none-eabi/4.5.2/../../../../arm-none-eabi/lib\libc.a
LOAD c:/software/electronica/arm/eclipsearm/sourcery-g++-lite-arm-2011.03/bin/../lib/gcc/arm-none-eabi/4.5.2/../../../../arm-none-eabi/lib\libm.a
LOAD c:/software/electronica/arm/eclipsearm/sourcery-g++-lite-arm-2011.03/bin/../lib/gcc/arm-none-eabi/4.5.2/../../../../arm-none-eabi/lib\libnosys.a
END GROUP
OUTPUT(Pr4.elf elf32-littlearm)

.debug_aranges  0x00000000       0xa0
 .debug_aranges
                0x00000000       0x20 ./commonUart/44binit.o
 .debug_aranges
                0x00000020       0x20 ./commonUart/44blib.o
 .debug_aranges
                0x00000040       0x20 ./main.o
 .debug_aranges
                0x00000060       0x20 ./uart_int.o
 .debug_aranges
                0x00000080       0x20 c:/software/electronica/arm/eclipsearm/sourcery-g++-lite-arm-2011.03/bin/../lib/gcc/arm-none-eabi/4.5.2/../../../../arm-none-eabi/lib\libnosys.a(sbrk.o)

.debug_macinfo  0x00000000    0x14eab
 .debug_macinfo
                0x00000000     0x82fb ./commonUart/44blib.o
 .debug_macinfo
                0x000082fb     0x50d3 ./main.o
 .debug_macinfo
                0x0000d3ce     0x7add ./uart_int.o

.debug_loc      0x00000000      0x30d
 .debug_loc     0x00000000      0x108 ./commonUart/44blib.o
 .debug_loc     0x00000108       0x2c ./main.o
 .debug_loc     0x00000134      0x1b8 ./uart_int.o
 .debug_loc     0x000002ec       0x21 c:/software/electronica/arm/eclipsearm/sourcery-g++-lite-arm-2011.03/bin/../lib/gcc/arm-none-eabi/4.5.2/../../../../arm-none-eabi/lib\libnosys.a(sbrk.o)

.debug_pubnames
                0x00000000      0x1b8
 .debug_pubnames
                0x00000000       0x90 ./commonUart/44blib.o
 .debug_pubnames
                0x00000090       0x3e ./main.o
 .debug_pubnames
                0x000000ce       0xea ./uart_int.o

.debug_pubtypes
                0x00000000       0x51
 .debug_pubtypes
                0x00000000       0x12 ./commonUart/44blib.o
 .debug_pubtypes
                0x00000012       0x3f ./uart_int.o

.debug_str      0x00000000      0x2f5
 .debug_str     0x00000000      0x11a ./commonUart/44blib.o
                                0x158 (size before relaxing)
 .debug_str     0x0000011a       0x29 ./main.o
                                 0x64 (size before relaxing)
 .debug_str     0x00000143      0x114 ./uart_int.o
                                0x1ce (size before relaxing)
 .debug_str     0x00000257       0x9e c:/software/electronica/arm/eclipsearm/sourcery-g++-lite-arm-2011.03/bin/../lib/gcc/arm-none-eabi/4.5.2/../../../../arm-none-eabi/lib\libnosys.a(sbrk.o)
                                 0xac (size before relaxing)
