Archive member included because of file (symbol)

c:/software/electronica/arm/eclipsearm/sourcery-g++-lite-arm-2011.03/bin/../lib/gcc/arm-none-eabi/4.5.2\libgcc.a(_divsi3.o)
                              ./commonEclipse/44blib.o (__aeabi_idiv)
c:/software/electronica/arm/eclipsearm/sourcery-g++-lite-arm-2011.03/bin/../lib/gcc/arm-none-eabi/4.5.2\libgcc.a(_dvmd_tls.o)
                              c:/software/electronica/arm/eclipsearm/sourcery-g++-lite-arm-2011.03/bin/../lib/gcc/arm-none-eabi/4.5.2\libgcc.a(_divsi3.o) (__aeabi_idiv0)

Allocating common symbols
Common symbol       size              file

led_state           0x4               ./led.o
fileSize            0x4               ./commonEclipse/44blib.o
symbol              0x4               ./button.o
which_int           0x4               ./button.o
downPt              0x4               ./commonEclipse/44blib.o

Memory Configuration

Name             Origin             Length             Attributes
*default*        0x00000000         0xffffffff

Linker script and memory map

LOAD ./commonEclipse/44binit.o
LOAD ./commonEclipse/44blib.o
LOAD ./8led.o
LOAD ./button.o
LOAD ./init.o
LOAD ./led.o
LOAD ./main.o
START GROUP
LOAD c:/software/electronica/arm/eclipsearm/sourcery-g++-lite-arm-2011.03/bin/../lib/gcc/arm-none-eabi/4.5.2\libgcc.a
LOAD c:/software/electronica/arm/eclipsearm/sourcery-g++-lite-arm-2011.03/bin/../lib/gcc/arm-none-eabi/4.5.2/../../../../arm-none-eabi/lib\libc.a
END GROUP
                0x0c000000                . = 0xc000000
                0x0c000000                Image_RO_Base = .

.text           0x0c000000     0x1248
 *(.text)
 .text          0x0c000000      0x70c ./commonEclipse/44binit.o
 .text          0x0c00070c      0x45c ./commonEclipse/44blib.o
                0x0c00070c                Delay
                0x0c000844                DelayMs
                0x0c0008a8                Port_Init
                0x0c000a38                malloc
                0x0c000ad8                free
                0x0c000b08                sys_init
 .text          0x0c000b68       0x54 ./8led.o
                0x0c000b68                D8Led_init
                0x0c000b80                D8Led_symbol
 .text          0x0c000bbc      0x2d0 ./button.o
                0x0c000bbc                Eint4567_init
                0x0c000c94                init_buttons
                0x0c000d00                pulsa
                0x0c000d54                Eint4567_ISR
 .text          0x0c000e8c       0x1c ./init.o
                0x0c000e8c                start
 .text          0x0c000ea8      0x230 ./led.o
                0x0c000ea8                leds_on
                0x0c000ec8                leds_off
                0x0c000ee8                led1_on
                0x0c000f28                led1_off
                0x0c000f68                led2_on
                0x0c000fa8                led2_off
                0x0c000fe8                leds_switch
                0x0c001028                Led_Display
 .text          0x0c0010d8       0x24 ./main.o
                0x0c0010d8                Main
 .text          0x0c0010fc      0x148 c:/software/electronica/arm/eclipsearm/sourcery-g++-lite-arm-2011.03/bin/../lib/gcc/arm-none-eabi/4.5.2\libgcc.a(_divsi3.o)
                0x0c0010fc                __divsi3
                0x0c0010fc                __aeabi_idiv
                0x0c001224                __aeabi_idivmod
 .text          0x0c001244        0x4 c:/software/electronica/arm/eclipsearm/sourcery-g++-lite-arm-2011.03/bin/../lib/gcc/arm-none-eabi/4.5.2\libgcc.a(_dvmd_tls.o)
                0x0c001244                __aeabi_idiv0
                0x0c001244                __aeabi_ldiv0
                0x0c001248                Image_RO_Limit = .
                0x0c001248                Image_RW_Base = .

.glue_7         0x0c001248        0x0
 .glue_7        0x00000000        0x0 linker stubs

.glue_7t        0x0c001248        0x0
 .glue_7t       0x00000000        0x0 linker stubs

.vfp11_veneer   0x0c001248        0x0
 .vfp11_veneer  0x00000000        0x0 linker stubs

.v4_bx          0x0c001248        0x0
 .v4_bx         0x00000000        0x0 linker stubs

.data           0x0c001248       0x54
 *(.data)
 .data          0x0c001248        0x6 ./commonEclipse/44binit.o
                0x0c001248                BDRAMTYPE
 *fill*         0x0c00124e        0x2 00
 .data          0x0c001250        0xc ./commonEclipse/44blib.o
                0x0c001250                mallocPt
                0x0c001254                run
 .data          0x0c00125c       0x40 ./8led.o
                0x0c00125c                Symbol
 .data          0x0c00129c        0x0 ./button.o
 .data          0x0c00129c        0x0 ./init.o
 .data          0x0c00129c        0x0 ./led.o
 .data          0x0c00129c        0x0 ./main.o
 .data          0x0c00129c        0x0 c:/software/electronica/arm/eclipsearm/sourcery-g++-lite-arm-2011.03/bin/../lib/gcc/arm-none-eabi/4.5.2\libgcc.a(_divsi3.o)
 .data          0x0c00129c        0x0 c:/software/electronica/arm/eclipsearm/sourcery-g++-lite-arm-2011.03/bin/../lib/gcc/arm-none-eabi/4.5.2\libgcc.a(_dvmd_tls.o)

.rodata
 *(.rodata)
                0x0c00129c                Image_RW_Limit = .
                0x0c00129c                Image_ZI_Base = .

.bss            0x0c00129c       0x18
 *(.bss)
 .bss           0x0c00129c        0x0 ./commonEclipse/44binit.o
 .bss           0x0c00129c        0x4 ./commonEclipse/44blib.o
                0x0c00129c                restart
 .bss           0x0c0012a0        0x0 ./8led.o
 .bss           0x0c0012a0        0x0 ./button.o
 .bss           0x0c0012a0        0x0 ./init.o
 .bss           0x0c0012a0        0x0 ./led.o
 .bss           0x0c0012a0        0x0 ./main.o
 .bss           0x0c0012a0        0x0 c:/software/electronica/arm/eclipsearm/sourcery-g++-lite-arm-2011.03/bin/../lib/gcc/arm-none-eabi/4.5.2\libgcc.a(_divsi3.o)
 .bss           0x0c0012a0        0x0 c:/software/electronica/arm/eclipsearm/sourcery-g++-lite-arm-2011.03/bin/../lib/gcc/arm-none-eabi/4.5.2\libgcc.a(_dvmd_tls.o)
 COMMON         0x0c0012a0        0x8 ./commonEclipse/44blib.o
                0x0c0012a0                fileSize
                0x0c0012a4                downPt
 COMMON         0x0c0012a8        0x8 ./button.o
                0x0c0012a8                symbol
                0x0c0012ac                which_int
 COMMON         0x0c0012b0        0x4 ./led.o
                0x0c0012b0                led_state
                0x0c0012b4                Image_ZI_Limit = .
                0x0c0012b4                __bss_start__ = .
                0x0c0012b4                __bss_end__ = .
                0x0c0012b4                __EH_FRAME_BEGIN__ = .
                0x0c0012b4                __EH_FRAME_END__ = .
                0x0c0012b4                PROVIDE (__stack, .)
                0x0c0012b4                end = .
                0x0c0012b4                _end = .

.ARM.attributes
                0x00000000       0x2e
 .ARM.attributes
                0x00000000       0x22 ./commonEclipse/44binit.o
 .ARM.attributes
                0x00000022       0x32 ./commonEclipse/44blib.o
 .ARM.attributes
                0x00000054       0x32 ./8led.o
 .ARM.attributes
                0x00000086       0x32 ./button.o
 .ARM.attributes
                0x000000b8       0x22 ./init.o
 .ARM.attributes
                0x000000da       0x32 ./led.o
 .ARM.attributes
                0x0000010c       0x32 ./main.o
 .ARM.attributes
                0x0000013e       0x1a c:/software/electronica/arm/eclipsearm/sourcery-g++-lite-arm-2011.03/bin/../lib/gcc/arm-none-eabi/4.5.2\libgcc.a(_divsi3.o)
 .ARM.attributes
                0x00000158       0x18 c:/software/electronica/arm/eclipsearm/sourcery-g++-lite-arm-2011.03/bin/../lib/gcc/arm-none-eabi/4.5.2\libgcc.a(_dvmd_tls.o)

.comment        0x00000000       0x2a
 .comment       0x00000000       0x2a ./commonEclipse/44blib.o
                                 0x2b (size before relaxing)
 .comment       0x00000000       0x2b ./8led.o
 .comment       0x00000000       0x2b ./button.o
 .comment       0x00000000       0x2b ./led.o
 .comment       0x00000000       0x2b ./main.o

.debug_info     0x00000000      0x5d8
 *(.debug_info)
 .debug_info    0x00000000       0x5a ./commonEclipse/44binit.o
 .debug_info    0x0000005a      0x229 ./commonEclipse/44blib.o
 .debug_info    0x00000283       0xa4 ./8led.o
 .debug_info    0x00000327       0xd8 ./button.o
 .debug_info    0x000003ff       0x49 ./init.o
 .debug_info    0x00000448      0x104 ./led.o
 .debug_info    0x0000054c       0x8c ./main.o

.debug_line     0x00000000      0xa62
 *(.debug_line)
 .debug_line    0x00000000      0x116 ./commonEclipse/44binit.o
 .debug_line    0x00000116      0x3d9 ./commonEclipse/44blib.o
 .debug_line    0x000004ef       0x7a ./8led.o
 .debug_line    0x00000569       0xc7 ./button.o
 .debug_line    0x00000630       0x3d ./init.o
 .debug_line    0x0000066d       0x97 ./led.o
 .debug_line    0x00000704      0x35e ./main.o

.debug_abbrev   0x00000000      0x330
 *(.debug_abbrev)
 .debug_abbrev  0x00000000       0x14 ./commonEclipse/44binit.o
 .debug_abbrev  0x00000014      0x11f ./commonEclipse/44blib.o
 .debug_abbrev  0x00000133       0x9b ./8led.o
 .debug_abbrev  0x000001ce       0x91 ./button.o
 .debug_abbrev  0x0000025f       0x14 ./init.o
 .debug_abbrev  0x00000273       0x7c ./led.o
 .debug_abbrev  0x000002ef       0x41 ./main.o

.debug_frame    0x00000000      0x31c
 *(.debug_frame)
 .debug_frame   0x00000000       0xd0 ./commonEclipse/44blib.o
 .debug_frame   0x000000d0       0x50 ./8led.o
 .debug_frame   0x00000120       0x9c ./button.o
 .debug_frame   0x000001bc      0x110 ./led.o
 .debug_frame   0x000002cc       0x30 ./main.o
 .debug_frame   0x000002fc       0x20 c:/software/electronica/arm/eclipsearm/sourcery-g++-lite-arm-2011.03/bin/../lib/gcc/arm-none-eabi/4.5.2\libgcc.a(_divsi3.o)
OUTPUT(pr1.elf elf32-littlearm)

.debug_aranges  0x00000000       0xe0
 .debug_aranges
                0x00000000       0x20 ./commonEclipse/44binit.o
 .debug_aranges
                0x00000020       0x20 ./commonEclipse/44blib.o
 .debug_aranges
                0x00000040       0x20 ./8led.o
 .debug_aranges
                0x00000060       0x20 ./button.o
 .debug_aranges
                0x00000080       0x20 ./init.o
 .debug_aranges
                0x000000a0       0x20 ./led.o
 .debug_aranges
                0x000000c0       0x20 ./main.o

.debug_macinfo  0x00000000    0x1f602
 .debug_macinfo
                0x00000000     0x82fb ./commonEclipse/44blib.o
 .debug_macinfo
                0x000082fb     0x5567 ./8led.o
 .debug_macinfo
                0x0000d862     0x5227 ./button.o
 .debug_macinfo
                0x00012a89     0x50a3 ./led.o
 .debug_macinfo
                0x00017b2c     0x7ad6 ./main.o

.debug_loc      0x00000000      0x39c
 .debug_loc     0x00000000      0x108 ./commonEclipse/44blib.o
 .debug_loc     0x00000108       0x58 ./8led.o
 .debug_loc     0x00000160       0xb0 ./button.o
 .debug_loc     0x00000210      0x160 ./led.o
 .debug_loc     0x00000370       0x2c ./main.o

.debug_pubnames
                0x00000000      0x1dc
 .debug_pubnames
                0x00000000       0x90 ./commonEclipse/44blib.o
 .debug_pubnames
                0x00000090       0x3d ./8led.o
 .debug_pubnames
                0x000000cd       0x69 ./button.o
 .debug_pubnames
                0x00000136       0x8b ./led.o
 .debug_pubnames
                0x000001c1       0x1b ./main.o

.debug_pubtypes
                0x00000000       0x24
 .debug_pubtypes
                0x00000000       0x12 ./commonEclipse/44blib.o
 .debug_pubtypes
                0x00000012       0x12 ./main.o

.debug_str      0x00000000      0x206
 .debug_str     0x00000000      0x114 ./commonEclipse/44blib.o
                                0x152 (size before relaxing)
 .debug_str     0x00000114       0x2f ./8led.o
                                 0x5c (size before relaxing)
 .debug_str     0x00000143       0x4c ./button.o
                                 0x73 (size before relaxing)
 .debug_str     0x0000018f       0x68 ./led.o
                                 0x88 (size before relaxing)
 .debug_str     0x000001f7        0xf ./main.o
                                 0xb8 (size before relaxing)
